<html>
<body>
<pre>
<h1>礦ision Build Log</h1>
<h2>Tool Versions:</h2>
IDE-Version: μVision V5.24.2.0
Copyright (C) 2017 ARM Ltd and ARM Germany GmbH. All rights reserved.
License Information: hi YM, gg, LIC=65ISZ-J9FDJ-WFJI7-EJWK3-YESB5-FJHTK
 
Tool Versions:
Toolchain:       MDK-ARM Plus  Version: 5.24.1
Toolchain Path:  D:\KEIL MDK\ARM\ARMCC\Bin
C Compiler:      Armcc.exe V5.06 update 5 (build 528)
Assembler:       Armasm.exe V5.06 update 5 (build 528)
Linker/Locator:  ArmLink.exe V5.06 update 5 (build 528)
Library Manager: ArmAr.exe V5.06 update 5 (build 528)
Hex Converter:   FromElf.exe V5.06 update 5 (build 528)
CPU DLL:         SARMCM3.DLL V5.24.1
Dialog DLL:      DCM.DLL V1.16.0.0
Target DLL:      STLink\ST-LINKIII-KEIL_SWO.dll V3.0.1.0
Dialog DLL:      TCM.DLL V1.32.0.0
 
<h2>Project:</h2>
D:\keil mdk project\任务六平衡小车\6-3平衡车\USER\MPU6050.uvprojx
Project File Date:  11/05/2023

<h2>Output:</h2>
*** Using Compiler 'V5.06 update 5 (build 528)', folder: 'D:\KEIL MDK\ARM\ARMCC\Bin'
Rebuild target 'MPU6050'
compiling stm32f10x_it.c...
compiling mpuiic.c...
compiling inv_mpu_dmp_motion_driver.c...
compiling motor.c...
compiling oled.c...
compiling inv_mpu.c...
compiling encoder.c...
compiling led.c...
compiling main.c...
main.c(63): warning:  #223-D: function "TIM3_PWM_Init" declared implicitly
  	TIM3_PWM_Init(7199,0);
main.c: 1 warning, 0 errors
compiling system_stm32f10x.c...
compiling mpu6050.c...
compiling pid.c...
compiling bluetooth.c...
compiling key.c...
compiling tracking.c...
assembling startup_stm32f10x_hd.s...
compiling misc.c...
compiling stm32f10x_usart.c...
compiling stm32f10x_rcc.c...
compiling delay.c...
compiling stm32f10x_gpio.c...
compiling core_cm3.c...
compiling stm32f10x_tim.c...
compiling sys.c...
linking...
Program Size: Code=37686 RO-data=9950 RW-data=5336 ZI-data=3104  
FromELF: creating hex file...
"..\OBJ\MPU6050.axf" - 0 Error(s), 1 Warning(s).

<h2>Software Packages used:</h2>

Package Vendor: Keil
                http://www.keil.com/pack/Keil.STM32F1xx_DFP.2.2.0.pack
                Keil.STM32F1xx_DFP.2.2.0
                STMicroelectronics STM32F1 Series Device Support, Drivers and Examples

<h2>Collection of Component include folders:</h2>
  .\RTE\_MPU6050
  D:\KEIL MDK\ARM\PACK\Keil\STM32F1xx_DFP\2.2.0\Device\Include

<h2>Collection of Component Files used:</h2>
Build Time Elapsed:  00:00:05
</pre>
</body>
</html>
