<html>
<body>
<pre>
<h1>礦ision Build Log</h1>
<h2>Tool Versions:</h2>
IDE-Version: μVision V5.25.3.0
Copyright (C) 2018 ARM Ltd and ARM Germany GmbH. All rights reserved.
License Information: A YM, A, LIC=9WSKC-7FVGN-FWU2N-YXJPR-XCRLU-ZJJ4Z
 
Tool Versions:
Toolchain:       MDK-ARM Plus  Version: 5.18
Toolchain Path:  D:\Program_Files\KEIL\ARM\ARMCC\Bin
C Compiler:      Armcc.exe V5.06 update 1 (build 61)
Assembler:       Armasm.exe V5.06 update 1 (build 61)
Linker/Locator:  ArmLink.exe V5.06 update 1 (build 61)
Library Manager: ArmAr.exe V5.06 update 1 (build 61)
Hex Converter:   FromElf.exe V5.06 update 1 (build 61)
CPU DLL:         SARMCM3.DLL V5.18
Dialog DLL:      DCM.DLL V1.13.6.0
Target DLL:      STLink\ST-LINKIII-KEIL_SWO.dll V2.0.18.0
Dialog DLL:      TCM.DLL V1.14.8.0
 
<h2>Project:</h2>
D:\FREERTOS\4，程序源码\2，标准例程-库函数版本\2，标准例程-库函数版本\实验13 TFT LCD显示实验\USER\LCD.uvprojx
Project File Date:  11/30/2024

<h2>Output:</h2>
*** Using Compiler 'V5.06 update 1 (build 61)', folder: 'D:\Program_Files\KEIL\ARM\ARMCC\Bin'
Build target 'LCD'
assembling startup_stm32f40_41xxx.s...
compiling lcd.c...
compiling stm32f4xx_gpio.c...
compiling misc.c...
compiling delay.c...
compiling system_stm32f4xx.c...
compiling led.c...
compiling main.c...
compiling stm32f4xx_fsmc.c...
compiling stm32f4xx_it.c...
compiling usart.c...
compiling sys.c...
compiling stm32f4xx_rcc.c...
compiling stm32f4xx_syscfg.c...
compiling stm32f4xx_usart.c...
linking...
Program Size: Code=22490 RO-data=6594 RW-data=52 ZI-data=1852  
FromELF: creating hex file...
"..\OBJ\LCD.axf" - 0 Error(s), 0 Warning(s).

<h2>Software Packages used:</h2>

Package Vendor: Keil
                http://www.keil.com/pack/Keil.STM32F4xx_DFP.2.15.0.pack
                Keil.STM32F4xx_DFP.2.15.0
                STMicroelectronics STM32F4 Series Device Support, Drivers and Examples

<h2>Collection of Component include folders:</h2>
  .\RTE\_LCD
  D:\Program_Files\KEIL\ARM\PACK\Keil\STM32F4xx_DFP\2.15.0\Drivers\CMSIS\Device\ST\STM32F4xx\Include

<h2>Collection of Component Files used:</h2>
Build Time Elapsed:  00:00:05
</pre>
</body>
</html>
