<html>
<body>
<pre>
<h1>µVision Build Log</h1>
<h2>Tool Versions:</h2>
IDE-Version: ¦ÌVision V5.25.3.0
Copyright (C) 2018 ARM Ltd and ARM Germany GmbH. All rights reserved.
License Information: A YM, A, LIC=9WSKC-7FVGN-FWU2N-YXJPR-XCRLU-ZJJ4Z
 
Tool Versions:
Toolchain:       MDK-ARM Plus  Version: 5.18
Toolchain Path:  D:\Program_Files\KEIL\ARM\ARMCC\bin\
C Compiler:      Armcc.exe V5.06 update 1 (build 61)
Assembler:       Armasm.exe V5.06 update 1 (build 61)
Linker/Locator:  ArmLink.exe V5.06 update 1 (build 61)
Library Manager: ArmAr.exe V5.06 update 1 (build 61)
Hex Converter:   FromElf.exe V5.06 update 1 (build 61)
CPU DLL:         SARMCM3.DLL V5.18
Dialog DLL:      DCM.DLL V1.13.6.0
Target DLL:      STLink\ST-LINKIII-KEIL_SWO.dll V2.0.18.0
Dialog DLL:      TCM.DLL V1.14.8.0
 
<h2>Project:</h2>
D:\board\keil mdk project\PID2(NONE WIFI)\PROJECT\TEMPLATE.uvprojx
Project File Date:  02/22/2025

<h2>Output:</h2>
*** Using Compiler '', folder: 'D:\Program_Files\KEIL\ARM\ARMCC\bin\'
Build target 'TEMPLATE'
compiling PID.c...
..\HW\Common\Typedefine.h(126): warning:  #1-D: last line of file ends without a newline
  /*************************END OF FILE**********************/
..\HW\Hardware\Timer\Timer.h(82): warning:  #1-D: last line of file ends without a newline
  /***********************************END OF FILE********************************/
..\HW\Hardware\Port\Port.h(16): warning:  #1-D: last line of file ends without a newline
  /***********************************END OF FILE********************************/
..\HW\Driver\DS18B20\DS18B20.h(31): warning:  #1-D: last line of file ends without a newline
  /***********************************END OF FILE********************************/
..\HW\Application\PID\PID.h(46): warning:  #1-D: last line of file ends without a newline
  /***********************************END OF FILE********************************/
..\HW\Application\PID\PID.c(234): warning:  #1-D: last line of file ends without a newline
  /***********************************END OF FILE********************************/
..\HW\Application\PID\PID.c: 6 warnings, 0 errors
linking...
Program Size: Code=11424 RO-data=276 RW-data=68 ZI-data=1348  
FromELF: creating hex file...
".\Objects\TEMPLATE.axf" - 0 Error(s), 6 Warning(s).

<h2>Software Packages used:</h2>

Package Vendor: Keil
                http://www.keil.com/pack/Keil.STM32F1xx_DFP.2.2.0.pack
                Keil.STM32F1xx_DFP.2.2.0
                STMicroelectronics STM32F1 Series Device Support, Drivers and Examples
   * Component: Startup Version: 1.0.0

<h2>Collection of Component include folders:</h2>
  .\RTE\Device\STM32F103C8
  .\RTE\_TEMPLATE
  D:\Program_Files\KEIL\ARM\PACK\Keil\STM32F1xx_DFP\2.2.0\Device\Include

<h2>Collection of Component Files used:</h2>

   * Component: Keil::Device:Startup:1.0.0
      Source file:   Device\Source\ARM\startup_stm32f10x_md.s
      Source file:   Device\Source\system_stm32f10x.c
      Source file:   Device\Source\ARM\STM32F1xx_OPT.s
      Include file:  RTE_Driver\Config\RTE_Device.h
Build Time Elapsed:  00:00:02
</pre>
</body>
</html>
