Component: Arm Compiler for Embedded 6.21 Tool: armlink [5ec1fa00]

==============================================================================

Section Cross References

    system_gd32f4xx.o(.text) refers to system_gd32f4xx.o(.data) for SystemCoreClock
    startup_gd32f407_427.o(STACK) refers (Special) to heapauxi.o(.text) for __use_two_region_memory
    startup_gd32f407_427.o(HEAP) refers (Special) to heapauxi.o(.text) for __use_two_region_memory
    startup_gd32f407_427.o(RESET) refers (Special) to heapauxi.o(.text) for __use_two_region_memory
    startup_gd32f407_427.o(RESET) refers to startup_gd32f407_427.o(STACK) for __initial_sp
    startup_gd32f407_427.o(RESET) refers to startup_gd32f407_427.o(.text) for Reset_Handler
    startup_gd32f407_427.o(RESET) refers to gd32f4xx_it.o(.text) for NMI_Handler
    startup_gd32f407_427.o(RESET) refers to fpm383.o(.text) for EXTI3_IRQHandler
    startup_gd32f407_427.o(RESET) refers to ky037.o(.text) for EXTI5_9_IRQHandler
    startup_gd32f407_427.o(RESET) refers to bsp_pwm.o(.text) for TIMER0_Channel_IRQHandler
    startup_gd32f407_427.o(RESET) refers to esp8266.o(.text) for USART0_IRQHandler
    startup_gd32f407_427.o(RESET) refers to bsp_usart.o(.text) for USART2_IRQHandler
    startup_gd32f407_427.o(RESET) refers to flame.o(.text) for EXTI10_15_IRQHandler
    startup_gd32f407_427.o(RESET) refers to hx1838.o(.text) for TIMER7_BRK_TIMER11_IRQHandler
    startup_gd32f407_427.o(RESET) refers to board_uart.o(.text) for UART3_IRQHandler
    startup_gd32f407_427.o(RESET) refers to su03t.o(.text) for UART4_IRQHandler
    startup_gd32f407_427.o(RESET) refers to bsp_basic_timer.o(.text) for TIMER5_DAC_IRQHandler
    startup_gd32f407_427.o(RESET) refers to dwin.o(.text) for USART5_IRQHandler
    startup_gd32f407_427.o(.text) refers (Special) to heapauxi.o(.text) for __use_two_region_memory
    startup_gd32f407_427.o(.text) refers to system_gd32f4xx.o(.text) for SystemInit
    startup_gd32f407_427.o(.text) refers to __main.o(!!!main) for __main
    startup_gd32f407_427.o(.text) refers to startup_gd32f407_427.o(HEAP) for Heap_Mem
    startup_gd32f407_427.o(.text) refers to startup_gd32f407_427.o(STACK) for Stack_Mem
    gd32f4xx_usart.o(.text) refers to gd32f4xx_rcu.o(.text) for rcu_periph_reset_enable
    gd32f4xx_adc.o(.text) refers to gd32f4xx_rcu.o(.text) for rcu_periph_reset_enable
    gd32f4xx_gpio.o(.text) refers to gd32f4xx_rcu.o(.text) for rcu_periph_reset_enable
    gd32f4xx_syscfg.o(.text) refers to gd32f4xx_rcu.o(.text) for rcu_periph_reset_enable
    gd32f4xx_i2c.o(.text) refers to gd32f4xx_rcu.o(.text) for rcu_periph_reset_enable
    gd32f4xx_spi.o(.text) refers to gd32f4xx_rcu.o(.text) for rcu_periph_reset_enable
    gd32f4xx_timer.o(.text) refers to gd32f4xx_rcu.o(.text) for rcu_periph_reset_enable
    board.o(.text) refers to _printf_percent.o(.ARM.Collect$$_printf_percent$$00000000) for _printf_percent
    board.o(.text) refers to _printf_c.o(.ARM.Collect$$_printf_percent$$00000013) for _printf_c
    board.o(.text) refers to _printf_str.o(.text) for _printf_str
    board.o(.text) refers to noretval__2printf.o(.text) for __2printf
    board.o(.text) refers to board_uart.o(.text) for uart_onboard_receive_clear
    board.o(.text) refers to gd32f4xx_misc.o(.text) for nvic_priority_group_set
    board.o(.text) refers to systick.o(.text) for systick_config
    board.o(.text) refers to gd32f4xx_usart.o(.text) for usart_data_transmit
    board_led.o(.text) refers to gd32f4xx_rcu.o(.text) for rcu_periph_clock_enable
    board_led.o(.text) refers to gd32f4xx_gpio.o(.text) for gpio_mode_set
    board_uart.o(.text) refers to gd32f4xx_rcu.o(.text) for rcu_periph_clock_enable
    board_uart.o(.text) refers to gd32f4xx_gpio.o(.text) for gpio_af_set
    board_uart.o(.text) refers to gd32f4xx_usart.o(.text) for usart_deinit
    board_uart.o(.text) refers to gd32f4xx_misc.o(.text) for nvic_irq_enable
    board_uart.o(.text) refers to board_uart.o(.data) for ob_recv_handler
    board_uart.o(.text) refers to board_uart.o(.bss) for ob_recv_buffer
    gd32f4xx_it.o(.text) refers to systick.o(.text) for delay_decrement
    systick.o(.text) refers to system_gd32f4xx.o(.data) for SystemCoreClock
    systick.o(.text) refers to systick.o(.data) for delay
    bsp_adc.o(.text) refers to gd32f4xx_rcu.o(.text) for rcu_periph_clock_enable
    bsp_adc.o(.text) refers to gd32f4xx_gpio.o(.text) for gpio_mode_set
    bsp_adc.o(.text) refers to gd32f4xx_adc.o(.text) for adc_clock_config
    bsp_adc.o(.text) refers to systick.o(.text) for delay_1ms
    bsp_adc.o(.text) refers to dflt.o(x$fpl$dflt) for __aeabi_i2d
    bsp_adc.o(.text) refers to ddiv.o(x$fpl$ddiv) for __aeabi_ddiv
    bsp_adc.o(.text) refers to dfixu.o(x$fpl$dfixu) for __aeabi_d2uiz
    bsp_basic_timer.o(.text) refers to gd32f4xx_rcu.o(.text) for rcu_periph_clock_enable
    bsp_basic_timer.o(.text) refers to gd32f4xx_timer.o(.text) for timer_deinit
[...]
    adc_calibration_enable                   0x08001651   Thumb Code    42  gd32f4xx_adc.o(.text)
    adc_channel_16_to_18                     0x0800167b   Thumb Code    86  gd32f4xx_adc.o(.text)
    adc_resolution_config                    0x080016d1   Thumb Code    16  gd32f4xx_adc.o(.text)
    adc_oversample_mode_config               0x080016e1   Thumb Code    58  gd32f4xx_adc.o(.text)
    adc_oversample_mode_enable               0x0800171b   Thumb Code    14  gd32f4xx_adc.o(.text)
    adc_oversample_mode_disable              0x08001729   Thumb Code    14  gd32f4xx_adc.o(.text)
    adc_dma_mode_enable                      0x08001737   Thumb Code    10  gd32f4xx_adc.o(.text)
    adc_dma_mode_disable                     0x08001741   Thumb Code    10  gd32f4xx_adc.o(.text)
    adc_dma_request_after_last_enable        0x0800174b   Thumb Code    10  gd32f4xx_adc.o(.text)
    adc_dma_request_after_last_disable       0x08001755   Thumb Code    10  gd32f4xx_adc.o(.text)
    adc_discontinuous_mode_config            0x0800175f   Thumb Code    82  gd32f4xx_adc.o(.text)
    adc_channel_length_config                0x080017b1   Thumb Code    82  gd32f4xx_adc.o(.text)
    adc_routine_channel_config               0x08001803   Thumb Code   172  gd32f4xx_adc.o(.text)
    adc_inserted_channel_config              0x080018af   Thumb Code   124  gd32f4xx_adc.o(.text)
    adc_inserted_channel_offset_config       0x0800192b   Thumb Code    36  gd32f4xx_adc.o(.text)
    adc_external_trigger_source_config       0x0800194f   Thumb Code    48  gd32f4xx_adc.o(.text)
    adc_external_trigger_config              0x0800197f   Thumb Code    60  gd32f4xx_adc.o(.text)
    adc_software_trigger_enable              0x080019bb   Thumb Code    36  gd32f4xx_adc.o(.text)
    adc_end_of_conversion_config             0x080019df   Thumb Code    34  gd32f4xx_adc.o(.text)
    adc_routine_data_read                    0x08001a01   Thumb Code     8  gd32f4xx_adc.o(.text)
    adc_inserted_data_read                   0x08001a09   Thumb Code    46  gd32f4xx_adc.o(.text)
    adc_watchdog_single_channel_disable      0x08001a37   Thumb Code    10  gd32f4xx_adc.o(.text)
    adc_watchdog_single_channel_enable       0x08001a41   Thumb Code    24  gd32f4xx_adc.o(.text)
    adc_watchdog_sequence_channel_enable     0x08001a59   Thumb Code    58  gd32f4xx_adc.o(.text)
    adc_watchdog_disable                     0x08001a93   Thumb Code    50  gd32f4xx_adc.o(.text)
    adc_watchdog_threshold_config            0x08001ac5   Thumb Code    14  gd32f4xx_adc.o(.text)
    adc_flag_get                             0x08001ad3   Thumb Code    14  gd32f4xx_adc.o(.text)
    adc_flag_clear                           0x08001ae1   Thumb Code     8  gd32f4xx_adc.o(.text)
    adc_routine_software_startconv_flag_get  0x08001ae9   Thumb Code    16  gd32f4xx_adc.o(.text)
    adc_inserted_software_startconv_flag_get 0x08001af9   Thumb Code    16  gd32f4xx_adc.o(.text)
    adc_interrupt_flag_get                   0x08001b09   Thumb Code   112  gd32f4xx_adc.o(.text)
    adc_interrupt_flag_clear                 0x08001b79   Thumb Code     8  gd32f4xx_adc.o(.text)
    adc_interrupt_enable                     0x08001b81   Thumb Code    66  gd32f4xx_adc.o(.text)
    adc_interrupt_disable                    0x08001bc3   Thumb Code    66  gd32f4xx_adc.o(.text)
    adc_sync_mode_config                     0x08001c05   Thumb Code    28  gd32f4xx_adc.o(.text)
    adc_sync_delay_config                    0x08001c21   Thumb Code    28  gd32f4xx_adc.o(.text)
    adc_sync_dma_config                      0x08001c3d   Thumb Code    28  gd32f4xx_adc.o(.text)
    adc_sync_dma_request_after_last_enable   0x08001c59   Thumb Code    16  gd32f4xx_adc.o(.text)
    adc_sync_dma_request_after_last_disable  0x08001c69   Thumb Code    16  gd32f4xx_adc.o(.text)
    adc_sync_routine_data_read               0x08001c79   Thumb Code     8  gd32f4xx_adc.o(.text)
    gpio_deinit                              0x08001c8d   Thumb Code   206  gd32f4xx_gpio.o(.text)
    gpio_mode_set                            0x08001d5b   Thumb Code    78  gd32f4xx_gpio.o(.text)
    gpio_output_options_set                  0x08001da9   Thumb Code    66  gd32f4xx_gpio.o(.text)
    gpio_bit_set                             0x08001deb   Thumb Code     4  gd32f4xx_gpio.o(.text)
    gpio_bit_reset                           0x08001def   Thumb Code     4  gd32f4xx_gpio.o(.text)
    gpio_bit_write                           0x08001df3   Thumb Code    10  gd32f4xx_gpio.o(.text)
    gpio_port_write                          0x08001dfd   Thumb Code     4  gd32f4xx_gpio.o(.text)
    gpio_input_bit_get                       0x08001e01   Thumb Code    16  gd32f4xx_gpio.o(.text)
    gpio_input_port_get                      0x08001e11   Thumb Code     8  gd32f4xx_gpio.o(.text)
    gpio_output_bit_get                      0x08001e19   Thumb Code    16  gd32f4xx_gpio.o(.text)
    gpio_output_port_get                     0x08001e29   Thumb Code     8  gd32f4xx_gpio.o(.text)
    gpio_af_set                              0x08001e31   Thumb Code    94  gd32f4xx_gpio.o(.text)
    gpio_pin_lock                            0x08001e8f   Thumb Code    18  gd32f4xx_gpio.o(.text)
    gpio_bit_toggle                          0x08001ea1   Thumb Code     4  gd32f4xx_gpio.o(.text)
    gpio_port_toggle                         0x08001ea5   Thumb Code     8  gd32f4xx_gpio.o(.text)
    exti_deinit                              0x08001ead   Thumb Code    24  gd32f4xx_exti.o(.text)
    exti_init                                0x08001ec5   Thumb Code   184  gd32f4xx_exti.o(.text)
    exti_interrupt_enable                    0x08001f7d   Thumb Code    12  gd32f4xx_exti.o(.text)
    exti_interrupt_disable                   0x08001f89   Thumb Code    12  gd32f4xx_exti.o(.text)
    exti_event_enable                        0x08001f95   Thumb Code    16  gd32f4xx_exti.o(.text)
    exti_event_disable                       0x08001fa5   Thumb Code    16  gd32f4xx_exti.o(.text)
    exti_software_interrupt_enable           0x08001fb5   Thumb Code    16  gd32f4xx_exti.o(.text)
    exti_software_interrupt_disable          0x08001fc5   Thumb Code    16  gd32f4xx_exti.o(.text)
    exti_flag_get                            0x08001fd5   Thumb Code    20  gd32f4xx_exti.o(.text)
    exti_flag_clear                          0x08001fe9   Thumb Code     8  gd32f4xx_exti.o(.text)
    exti_interrupt_flag_get                  0x08001ff1   Thumb Code    20  gd32f4xx_exti.o(.text)
    exti_interrupt_flag_clear                0x08002005   Thumb Code     8  gd32f4xx_exti.o(.text)
    syscfg_deinit                            0x08002011   Thumb Code    20  gd32f4xx_syscfg.o(.text)
    syscfg_bootmode_config                   0x08002025   Thumb Code    22  gd32f4xx_syscfg.o(.text)
    syscfg_fmc_swap_config                   0x0800203b   Thumb Code    18  gd32f4xx_syscfg.o(.text)
    syscfg_exmc_swap_config                  0x0800204d   Thumb Code    18  gd32f4xx_syscfg.o(.text)
    syscfg_exti_line_config                  0x0800205f   Thumb Code   170  gd32f4xx_syscfg.o(.text)
    syscfg_enet_phy_interface_config         0x08002109   Thumb Code    22  gd32f4xx_syscfg.o(.text)
    syscfg_compensation_config               0x0800211f   Thumb Code    22  gd32f4xx_syscfg.o(.text)
    syscfg_flag_get                          0x08002135   Thumb Code    20  gd32f4xx_syscfg.o(.text)
    timer_deinit                             0x0800214d   Thumb Code   374  gd32f4xx_timer.o(.text)
    timer_struct_para_init                   0x080022c3   Thumb Code    22  gd32f4xx_timer.o(.text)
    timer_init                               0x080022d9   Thumb Code   124  gd32f4xx_timer.o(.text)
    timer_enable                             0x08002355   Thumb Code    10  gd32f4xx_timer.o(.text)
    timer_disable                            0x0800235f   Thumb Code    10  gd32f4xx_timer.o(.text)
    timer_auto_reload_shadow_enable          0x08002369   Thumb Code    10  gd32f4xx_timer.o(.text)
    timer_auto_reload_shadow_disable         0x08002373   Thumb Code    10  gd32f4xx_timer.o(.text)
    timer_update_event_enable                0x0800237d   Thumb Code    10  gd32f4xx_timer.o(.text)
    timer_update_event_disable               0x08002387   Thumb Code    10  gd32f4xx_timer.o(.text)
    timer_counter_alignment                  0x08002391   Thumb Code    16  gd32f4xx_timer.o(.text)
    timer_counter_up_direction               0x080023a1   Thumb Code    10  gd32f4xx_timer.o(.text)
    timer_counter_down_direction             0x080023ab   Thumb Code    10  gd32f4xx_timer.o(.text)
    timer_prescaler_config                   0x080023b5   Thumb Code    14  gd32f4xx_timer.o(.text)
    timer_repetition_value_config            0x080023c3   Thumb Code     4  gd32f4xx_timer.o(.text)
    timer_autoreload_value_config            0x080023c7   Thumb Code     4  gd32f4xx_timer.o(.text)
    timer_counter_value_config               0x080023cb   Thumb Code     4  gd32f4xx_timer.o(.text)
    timer_counter_read                       0x080023cf   Thumb Code     8  gd32f4xx_timer.o(.text)
    timer_prescaler_read                     0x080023d7   Thumb Code    10  gd32f4xx_timer.o(.text)
    timer_single_pulse_mode_config           0x080023e1   Thumb Code    26  gd32f4xx_timer.o(.text)
    timer_update_source_config               0x080023fb   Thumb Code    26  gd32f4xx_timer.o(.text)
    timer_dma_enable                         0x08002415   Thumb Code     8  gd32f4xx_timer.o(.text)
    timer_dma_disable                        0x0800241d   Thumb Code     8  gd32f4xx_timer.o(.text)
    timer_channel_dma_request_source_select  0x08002425   Thumb Code    26  gd32f4xx_timer.o(.text)
    timer_dma_transfer_config                0x0800243f   Thumb Code    24  gd32f4xx_timer.o(.text)
    timer_event_software_generate            0x08002457   Thumb Code     8  gd32f4xx_timer.o(.text)
    timer_break_struct_para_init             0x0800245f   Thumb Code    18  gd32f4xx_timer.o(.text)
    timer_break_config                       0x08002471   Thumb Code    30  gd32f4xx_timer.o(.text)
    timer_break_enable                       0x0800248f   Thumb Code    10  gd32f4xx_timer.o(.text)
    timer_break_disable                      0x08002499   Thumb Code    10  gd32f4xx_timer.o(.text)
    timer_automatic_output_enable            0x080024a3   Thumb Code    10  gd32f4xx_timer.o(.text)
    timer_automatic_output_disable           0x080024ad   Thumb Code    10  gd32f4xx_timer.o(.text)
    timer_primary_output_config              0x080024b7   Thumb Code    24  gd32f4xx_timer.o(.text)
    timer_channel_control_shadow_config      0x080024cf   Thumb Code    24  gd32f4xx_timer.o(.text)
    timer_channel_control_shadow_update_config 0x080024e7   Thumb Code    26  gd32f4xx_timer.o(.text)
    timer_channel_output_struct_para_init    0x08002501   Thumb Code    16  gd32f4xx_timer.o(.text)
    timer_channel_output_config              0x08002511   Thumb Code   518  gd32f4xx_timer.o(.text)
    timer_channel_output_mode_config         0x08002717   Thumb Code    90  gd32f4xx_timer.o(.text)
    timer_channel_output_pulse_value_config  0x08002771   Thumb Code    38  gd32f4xx_timer.o(.text)
    timer_channel_output_shadow_config       0x08002797   Thumb Code    90  gd32f4xx_timer.o(.text)
    timer_channel_output_fast_config         0x080027f1   Thumb Code    90  gd32f4xx_timer.o(.text)
    timer_channel_output_clear_config        0x0800284b   Thumb Code    90  gd32f4xx_timer.o(.text)
    timer_channel_output_polarity_config     0x080028a5   Thumb Code    92  gd32f4xx_timer.o(.text)
    timer_channel_complementary_output_polarity_config 0x08002901   Thumb Code    70  gd32f4xx_timer.o(.text)
    timer_channel_output_state_config        0x08002947   Thumb Code   102  gd32f4xx_timer.o(.text)
    timer_channel_complementary_output_state_config 0x080029ad   Thumb Code    70  gd32f4xx_timer.o(.text)
    timer_channel_input_struct_para_init     0x080029f3   Thumb Code    16  gd32f4xx_timer.o(.text)
    timer_channel_input_capture_prescaler_config 0x08002a03   Thumb Code    90  gd32f4xx_timer.o(.text)
    timer_input_capture_config               0x08002a5d   Thumb Code   326  gd32f4xx_timer.o(.text)
    timer_channel_capture_value_register_read 0x08002ba3   Thumb Code    42  gd32f4xx_timer.o(.text)
    timer_input_pwm_capture_config           0x08002bcd   Thumb Code   356  gd32f4xx_timer.o(.text)
    timer_hall_mode_config                   0x08002d31   Thumb Code    26  gd32f4xx_timer.o(.text)
    timer_input_trigger_source_select        0x08002d4b   Thumb Code    16  gd32f4xx_timer.o(.text)
    timer_master_output_trigger_source_select 0x08002d5b   Thumb Code    16  gd32f4xx_timer.o(.text)
    timer_slave_mode_select                  0x08002d6b   Thumb Code    16  gd32f4xx_timer.o(.text)
    timer_master_slave_mode_config           0x08002d7b   Thumb Code    26  gd32f4xx_timer.o(.text)
    timer_external_trigger_config            0x08002d95   Thumb Code    30  gd32f4xx_timer.o(.text)
    timer_quadrature_decoder_mode_config     0x08002db3   Thumb Code    64  gd32f4xx_timer.o(.text)
    timer_internal_clock_config              0x08002df3   Thumb Code    10  gd32f4xx_timer.o(.text)
    timer_internal_trigger_as_external_clock_config 0x08002dfd   Thumb Code    32  gd32f4xx_timer.o(.text)
    timer_external_trigger_as_external_clock_config 0x08002e1d   Thumb Code   166  gd32f4xx_timer.o(.text)
    timer_external_clock_mode0_config        0x08002ec3   Thumb Code    40  gd32f4xx_timer.o(.text)
    timer_external_clock_mode1_config        0x08002eeb   Thumb Code    32  gd32f4xx_timer.o(.text)
    timer_external_clock_mode1_disable       0x08002f0b   Thumb Code    10  gd32f4xx_timer.o(.text)
    timer_channel_remap_config               0x08002f15   Thumb Code     4  gd32f4xx_timer.o(.text)
    timer_write_chxval_register_config       0x08002f19   Thumb Code    34  gd32f4xx_timer.o(.text)
    timer_output_value_selection_config      0x08002f3b   Thumb Code    34  gd32f4xx_timer.o(.text)
    timer_flag_get                           0x08002f5d   Thumb Code    16  gd32f4xx_timer.o(.text)
    timer_flag_clear                         0x08002f6d   Thumb Code     6  gd32f4xx_timer.o(.text)
    timer_interrupt_enable                   0x08002f73   Thumb Code     8  gd32f4xx_timer.o(.text)
    timer_interrupt_disable                  0x08002f7b   Thumb Code     8  gd32f4xx_timer.o(.text)
    timer_interrupt_flag_get                 0x08002f83   Thumb Code    24  gd32f4xx_timer.o(.text)
    timer_interrupt_flag_clear               0x08002f9b   Thumb Code     6  gd32f4xx_timer.o(.text)
    uart_onboard_recv_handler                0x08002fa1   Thumb Code    38  board.o(.text)
    board_init                               0x08002fc7   Thumb Code    28  board.o(.text)
    _sys_exit                                0x08002fe3   Thumb Code     4  board.o(.text)
    fputc                                    0x08002fe7   Thumb Code    32  board.o(.text)
    led_init                                 0x08003015   Thumb Code   154  board_led.o(.text)
    led_deinit                               0x080030af   Thumb Code    78  board_led.o(.text)
    led_on                                   0x080030fd   Thumb Code    54  board_led.o(.text)
    led_off                                  0x08003133   Thumb Code    54  board_led.o(.text)
    led_toggle                               0x08003169   Thumb Code    54  board_led.o(.text)
    uart_onboard_init                        0x080031ad   Thumb Code   130  board_uart.o(.text)
    uart_onboard_deinit                      0x0800322f   Thumb Code    32  board_uart.o(.text)
    uart_onboard_send_byte                   0x0800324f   Thumb Code    28  board_uart.o(.text)
    uart_onboard_send_bytes                  0x0800326b   Thumb Code    28  board_uart.o(.text)
    uart_onboard_receive_clear               0x08003287   Thumb Code    30  board_uart.o(.text)
    UART3_IRQHandler                         0x080032a5   Thumb Code    90  board_uart.o(.text)
    NMI_Handler                              0x0800331d   Thumb Code     4  gd32f4xx_it.o(.text)
    HardFault_Handler                        0x08003321   Thumb Code     4  gd32f4xx_it.o(.text)
    MemManage_Handler                        0x08003325   Thumb Code     4  gd32f4xx_it.o(.text)
    BusFault_Handler                         0x08003329   Thumb Code     4  gd32f4xx_it.o(.text)
    UsageFault_Handler                       0x0800332d   Thumb Code     4  gd32f4xx_it.o(.text)
    SVC_Handler                              0x08003331   Thumb Code     4  gd32f4xx_it.o(.text)
    DebugMon_Handler                         0x08003335   Thumb Code     4  gd32f4xx_it.o(.text)
    PendSV_Handler                           0x08003339   Thumb Code     4  gd32f4xx_it.o(.text)
    SysTick_Handler                          0x0800333d   Thumb Code     8  gd32f4xx_it.o(.text)
    systick_config                           0x08003365   Thumb Code    74  systick.o(.text)
    delay_1ms                                0x080033af   Thumb Code    16  systick.o(.text)
    delay_decrement                          0x080033bf   Thumb Code    18  systick.o(.text)
    delay_1us                                0x080033d1   Thumb Code    44  systick.o(.text)
    bsp_timer5_init                          0x0800340d   Thumb Code    92  bsp_basic_timer.o(.text)
    bsp_timer5_deinit                        0x08003469   Thumb Code    30  bsp_basic_timer.o(.text)
    bsp_timer5_enable                        0x08003487   Thumb Code    10  bsp_basic_timer.o(.text)
    bsp_timer5_disable                       0x08003491   Thumb Code    10  bsp_basic_timer.o(.text)
    bsp_timer6_init                          0x0800349b   Thumb Code    94  bsp_basic_timer.o(.text)
    bsp_timer6_deinit                        0x080034f9   Thumb Code    30  bsp_basic_timer.o(.text)
    bsp_timer6_enable                        0x08003517   Thumb Code    10  bsp_basic_timer.o(.text)
    bsp_timer6_disable                       0x08003521   Thumb Code    10  bsp_basic_timer.o(.text)
    TIMER5_DAC_IRQHandler                    0x0800352b   Thumb Code    30  bsp_basic_timer.o(.text)
    TIMER6_IRQHandler                        0x08003549   Thumb Code    30  bsp_basic_timer.o(.text)
    bsp_timer0_pwm_init                      0x08003579   Thumb Code   168  bsp_pwm.o(.text)
    bsp_timer0_pwm_deinit                    0x08003621   Thumb Code    24  bsp_pwm.o(.text)
    bsp_timer0_enable                        0x08003639   Thumb Code    18  bsp_pwm.o(.text)
    bsp_timer0_disable                       0x0800364b   Thumb Code    18  bsp_pwm.o(.text)
    bsp_timer0_set_pulse                     0x0800365d   Thumb Code    18  bsp_pwm.o(.text)
    bsp_timer2_pwm_init                      0x0800366f   Thumb Code   172  bsp_pwm.o(.text)
    bsp_timer2_pwm_deinit                    0x0800371b   Thumb Code    24  bsp_pwm.o(.text)
    bsp_timer2_enable                        0x08003733   Thumb Code    10  bsp_pwm.o(.text)
    bsp_timer2_disable                       0x0800373d   Thumb Code    10  bsp_pwm.o(.text)
    bsp_timer2_set_pulse                     0x08003747   Thumb Code    18  bsp_pwm.o(.text)
    TIMER0_Channel_IRQHandler                0x08003759   Thumb Code    30  bsp_pwm.o(.text)
    TIMER2_IRQHandler                        0x08003777   Thumb Code    30  bsp_pwm.o(.text)
    bsp_usart_init                           0x080037a5   Thumb Code   200  bsp_usart.o(.text)
    bsp_usart_deinit                         0x0800386d   Thumb Code    46  bsp_usart.o(.text)
    bsp_usart_send_byte                      0x0800389b   Thumb Code    28  bsp_usart.o(.text)
    bsp_usart_send_bytes                     0x080038b7   Thumb Code    28  bsp_usart.o(.text)
    bsp_usart_receive_clear                  0x080038d3   Thumb Code    28  bsp_usart.o(.text)
    USART2_IRQHandler                        0x080038ef   Thumb Code   104  bsp_usart.o(.text)
    beep_gpio_init                           0x08003971   Thumb Code    52  beep.o(.text)
    beep_timer_init                          0x080039a5   Thumb Code   124  beep.o(.text)
    beep_init                                0x08003a21   Thumb Code    12  beep.o(.text)
    beep_deinit                              0x08003a2d   Thumb Code    32  beep.o(.text)
    beep_enable                              0x08003a4d   Thumb Code    18  beep.o(.text)
    beep_disable                             0x08003a5f   Thumb Code    18  beep.o(.text)
    beep_beep                                0x08003a71   Thumb Code    46  beep.o(.text)
    bmp180_init                              0x08003aa9   Thumb Code    68  bmp180.o(.text)
    bmp180_deinit                            0x08003aed   Thumb Code    20  bmp180.o(.text)
    bmp180_i2c_start                         0x08003b01   Thumb Code    80  bmp180.o(.text)
    bmp180_i2c_stop                          0x08003b51   Thumb Code    68  bmp180.o(.text)
    bmp180_i2c_send_ack                      0x08003b95   Thumb Code   104  bmp180.o(.text)
    bmp180_i2c_wait_ack                      0x08003bfd   Thumb Code   126  bmp180.o(.text)
    bmp180_send_byte                         0x08003c7b   Thumb Code    88  bmp180.o(.text)
    bmp180_read_byte                         0x08003cd3   Thumb Code    98  bmp180.o(.text)
    bmp180_write_cmd                         0x08003d35   Thumb Code    76  bmp180.o(.text)
    bmp180_read16                            0x08003d81   Thumb Code   186  bmp180.o(.text)
    bmp180_get_temperature                   0x08003e3b   Thumb Code   338  bmp180.o(.text)
    bmp180_get_pressure                      0x08003f8d   Thumb Code   228  bmp180.o(.text)
    bmp180_get_altitude                      0x08004071   Thumb Code   118  bmp180.o(.text)
    bmp180_calibrate                         0x080040e7   Thumb Code   152  bmp180.o(.text)
    dht11_init                               0x080041bd   Thumb Code    50  dht11.o(.text)
    dht11_deinit                             0x080041ef   Thumb Code    12  dht11.o(.text)
    dht11_start                              0x080041fb   Thumb Code    52  dht11.o(.text)
    dht11_check_response                     0x0800422f   Thumb Code    78  dht11.o(.text)
    dht11_read_byte                          0x0800427d   Thumb Code    82  dht11.o(.text)
    dht11_read_data                          0x080042cf   Thumb Code   124  dht11.o(.text)
    dwin_init                                0x0800436d   Thumb Code   184  dwin.o(.text)
    dwin_deinit                              0x08004425   Thumb Code    46  dwin.o(.text)
    dwin_usart_send_byte                     0x08004453   Thumb Code    28  dwin.o(.text)
    dwin_usart_send_bytes                    0x0800446f   Thumb Code    28  dwin.o(.text)
    dwin_write                               0x0800448b   Thumb Code    48  dwin.o(.text)
    dwin_receive_buffer_clear                0x080044bb   Thumb Code    30  dwin.o(.text)
    dwin_receive_handle                      0x080044d9   Thumb Code    38  dwin.o(.text)
    USART5_IRQHandler                        0x080044ff   Thumb Code    86  dwin.o(.text)
    esp8266_gpio_init                        0x08004575   Thumb Code   100  esp8266.o(.text)
    esp8266_uart_init                        0x080045d9   Thumb Code    94  esp8266.o(.text)
    esp8266_peripheral_init                  0x08004637   Thumb Code    12  esp8266.o(.text)
    esp8266_peripheral_deinit                0x08004643   Thumb Code    46  esp8266.o(.text)
    esp8266_uart_send_byte                   0x08004671   Thumb Code    28  esp8266.o(.text)
    esp8266_uart_transmit                    0x0800468d   Thumb Code    26  esp8266.o(.text)
    esp8266_clr_rxbuf                        0x080046a7   Thumb Code    18  esp8266.o(.text)
    esp8266_clr_txbuf                        0x080046b9   Thumb Code    14  esp8266.o(.text)
    send_command                             0x080046c7   Thumb Code   108  esp8266.o(.text)
    topic_init                               0x08004733   Thumb Code    38  esp8266.o(.text)
    esp8266_publish_data_update              0x08004759   Thumb Code   118  esp8266.o(.text)
    wifi_info_init                           0x080047cf   Thumb Code    20  esp8266.o(.text)
    mqtt_user_init                           0x080047e3   Thumb Code    16  esp8266.o(.text)
    esp8266_init                             0x080047f3   Thumb Code   186  esp8266.o(.text)
    USART0_IRQHandler                        0x080048ad   Thumb Code   120  esp8266.o(.text)
    flame_interrupt_init                     0x08004a95   Thumb Code    80  flame.o(.text)
    flame_analog_init                        0x08004ae5   Thumb Code   128  flame.o(.text)
    flame_init                               0x08004b65   Thumb Code    20  flame.o(.text)
    flame_deinit                             0x08004b79   Thumb Code    56  flame.o(.text)
    flame_get_channel_data                   0x08004bb1   Thumb Code    56  flame.o(.text)
    flame_get_voltage                        0x08004be9   Thumb Code    68  flame.o(.text)
    EXTI10_15_IRQHandler                     0x08004c2d   Thumb Code    28  flame.o(.text)
    fp_gpio_init                             0x08004c69   Thumb Code    76  fpm383.o(.text)
    fp_usart_init                            0x08004cb5   Thumb Code   146  fpm383.o(.text)
    fingerprint_init                         0x08004d47   Thumb Code    12  fpm383.o(.text)
    fingerprint_deinit                       0x08004d53   Thumb Code    58  fpm383.o(.text)
    fp_usart_send_data                       0x08004d8d   Thumb Code    28  fpm383.o(.text)
    fp_usart_send_array                      0x08004da9   Thumb Code    26  fpm383.o(.text)
    fp_protocol_get_checksum                 0x08004dc3   Thumb Code    32  fpm383.o(.text)
    fp_protocol_gen_packet                   0x08004de3   Thumb Code   128  fpm383.o(.text)
    fp_protocol_parse_ack                    0x08004e63   Thumb Code   150  fpm383.o(.text)
    fp_send_command                          0x08004ef9   Thumb Code    56  fpm383.o(.text)
    fp_get_ack                               0x08004f31   Thumb Code    50  fpm383.o(.text)
    fp_led_switch                            0x08004f63   Thumb Code    38  fpm383.o(.text)
    fp_led_blink                             0x08004f89   Thumb Code    50  fpm383.o(.text)
    fp_led_breathe                           0x08004fbb   Thumb Code    50  fpm383.o(.text)
    fp_led_touch                             0x08004fed   Thumb Code    34  fpm383.o(.text)
    fp_enroll                                0x0800500f   Thumb Code    20  fpm383.o(.text)
    fp_enroll_check                          0x08005023   Thumb Code    48  fpm383.o(.text)
    fp_finger_state                          0x08005053   Thumb Code    82  fpm383.o(.text)
    fp_sleep                                 0x080050a5   Thumb Code    48  fpm383.o(.text)
    fp_receive_clear                         0x080050d5   Thumb Code    38  fpm383.o(.text)
    USART1_IRQHandler                        0x080050fb   Thumb Code    76  fpm383.o(.text)
    EXTI3_IRQHandler                         0x08005147   Thumb Code    36  fpm383.o(.text)
    ir_gpio_init                             0x0800518d   Thumb Code    38  hx1838.o(.text)
    ir_timer_init                            0x080051b3   Thumb Code   122  hx1838.o(.text)
    infrared_init                            0x0800522d   Thumb Code    18  hx1838.o(.text)
    infrared_deinit                          0x0800523f   Thumb Code    38  hx1838.o(.text)
    ir_recv_clear                            0x08005265   Thumb Code    26  hx1838.o(.text)
    ir_check_data                            0x0800527f   Thumb Code    54  hx1838.o(.text)
    ir_convert_code                          0x080052b5   Thumb Code   156  hx1838.o(.text)
    TIMER7_BRK_TIMER11_IRQHandler            0x08005351   Thumb Code   222  hx1838.o(.text)
    key037_interrupt_init                    0x0800544d   Thumb Code    72  ky037.o(.text)
    ky037_analog_init                        0x08005495   Thumb Code   130  ky037.o(.text)
    ky037_init                               0x08005517   Thumb Code    20  ky037.o(.text)
    ky037_deinit                             0x0800552b   Thumb Code    46  ky037.o(.text)
    ky037_get_channel_data                   0x08005559   Thumb Code    56  ky037.o(.text)
    ky037_get_voltage                        0x08005591   Thumb Code    68  ky037.o(.text)
    EXTI5_9_IRQHandler                       0x080055d5   Thumb Code    72  ky037.o(.text)
    motor_init                               0x08005645   Thumb Code    76  motor.o(.text)
    motor_deinit                             0x08005691   Thumb Code    16  motor.o(.text)
    motor_set_speed                          0x080056a1   Thumb Code    26  motor.o(.text)
    motor_start                              0x080056bb   Thumb Code     8  motor.o(.text)
    motor_stop                               0x080056c3   Thumb Code     8  motor.o(.text)
    mq2_interrupt_init                       0x080056d1   Thumb Code    72  mq2.o(.text)
    mq2_analog_init                          0x08005719   Thumb Code   130  mq2.o(.text)
    mq2_init                                 0x0800579b   Thumb Code    20  mq2.o(.text)
    mq2_deinit                               0x080057af   Thumb Code    46  mq2.o(.text)
    mq2_get_channel_data                     0x080057dd   Thumb Code    56  mq2.o(.text)
    mq2_get_voltage                          0x08005815   Thumb Code    68  mq2.o(.text)
    mq2_get_ppm                              0x08005859   Thumb Code   114  mq2.o(.text)
    RC522_Init                               0x080058f9   Thumb Code   154  rc522.o(.text)
    RC522_SPI_SendByte                       0x08005993   Thumb Code    88  rc522.o(.text)
    RC522_SPI_ReadByte                       0x080059eb   Thumb Code    78  rc522.o(.text)
    RC522_Read_Register                      0x08005a39   Thumb Code    50  rc522.o(.text)
    RC522_Write_Register                     0x08005a6b   Thumb Code    46  rc522.o(.text)
    RC522_SetBit_Register                    0x08005a99   Thumb Code    26  rc522.o(.text)
    RC522_ClearBit_Register                  0x08005ab3   Thumb Code    26  rc522.o(.text)
    RC522_Antenna_On                         0x08005acd   Thumb Code    26  rc522.o(.text)
    RC522_Antenna_Off                        0x08005ae7   Thumb Code    12  rc522.o(.text)
    RC522_Rese                               0x08005af3   Thumb Code   130  rc522.o(.text)
    RC522_Config_Type                        0x08005b75   Thumb Code    84  rc522.o(.text)
    PcdComMF522                              0x08005bc9   Thumb Code   306  rc522.o(.text)
    PcdRequest                               0x08005cfb   Thumb Code   100  rc522.o(.text)
    PcdAnticoll                              0x08005d5f   Thumb Code   114  rc522.o(.text)
    CalulateCRC                              0x08005dd1   Thumb Code   108  rc522.o(.text)
    PcdSelect                                0x08005e3d   Thumb Code   114  rc522.o(.text)
    PcdAuthState                             0x08005eaf   Thumb Code   112  rc522.o(.text)
    PcdWrite                                 0x08005f1f   Thumb Code   152  rc522.o(.text)
    PcdRead                                  0x08005fb7   Thumb Code    86  rc522.o(.text)
    PcdHalt                                  0x0800600d   Thumb Code    50  rc522.o(.text)
    rc522_demo                               0x0800603f   Thumb Code   246  rc522.o(.text)
    relay1_init                              0x080061c1   Thumb Code    36  relay.o(.text)
    relay2_init                              0x080061e5   Thumb Code    36  relay.o(.text)
    relay_deinit                             0x08006209   Thumb Code    20  relay.o(.text)
    relay1_on                                0x0800621d   Thumb Code    12  relay.o(.text)
    relay1_off                               0x08006229   Thumb Code    12  relay.o(.text)
    relay2_on                                0x08006235   Thumb Code    12  relay.o(.text)
    relay2_off                               0x08006241   Thumb Code    12  relay.o(.text)
    sr602_init                               0x08006251   Thumb Code    94  sr602.o(.text)
    sr602_deinit                             0x080062af   Thumb Code    18  sr602.o(.text)
    stepper24_step4_action                   0x080062c9   Thumb Code   110  step2p4w.o(.text)
    stepper24_angle                          0x08006337   Thumb Code    46  step2p4w.o(.text)
    stepper24_stop                           0x08006365   Thumb Code    30  step2p4w.o(.text)
    stepper24_timer6_update                  0x08006383   Thumb Code    44  step2p4w.o(.text)
    stepper_2_phase_4_wire_init              0x080063af   Thumb Code    54  step2p4w.o(.text)
    stepper24_deinit                         0x080063e5   Thumb Code    16  step2p4w.o(.text)
    su03t_init                               0x08006401   Thumb Code   178  su03t.o(.text)
    su03t_deinit                             0x080064b3   Thumb Code    46  su03t.o(.text)
    su03t_send_byte                          0x080064e1   Thumb Code    28  su03t.o(.text)
    su03t_send_bytes                         0x080064fd   Thumb Code    28  su03t.o(.text)
    su03t_receive_clear                      0x08006519   Thumb Code    30  su03t.o(.text)
    UART4_IRQHandler                         0x08006537   Thumb Code    88  su03t.o(.text)
    tc1508_action                            0x080065b1   Thumb Code   126  tc1508.o(.text)
    tc1508_angle                             0x0800662f   Thumb Code    38  tc1508.o(.text)
    tc1508_stop                              0x08006655   Thumb Code    24  tc1508.o(.text)
    tc1508_timer5_update                     0x0800666d   Thumb Code    44  tc1508.o(.text)
    tc1508_stepper_init                      0x08006699   Thumb Code    62  tc1508.o(.text)
    tc1508_deinit                            0x080066d7   Thumb Code    16  tc1508.o(.text)
    temt6000_init                            0x080066f5   Thumb Code   120  temt6000.o(.text)
    temt6000_deinit                          0x0800676d   Thumb Code    26  temt6000.o(.text)
    temt6000_get_channel_data                0x08006787   Thumb Code    56  temt6000.o(.text)
    temt6000_get_voltage                     0x080067bf   Thumb Code    68  temt6000.o(.text)
    temt6000_get_lux                         0x08006803   Thumb Code    68  temt6000.o(.text)
    delay_20ns                               0x08006869   Thumb Code    12  ws2812.o(.text)
    ws2812_init                              0x08006875   Thumb Code    50  ws2812.o(.text)
    ws2812_deinit                            0x080068a7   Thumb Code    22  ws2812.o(.text)
    ws2812_set_high                          0x080068bd   Thumb Code    14  ws2812.o(.text)
    ws2812_set_low                           0x080068cb   Thumb Code    14  ws2812.o(.text)
    ws2812_send_0                            0x080068d9   Thumb Code    24  ws2812.o(.text)
    ws2812_send_1                            0x080068f1   Thumb Code    24  ws2812.o(.text)
    ws2812_send_reset                        0x08006909   Thumb Code    22  ws2812.o(.text)
    ws2812_send_one                          0x0800691f   Thumb Code    38  ws2812.o(.text)
    ws2812_set_color                         0x08006945   Thumb Code    30  ws2812.o(.text)
    ws2812_set_light                         0x08006963   Thumb Code     2  ws2812.o(.text)
    ws2812_demo                              0x08006965   Thumb Code    18  ws2812.o(.text)
    main                                     0x0800697d   Thumb Code    20  main.o(.text)
    test_dwin_callback                       0x08006991   Thumb Code     6  test.o(.text)
    test_ir_callback                         0x08006997   Thumb Code     6  test.o(.text)
    test_sr602_callback                      0x0800699d   Thumb Code     8  test.o(.text)
    test_ai_send                             0x080069a5   Thumb Code    26  test.o(.text)
    test_ai_send_arg                         0x080069bf   Thumb Code    76  test.o(.text)
    test_ai_send_arg2                        0x08006a0b   Thumb Code   104  test.o(.text)
    test_timeout                             0x08006a73   Thumb Code    24  test.o(.text)
    test_beep                                0x08006a8b   Thumb Code    98  test.o(.text)
    test_bmp180                              0x08006aed   Thumb Code   178  test.o(.text)
    test_dht11                               0x08006b9f   Thumb Code   222  test.o(.text)
    test_dwin                                0x08006c7d   Thumb Code   154  test.o(.text)
    test_esp8266                             0x08006d17   Thumb Code   694  test.o(.text)
    test_flame                               0x08006fcd   Thumb Code   142  test.o(.text)
    test_fpm383                              0x0800705b   Thumb Code   216  test.o(.text)
    test_hx1838                              0x08007133   Thumb Code   176  test.o(.text)
    test_ky037                               0x080071e3   Thumb Code   122  test.o(.text)
    test_led                                 0x0800725d   Thumb Code   146  test.o(.text)
    test_motor                               0x080072ef   Thumb Code   998  test.o(.text)
    test_mq2                                 0x080076d5   Thumb Code   152  test.o(.text)
    test_rc522                               0x0800776d   Thumb Code   190  test.o(.text)
    test_relay                               0x0800782b   Thumb Code   192  test.o(.text)
    test_sr602                               0x080078eb   Thumb Code   158  test.o(.text)
    test_stepper24                           0x08007989   Thumb Code   136  test.o(.text)
    test_stepper_tc1508                      0x08007a11   Thumb Code   136  test.o(.text)
    test_temt6000                            0x08007a99   Thumb Code   786  test.o(.text)
    test_ws2812                              0x08007dab   Thumb Code   200  test.o(.text)
    test_one                                 0x08007e73   Thumb Code   244  test.o(.text)
    test_all                                 0x08007f67   Thumb Code   100  test.o(.text)
    test_ai_callback                         0x08007fcb   Thumb Code    84  test.o(.text)
    test_init                                0x0800801f   Thumb Code    16  test.o(.text)
    malloc                                   0x0800815d   Thumb Code    94  h1_alloc.o(.text)
    free                                     0x080081bb   Thumb Code    78  h1_free.o(.text)
    __2printf                                0x08008209   Thumb Code    20  noretval__2printf.o(.text)
    __2sprintf                               0x08008221   Thumb Code    34  noretval__2sprintf.o(.text)
    _printf_str                              0x08008249   Thumb Code    82  _printf_str.o(.text)
    _printf_int_dec                          0x0800829d   Thumb Code   104  _printf_dec.o(.text)
    _printf_int_hex                          0x08008315   Thumb Code    84  _printf_hex_int.o(.text)
    _printf_longlong_hex                     0x08008315   Thumb Code     0  _printf_hex_int.o(.text)
    __printf                                 0x0800836d   Thumb Code   308  __printf_flags_wp.o(.text)
    strstr                                   0x080084a5   Thumb Code    36  strstr.o(.text)
    strlen                                   0x080084c9   Thumb Code    62  strlen.o(.text)
    __aeabi_memcpy4                          0x08008507   Thumb Code     0  rt_memcpy_w.o(.text)
    __aeabi_memcpy8                          0x08008507   Thumb Code     0  rt_memcpy_w.o(.text)
    __rt_memcpy_w                            0x08008507   Thumb Code   100  rt_memcpy_w.o(.text)
    _memcpy_lastbytes_aligned                0x0800854f   Thumb Code     0  rt_memcpy_w.o(.text)
    __aeabi_memclr                           0x0800856b   Thumb Code     0  rt_memclr.o(.text)
    __rt_memclr                              0x0800856b   Thumb Code     0  rt_memclr.o(.text)
    _memset                                  0x0800856f   Thumb Code    64  rt_memclr.o(.text)
    __use_two_region_memory                  0x080085af   Thumb Code     2  heapauxi.o(.text)
    __rt_heap_escrow                         0x080085b1   Thumb Code     2  heapauxi.o(.text)
    __rt_heap_expand                         0x080085b3   Thumb Code     2  heapauxi.o(.text)
    __rt_heap_descriptor                     0x080085b5   Thumb Code     8  rt_heap_descriptor_intlibspace.o(.text)
    __use_no_heap                            0x080085bd   Thumb Code     2  hguard.o(.text)
    __heap$guard                             0x080085bf   Thumb Code     2  hguard.o(.text)
    _terminate_user_alloc                    0x080085c1   Thumb Code     2  init_alloc.o(.text)
    _init_user_alloc                         0x080085c3   Thumb Code     2  init_alloc.o(.text)
    __Heap_Full                              0x080085c5   Thumb Code    34  init_alloc.o(.text)
    __Heap_Broken                            0x080085e7   Thumb Code     6  init_alloc.o(.text)
    _init_alloc                              0x080085ed   Thumb Code    94  init_alloc.o(.text)
    __Heap_Initialize                        0x0800864b   Thumb Code     8  h1_init.o(.text)
    __Heap_DescSize                          0x08008653   Thumb Code     4  h1_init.o(.text)
    __read_errno                             0x08008657   Thumb Code    10  _rserrno.o(.text)
    __set_errno                              0x08008661   Thumb Code    12  _rserrno.o(.text)
    _printf_int_common                       0x0800866d   Thumb Code   178  _printf_intcommon.o(.text)
    _printf_fp_dec_real                      0x080088cf   Thumb Code   620  _printf_fp_dec.o(.text)
    _printf_char_common                      0x08008b47   Thumb Code    32  _printf_char_common.o(.text)
    _sputc                                   0x08008b6d   Thumb Code    10  _sputc.o(.text)
    _printf_cs_common                        0x08008b77   Thumb Code    20  _printf_char.o(.text)
    _printf_char                             0x08008b8b   Thumb Code    16  _printf_char.o(.text)
    _printf_string                           0x08008b9b   Thumb Code     8  _printf_char.o(.text)
    _printf_char_file                        0x08008ba5   Thumb Code    32  _printf_char_file.o(.text)
    __aeabi_memclr4                          0x08008bc9   Thumb Code     0  rt_memclr_w.o(.text)
    __aeabi_memclr8                          0x08008bc9   Thumb Code     0  rt_memclr_w.o(.text)
    __rt_memclr_w                            0x08008bc9   Thumb Code     0  rt_memclr_w.o(.text)
    _memset_w                                0x08008bcd   Thumb Code    74  rt_memclr_w.o(.text)
    __user_libspace                          0x08008c19   Thumb Code     8  libspace.o(.text)
    __user_perproc_libspace                  0x08008c19   Thumb Code     0  libspace.o(.text)
    __user_perthread_libspace                0x08008c19   Thumb Code     0  libspace.o(.text)
    __rt_locale                              0x08008c21   Thumb Code     8  rt_locale_intlibspace.o(.text)
    __aeabi_errno_addr                       0x08008c29   Thumb Code     8  rt_errno_addr_intlibspace.o(.text)
    __errno$intlibspace                      0x08008c29   Thumb Code     0  rt_errno_addr_intlibspace.o(.text)
    __rt_errno_addr$intlibspace              0x08008c29   Thumb Code     0  rt_errno_addr_intlibspace.o(.text)
    __Heap_ProvideMemory                     0x08008c31   Thumb Code    52  h1_extend.o(.text)
    _maybe_terminate_alloc                   0x08008c31   Thumb Code     0  maybetermalloc1.o(.text)
    _ll_udiv10                               0x08008c65   Thumb Code   138  lludiv10.o(.text)
    _printf_fp_infnan                        0x08008cf1   Thumb Code   112  _printf_fp_infnan.o(.text)
    _btod_etento                             0x08008d71   Thumb Code   224  bigflt0.o(.text)
    ferror                                   0x08008e55   Thumb Code     8  ferror.o(.text)
    __rt_SIGRTMEM                            0x08008e5d   Thumb Code    14  defsig_rtmem_outer.o(.text)
    __I$use$semihosting                      0x08008e6b   Thumb Code     0  use_no_semi.o(.text)
    __use_no_semihosting_swi                 0x08008e6b   Thumb Code     2  use_no_semi.o(.text)
    __semihosting_library_function           0x08008e6d   Thumb Code     0  indicate_semi.o(.text)
    __user_setup_stackheap                   0x08008e6d   Thumb Code    74  sys_stackheap_outer.o(.text)
    exit                                     0x08008eb7   Thumb Code    18  exit.o(.text)
    __sig_exit                               0x08008ec9   Thumb Code    10  defsig_exit.o(.text)
    __rt_SIGRTMEM_inner                      0x08008ed5   Thumb Code    22  defsig_rtmem_inner.o(.text)
    strcmp                                   0x08008f29   Thumb Code   124  strcmpv7em.o(.text)
    __default_signal_display                 0x08008fa5   Thumb Code    50  defsig_general.o(.text)
    _ttywrch                                 0x08008fd7   Thumb Code    14  sys_wrch.o(.text)
    _btod_d2e                                0x08008fe5   Thumb Code    62  btod.o(CL$$btod_d2e)
    _d2e_denorm_low                          0x08009023   Thumb Code    70  btod.o(CL$$btod_d2e_denorm_low)
    _d2e_norm_op1                            0x08009069   Thumb Code    96  btod.o(CL$$btod_d2e_norm_op1)
    __btod_div_common                        0x080090c9   Thumb Code   696  btod.o(CL$$btod_div_common)
    _e2e                                     0x08009401   Thumb Code   220  btod.o(CL$$btod_e2e)
    _btod_ediv                               0x080094dd   Thumb Code    42  btod.o(CL$$btod_ediv)
    _btod_emul                               0x08009507   Thumb Code    42  btod.o(CL$$btod_emul)
    __btod_mult_common                       0x08009531   Thumb Code   580  btod.o(CL$$btod_mult_common)
    __ARM_fpclassify                         0x08009775   Thumb Code    48  fpclassify.o(i.__ARM_fpclassify)
    __hardfp_pow                             0x080097a9   Thumb Code  2108  pow.o(i.__hardfp_pow)
    __kernel_poly                            0x0800a06d   Thumb Code   112  poly.o(i.__kernel_poly)
    __mathlib_dbl_divzero                    0x0800a0e1   Thumb Code    14  dunder.o(i.__mathlib_dbl_divzero)
    __mathlib_dbl_infnan2                    0x0800a0f9   Thumb Code     6  dunder.o(i.__mathlib_dbl_infnan2)
    __mathlib_dbl_invalid                    0x0800a101   Thumb Code    10  dunder.o(i.__mathlib_dbl_invalid)
    __mathlib_dbl_overflow                   0x0800a119   Thumb Code    10  dunder.o(i.__mathlib_dbl_overflow)
    __mathlib_dbl_underflow                  0x0800a131   Thumb Code    10  dunder.o(i.__mathlib_dbl_underflow)
    _is_digit                                0x0800a149   Thumb Code    14  __printf_wp.o(i._is_digit)
    fabs                                     0x0800a157   Thumb Code    24  fabs.o(i.fabs)
    sqrt                                     0x0800a16f   Thumb Code   106  sqrt.o(i.sqrt)
    _get_lc_numeric                          0x0800a1d9   Thumb Code    44  lc_numeric_c.o(locale$$code)
    __aeabi_d2f                              0x0800a205   Thumb Code     0  d2f.o(x$fpl$d2f)
    _d2f                                     0x0800a205   Thumb Code    14  d2f.o(x$fpl$d2f)
    __fpl_dcheck_NaN1                        0x0800a215   Thumb Code    10  dcheck1.o(x$fpl$dcheck1)
    __aeabi_ddiv                             0x0800a225   Thumb Code     0  ddiv.o(x$fpl$ddiv)
    _ddiv                                    0x0800a225   Thumb Code    18  ddiv.o(x$fpl$ddiv)
    __aeabi_d2iz                             0x0800a237   Thumb Code     0  dfix.o(x$fpl$dfix)
    _dfix                                    0x0800a237   Thumb Code    14  dfix.o(x$fpl$dfix)
    __aeabi_i2d                              0x0800a245   Thumb Code     0  dflt.o(x$fpl$dflt)
    _dflt                                    0x0800a245   Thumb Code    14  dflt.o(x$fpl$dflt)
    __aeabi_ui2d                             0x0800a253   Thumb Code     0  dflt.o(x$fpl$dfltu)
    _dfltu                                   0x0800a253   Thumb Code    14  dflt.o(x$fpl$dfltu)
    __aeabi_dmul                             0x0800a261   Thumb Code     0  dmul.o(x$fpl$dmul)
    _dmul                                    0x0800a261   Thumb Code    18  dmul.o(x$fpl$dmul)
    __aeabi_drsub                            0x0800a273   Thumb Code     0  daddsub.o(x$fpl$drsb)
    _drsb                                    0x0800a273   Thumb Code    18  daddsub.o(x$fpl$drsb)
    __aeabi_f2d                              0x0800a285   Thumb Code     0  f2d.o(x$fpl$f2d)
    _f2d                                     0x0800a285   Thumb Code    14  f2d.o(x$fpl$f2d)
    _fp_init                                 0x0800a293   Thumb Code    26  fpinit.o(x$fpl$fpinit)
    __fplib_config_fpu_vfp                   0x0800a2ab   Thumb Code     0  fpinit.o(x$fpl$fpinit)
    __fplib_config_pureend_doubles           0x0800a2ab   Thumb Code     0  fpinit.o(x$fpl$fpinit)
    _printf_fp_dec                           0x0800a2ad   Thumb Code     4  printf1.o(x$fpl$printf1)
    __fpl_return_NaN                         0x0800a2b1   Thumb Code   100  retnan.o(x$fpl$retnan)
    __ARM_scalbn                             0x0800a315   Thumb Code    92  scalbn.o(x$fpl$scalbn)
    __fpl_cmpreturn                          0x0800a371   Thumb Code    48  trapv.o(x$fpl$trapveneer)
    __I$use$fp                               0x0800a3a0   Number         0  usenofp.o(x$fpl$usenofp)
    __mathlib_zero                           0x0800a470   Data           8  qnan.o(.constdata)
    Region$$Table$$Base                      0x0800a760   Number         0  anon$$obj.o(Region$$Table)
    Region$$Table$$Limit                     0x0800a780   Number         0  anon$$obj.o(Region$$Table)
    SystemCoreClock                          0x20000000   Data           4  system_gd32f4xx.o(.data)
    __stdout                                 0x20000004   Data           4  board.o(.data)
    ob_recv_handler                          0x20000008   Data           4  board_uart.o(.data)
    ob_recv_count                            0x2000000c   Data           2  board_uart.o(.data)
    timer5_update                            0x20000014   Data           4  bsp_basic_timer.o(.data)
    timer6_update                            0x20000018   Data           4  bsp_basic_timer.o(.data)
    timer0_update                            0x2000001c   Data           4  bsp_pwm.o(.data)
    timer2_update                            0x20000020   Data           4  bsp_pwm.o(.data)
    bsp_usart_recv_count                     0x20000024   Data           2  bsp_usart.o(.data)
    B5                                       0x20000028   Data           4  bmp180.o(.data)
    dwin_recv                                0x2000002c   Data           4  dwin.o(.data)
    dwin_recv_count                          0x20000030   Data           2  dwin.o(.data)
    esp8266_send                             0x20000034   Data          68  esp8266.o(.data)
    rev_buffer1_len                          0x20000078   Data           2  esp8266.o(.data)
    rev_buffer2_len                          0x2000007a   Data           2  esp8266.o(.data)
    rev_flag                                 0x2000007c   Data           1  esp8266.o(.data)
    rxbuffer_mod                             0x2000007d   Data           1  esp8266.o(.data)
    smart_number                             0x20000080   Data           4  esp8266.o(.data)
    ssid                                     0x20000084   Data           4  esp8266.o(.data)
    password                                 0x20000088   Data           4  esp8266.o(.data)
    user                                     0x2000008c   Data           4  esp8266.o(.data)
    new_data_flag                            0x20000090   Data           1  esp8266.o(.data)
    flame_exti                               0x20000094   Data           4  flame.o(.data)
    fp_packet_header                         0x20000098   Data           8  fpm383.o(.data)
    fp_packet_pwd                            0x200000a0   Data           4  fpm383.o(.data)
    fp_recv_count                            0x200000a4   Data           2  fpm383.o(.data)
    fp_recv_error                            0x200000a6   Data           1  fpm383.o(.data)
    fp_recv_complete                         0x200000a7   Data           1  fpm383.o(.data)
    ir_recv_handler                          0x200000a8   Data           4  hx1838.o(.data)
    ir_recv_buff                             0x200000ac   Data           4  hx1838.o(.data)
    ir_recv_count                            0x200000b0   Data           1  hx1838.o(.data)
    ir_has_leader                            0x200000b1   Data           1  hx1838.o(.data)
    ir_last_count                            0x200000b2   Data           2  hx1838.o(.data)
    ky037_exti                               0x200000b4   Data           4  ky037.o(.data)
    mq2_exti                                 0x200000b8   Data           4  mq2.o(.data)
    ucArray_ID                               0x200000bc   Data           4  rc522.o(.data)
    ucStatusReturn                           0x200000c0   Data           1  rc522.o(.data)
    sr602_exti                               0x200000c4   Data           4  sr602.o(.data)
    su03t_recv_handler                       0x200000d0   Data           4  su03t.o(.data)
    su03t_recv_buffer                        0x200000d4   Data           6  su03t.o(.data)
    su03t_recv_count                         0x200000da   Data           2  su03t.o(.data)
    test_temp                                0x200000e2   Data           2  test.o(.data)
    test_end                                 0x200000e4   Data           1  test.o(.data)
    test_time                                0x200000e6   Data           2  test.o(.data)
    ob_recv_buffer                           0x200000e8   Data        1024  board_uart.o(.bss)
    bsp_usart_recv_buffer                    0x200004e8   Data        1024  bsp_usart.o(.bss)
    param                                    0x200008e8   Data          22  bmp180.o(.bss)
    dwin_recv_buffer                         0x200008fe   Data           9  dwin.o(.bss)
    esp8266_receive                          0x20000907   Data         112  esp8266.o(.bss)
    esp8266_rx_buffer1                       0x20000977   Data         128  esp8266.o(.bss)
    esp8266_rx_buffer2                       0x200009f7   Data         512  esp8266.o(.bss)
    esp8266_tx_buffer                        0x20000bf7   Data         512  esp8266.o(.bss)
    get_wifi_command                         0x20000df7   Data          64  esp8266.o(.bss)
    set_user_command                         0x20000e37   Data          64  esp8266.o(.bss)
    publish_topic                            0x20000e77   Data          64  esp8266.o(.bss)
    subscribe_topic                          0x20000eb7   Data          64  esp8266.o(.bss)
    publish_topic_command                    0x20000ef7   Data         256  esp8266.o(.bss)
    subscribe_topic_command                  0x20000ff7   Data         128  esp8266.o(.bss)
    fp_recv_buffer                           0x20001078   Data       65535  fpm383.o(.bss)
    fp_ack                                   0x20011078   Data          20  fpm383.o(.bss)
    __libspace_start                         0x2001108c   Data          96  libspace.o(.bss)
    __temporary_stack_top$libspace           0x200110ec   Data           0  libspace.o(.bss)



==============================================================================

Memory Map of the image

  Image Entry point : 0x0800057d

  Load Region LR_1 (Base: 0x08000000, Size: 0x0000a884, Max: 0xffffffff, ABSOLUTE)

    Execution Region ER_RO (Exec base: 0x08000000, Load base: 0x08000000, Size: 0x0000a79c, Max: 0xffffffff, ABSOLUTE)

    Exec Addr    Load Addr    Size         Type   Attr      Idx    E Section Name        Object

    0x08000000   0x08000000   0x00000188   Data   RO          138    RESET               startup_gd32f407_427.o
    0x08000188   0x08000188   0x00000008   Code   RO         1315  * !!!main             c_w.l(__main.o)
    0x08000190   0x08000190   0x0000005c   Code   RO         1672    !!!scatter          c_w.l(__scatter.o)
    0x080001ec   0x080001ec   0x0000001a   Code   RO         1676    !!handler_copy      c_w.l(__scatter_copy.o)
    0x08000206   0x08000206   0x00000002   PAD
    0x08000208   0x08000208   0x00000002   Code   RO         1673    !!handler_null      c_w.l(__scatter.o)
    0x0800020a   0x0800020a   0x00000002   PAD
    0x0800020c   0x0800020c   0x0000001c   Code   RO         1678    !!handler_zi        c_w.l(__scatter_zi.o)
    0x08000228   0x08000228   0x00000000   Code   RO         1304    .ARM.Collect$$_printf_percent$$00000000  c_w.l(_printf_percent.o)
    0x08000228   0x08000228   0x00000006   Code   RO         1303    .ARM.Collect$$_printf_percent$$00000003  c_w.l(_printf_f.o)
    0x0800022e   0x0800022e   0x00000006   Code   RO         1302    .ARM.Collect$$_printf_percent$$00000009  c_w.l(_printf_d.o)
    0x08000234   0x08000234   0x00000006   Code   RO         1301    .ARM.Collect$$_printf_percent$$0000000C  c_w.l(_printf_x.o)
    0x0800023a   0x0800023a   0x00000006   Code   RO         1299    .ARM.Collect$$_printf_percent$$00000013  c_w.l(_printf_c.o)
    0x08000240   0x08000240   0x00000006   Code   RO         1300    .ARM.Collect$$_printf_percent$$00000014  c_w.l(_printf_s.o)
    0x08000246   0x08000246   0x00000004   Code   RO         1396    .ARM.Collect$$_printf_percent$$00000017  c_w.l(_printf_percent_end.o)
    0x0800024a   0x0800024a   0x00000002   Code   RO         1605    .ARM.Collect$$libinit$$00000000  c_w.l(libinit.o)
    0x0800024c   0x0800024c   0x00000004   Code   RO         1401    .ARM.Collect$$libinit$$00000001  c_w.l(libinit2.o)
    0x08000250   0x08000250   0x00000000   Code   RO         1404    .ARM.Collect$$libinit$$00000004  c_w.l(libinit2.o)
    0x08000250   0x08000250   0x00000000   Code   RO         1406    .ARM.Collect$$libinit$$00000006  c_w.l(libinit2.o)
    0x08000250   0x08000250   0x00000008   Code   RO         1407    .ARM.Collect$$libinit$$00000007  c_w.l(libinit2.o)
    0x08000258   0x08000258   0x00000000   Code   RO         1409    .ARM.Collect$$libinit$$0000000C  c_w.l(libinit2.o)
    0x08000258   0x08000258   0x00000000   Code   RO         1411    .ARM.Collect$$libinit$$0000000E  c_w.l(libinit2.o)
    0x08000258   0x08000258   0x00000000   Code   RO         1413    .ARM.Collect$$libinit$$00000010  c_w.l(libinit2.o)
    0x08000258   0x08000258   0x00000006   Code   RO         1414    .ARM.Collect$$libinit$$00000011  c_w.l(libinit2.o)
    0x0800025e   0x0800025e   0x00000000   Code   RO         1416    .ARM.Collect$$libinit$$00000013  c_w.l(libinit2.o)
    0x0800025e   0x0800025e   0x00000000   Code   RO         1418    .ARM.Collect$$libinit$$00000015  c_w.l(libinit2.o)
    0x0800025e   0x0800025e   0x00000000   Code   RO         1420    .ARM.Collect$$libinit$$00000017  c_w.l(libinit2.o)
    0x0800025e   0x0800025e   0x0000000a   Code   RO         1421    .ARM.Collect$$libinit$$00000018  c_w.l(libinit2.o)
    0x08000268   0x08000268   0x00000000   Code   RO         1422    .ARM.Collect$$libinit$$00000019  c_w.l(libinit2.o)
    0x08000268   0x08000268   0x00000000   Code   RO         1424    .ARM.Collect$$libinit$$0000001B  c_w.l(libinit2.o)
    0x08000268   0x08000268   0x00000000   Code   RO         1426    .ARM.Collect$$libinit$$0000001D  c_w.l(libinit2.o)
    0x08000268   0x08000268   0x00000000   Code   RO         1428    .ARM.Collect$$libinit$$0000001F  c_w.l(libinit2.o)
    0x08000268   0x08000268   0x00000000   Code   RO         1430    .ARM.Collect$$libinit$$00000021  c_w.l(libinit2.o)
    0x08000268   0x08000268   0x00000000   Code   RO         1432    .ARM.Collect$$libinit$$00000023  c_w.l(libinit2.o)
    0x08000268   0x08000268   0x00000000   Code   RO         1434    .ARM.Collect$$libinit$$00000025  c_w.l(libinit2.o)
    0x08000268   0x08000268   0x00000000   Code   RO         1436    .ARM.Collect$$libinit$$00000027  c_w.l(libinit2.o)
    0x08000268   0x08000268   0x00000000   Code   RO         1440    .ARM.Collect$$libinit$$0000002E  c_w.l(libinit2.o)
    0x08000268   0x08000268   0x00000000   Code   RO         1442    .ARM.Collect$$libinit$$00000030  c_w.l(libinit2.o)
    0x08000268   0x08000268   0x00000000   Code   RO         1444    .ARM.Collect$$libinit$$00000032  c_w.l(libinit2.o)
    0x08000268   0x08000268   0x00000000   Code   RO         1446    .ARM.Collect$$libinit$$00000034  c_w.l(libinit2.o)
    0x08000268   0x08000268   0x00000002   Code   RO         1447    .ARM.Collect$$libinit$$00000035  c_w.l(libinit2.o)
    0x0800026a   0x0800026a   0x00000002   Code   RO         1669    .ARM.Collect$$libshutdown$$00000000  c_w.l(libshutdown.o)
    0x0800026c   0x0800026c   0x00000000   Code   RO         1621    .ARM.Collect$$libshutdown$$00000002  c_w.l(libshutdown2.o)
    0x0800026c   0x0800026c   0x00000000   Code   RO         1623    .ARM.Collect$$libshutdown$$00000004  c_w.l(libshutdown2.o)
    0x0800026c   0x0800026c   0x00000000   Code   RO         1626    .ARM.Collect$$libshutdown$$00000007  c_w.l(libshutdown2.o)
    0x0800026c   0x0800026c   0x00000000   Code   RO         1629    .ARM.Collect$$libshutdown$$0000000A  c_w.l(libshutdown2.o)
    0x0800026c   0x0800026c   0x00000000   Code   RO         1631    .ARM.Collect$$libshutdown$$0000000C  c_w.l(libshutdown2.o)
    0x0800026c   0x0800026c   0x00000000   Code   RO         1634    .ARM.Collect$$libshutdown$$0000000F  c_w.l(libshutdown2.o)
    0x0800026c   0x0800026c   0x00000002   Code   RO         1635    .ARM.Collect$$libshutdown$$00000010  c_w.l(libshutdown2.o)
    0x0800026e   0x0800026e   0x00000000   Code   RO         1356    .ARM.Collect$$rtentry$$00000000  c_w.l(__rtentry.o)
    0x0800026e   0x0800026e   0x00000000   Code   RO         1490    .ARM.Collect$$rtentry$$00000002  c_w.l(__rtentry2.o)
    0x0800026e   0x0800026e   0x00000006   Code   RO         1502    .ARM.Collect$$rtentry$$00000004  c_w.l(__rtentry4.o)
    0x08000274   0x08000274   0x00000000   Code   RO         1492    .ARM.Collect$$rtentry$$00000009  c_w.l(__rtentry2.o)
    0x08000274   0x08000274   0x00000004   Code   RO         1493    .ARM.Collect$$rtentry$$0000000A  c_w.l(__rtentry2.o)
    0x08000278   0x08000278   0x00000000   Code   RO         1495    .ARM.Collect$$rtentry$$0000000C  c_w.l(__rtentry2.o)
    0x08000278   0x08000278   0x00000008   Code   RO         1496    .ARM.Collect$$rtentry$$0000000D  c_w.l(__rtentry2.o)
    0x08000280   0x08000280   0x00000002   Code   RO         1608    .ARM.Collect$$rtexit$$00000000  c_w.l(rtexit.o)
    0x08000282   0x08000282   0x00000000   Code   RO         1643    .ARM.Collect$$rtexit$$00000002  c_w.l(rtexit2.o)
    0x08000282   0x08000282   0x00000004   Code   RO         1644    .ARM.Collect$$rtexit$$00000003  c_w.l(rtexit2.o)
    0x08000286   0x08000286   0x00000006   Code   RO         1645    .ARM.Collect$$rtexit$$00000004  c_w.l(rtexit2.o)
    0x0800028c   0x0800028c   0x000002f0   Code   RO            3    .text               system_gd32f4xx.o
    0x0800057c   0x0800057c   0x00000040   Code   RO          139  * .text               startup_gd32f407_427.o
    0x080005bc   0x080005bc   0x000008c4   Code   RO          145    .text               gd32f4xx_rcu.o
    0x08000e80   0x08000e80   0x000005ce   Code   RO          169    .text               gd32f4xx_usart.o
    0x0800144e   0x0800144e   0x00000002   PAD
    0x08001450   0x08001450   0x00000144   Code   RO          189    .text               gd32f4xx_misc.o
    0x08001594   0x08001594   0x000006f8   Code   RO          209    .text               gd32f4xx_adc.o
    0x08001c8c   0x08001c8c   0x00000220   Code   RO          229    .text               gd32f4xx_gpio.o
    0x08001eac   0x08001eac   0x00000164   Code   RO          249    .text               gd32f4xx_exti.o
    0x08002010   0x08002010   0x0000013c   Code   RO          269    .text               gd32f4xx_syscfg.o
    0x0800214c   0x0800214c   0x00000e54   Code   RO          329    .text               gd32f4xx_timer.o
    0x08002fa0   0x08002fa0   0x00000074   Code   RO          369    .text               board.o
    0x08003014   0x08003014   0x00000198   Code   RO          408    .text               board_led.o
    0x080031ac   0x080031ac   0x00000170   Code   RO          428    .text               board_uart.o
    0x0800331c   0x0800331c   0x00000028   Code   RO          456    .text               gd32f4xx_it.o
    0x08003344   0x08003344   0x000000c8   Code   RO          479    .text               systick.o
    0x0800340c   0x0800340c   0x0000016c   Code   RO          528    .text               bsp_basic_timer.o
    0x08003578   0x08003578   0x0000022c   Code   RO          579    .text               bsp_pwm.o
    0x080037a4   0x080037a4   0x000001cc   Code   RO          605    .text               bsp_usart.o
    0x08003970   0x08003970   0x00000138   Code   RO          632    .text               beep.o
    0x08003aa8   0x08003aa8   0x00000714   Code   RO          655    .text               bmp180.o
    0x080041bc   0x080041bc   0x000001b0   Code   RO          686    .text               dht11.o
    0x0800436c   0x0800436c   0x00000208   Code   RO          709    .text               dwin.o
    0x08004574   0x08004574   0x00000520   Code   RO          737    .text               esp8266.o
    0x08004a94   0x08004a94   0x000001d4   Code   RO          768    .text               flame.o
    0x08004c68   0x08004c68   0x00000524   Code   RO          794    .text               fpm383.o
    0x0800518c   0x0800518c   0x000002c0   Code   RO          821    .text               hx1838.o
    0x0800544c   0x0800544c   0x000001f8   Code   RO          847    .text               ky037.o
    0x08005644   0x08005644   0x0000008c   Code   RO          881    .text               motor.o
    0x080056d0   0x080056d0   0x00000228   Code   RO          904    .text               mq2.o
    0x080058f8   0x080058f8   0x000008c8   Code   RO          930    .text               rc522.o
    0x080061c0   0x080061c0   0x00000090   Code   RO          956    .text               relay.o
    0x08006250   0x08006250   0x00000078   Code   RO          979    .text               sr602.o
    0x080062c8   0x080062c8   0x00000138   Code   RO         1005    .text               step2p4w.o
    0x08006400   0x08006400   0x000001b0   Code   RO         1030    .text               su03t.o
    0x080065b0   0x080065b0   0x00000144   Code   RO         1056    .text               tc1508.o
    0x080066f4   0x080066f4   0x00000174   Code   RO         1081    .text               temt6000.o
    0x08006868   0x08006868   0x00000114   Code   RO         1104    .text               ws2812.o
    0x0800697c   0x0800697c   0x00000014   Code   RO         1127    .text               main.o
    0x08006990   0x08006990   0x000017cc   Code   RO         1150    .text               test.o
    0x0800815c   0x0800815c   0x0000005e   Code   RO         1186    .text               c_w.l(h1_alloc.o)
    0x080081ba   0x080081ba   0x0000004e   Code   RO         1188    .text               c_w.l(h1_free.o)
    0x08008208   0x08008208   0x00000018   Code   RO         1248    .text               c_w.l(noretval__2printf.o)
    0x08008220   0x08008220   0x00000028   Code   RO         1250    .text               c_w.l(noretval__2sprintf.o)
    0x08008248   0x08008248   0x00000052   Code   RO         1254    .text               c_w.l(_printf_str.o)
    0x0800829a   0x0800829a   0x00000002   PAD
    0x0800829c   0x0800829c   0x00000078   Code   RO         1256    .text               c_w.l(_printf_dec.o)
    0x08008314   0x08008314   0x00000058   Code   RO         1261    .text               c_w.l(_printf_hex_int.o)
    0x0800836c   0x0800836c   0x00000138   Code   RO         1291    .text               c_w.l(__printf_flags_wp.o)
    0x080084a4   0x080084a4   0x00000024   Code   RO         1305    .text               c_w.l(strstr.o)
    0x080084c8   0x080084c8   0x0000003e   Code   RO         1307    .text               c_w.l(strlen.o)
    0x08008506   0x08008506   0x00000064   Code   RO         1309    .text               c_w.l(rt_memcpy_w.o)
    0x0800856a   0x0800856a   0x00000044   Code   RO         1311    .text               c_w.l(rt_memclr.o)
    0x080085ae   0x080085ae   0x00000006   Code   RO         1313    .text               c_w.l(heapauxi.o)
    0x080085b4   0x080085b4   0x00000008   Code   RO         1360    .text               c_w.l(rt_heap_descriptor_intlibspace.o)
    0x080085bc   0x080085bc   0x00000004   Code   RO         1362    .text               c_w.l(hguard.o)
    0x080085c0   0x080085c0   0x0000008a   Code   RO         1364    .text               c_w.l(init_alloc.o)
    0x0800864a   0x0800864a   0x0000000c   Code   RO         1368    .text               c_w.l(h1_init.o)
    0x08008656   0x08008656   0x00000016   Code   RO         1380    .text               c_w.l(_rserrno.o)
    0x0800866c   0x0800866c   0x000000b2   Code   RO         1382    .text               c_w.l(_printf_intcommon.o)
    0x0800871e   0x0800871e   0x0000041c   Code   RO         1384    .text               c_w.l(_printf_fp_dec.o)
    0x08008b3a   0x08008b3a   0x00000002   PAD
    0x08008b3c   0x08008b3c   0x00000030   Code   RO         1388    .text               c_w.l(_printf_char_common.o)
    0x08008b6c   0x08008b6c   0x0000000a   Code   RO         1390    .text               c_w.l(_sputc.o)
    0x08008b76   0x08008b76   0x0000002c   Code   RO         1392    .text               c_w.l(_printf_char.o)
    0x08008ba2   0x08008ba2   0x00000002   PAD
    0x08008ba4   0x08008ba4   0x00000024   Code   RO         1394    .text               c_w.l(_printf_char_file.o)
    0x08008bc8   0x08008bc8   0x0000004e   Code   RO         1397    .text               c_w.l(rt_memclr_w.o)
    0x08008c16   0x08008c16   0x00000002   PAD
    0x08008c18   0x08008c18   0x00000008   Code   RO         1486    .text               c_w.l(libspace.o)
    0x08008c20   0x08008c20   0x00000008   Code   RO         1507    .text               c_w.l(rt_locale_intlibspace.o)
    0x08008c28   0x08008c28   0x00000008   Code   RO         1512    .text               c_w.l(rt_errno_addr_intlibspace.o)
    0x08008c30   0x08008c30   0x00000000   Code   RO         1516    .text               c_w.l(maybetermalloc1.o)
    0x08008c30   0x08008c30   0x00000034   Code   RO         1518    .text               c_w.l(h1_extend.o)
    0x08008c64   0x08008c64   0x0000008a   Code   RO         1522    .text               c_w.l(lludiv10.o)
    0x08008cee   0x08008cee   0x00000002   PAD
    0x08008cf0   0x08008cf0   0x00000080   Code   RO         1524    .text               c_w.l(_printf_fp_infnan.o)
    0x08008d70   0x08008d70   0x000000e4   Code   RO         1528    .text               c_w.l(bigflt0.o)
    0x08008e54   0x08008e54   0x00000008   Code   RO         1555    .text               c_w.l(ferror.o)
    0x08008e5c   0x08008e5c   0x0000000e   Code   RO         1562    .text               c_w.l(defsig_rtmem_outer.o)
    0x08008e6a   0x08008e6a   0x00000002   Code   RO         1577    .text               c_w.l(use_no_semi.o)
    0x08008e6c   0x08008e6c   0x00000000   Code   RO         1579    .text               c_w.l(indicate_semi.o)
    0x08008e6c   0x08008e6c   0x0000004a   Code   RO         1580    .text               c_w.l(sys_stackheap_outer.o)
    0x08008eb6   0x08008eb6   0x00000012   Code   RO         1588    .text               c_w.l(exit.o)
    0x08008ec8   0x08008ec8   0x0000000a   Code   RO         1590    .text               c_w.l(defsig_exit.o)
    0x08008ed2   0x08008ed2   0x00000002   PAD
    0x08008ed4   0x08008ed4   0x00000050   Code   RO         1592    .text               c_w.l(defsig_rtmem_inner.o)
    0x08008f24   0x08008f24   0x00000004   PAD
    0x08008f28   0x08008f28   0x0000007c   Code   RO         1594    .text               c_w.l(strcmpv7em.o)
    0x08008fa4   0x08008fa4   0x00000032   Code   RO         1618    .text               c_w.l(defsig_general.o)
    0x08008fd6   0x08008fd6   0x0000000e   Code   RO         1638    .text               c_w.l(sys_wrch.o)
    0x08008fe4   0x08008fe4   0x0000003e   Code   RO         1531    CL$$btod_d2e        c_w.l(btod.o)
    0x08009022   0x08009022   0x00000046   Code   RO         1533    CL$$btod_d2e_denorm_low  c_w.l(btod.o)
    0x08009068   0x08009068   0x00000060   Code   RO         1532    CL$$btod_d2e_norm_op1  c_w.l(btod.o)
    0x080090c8   0x080090c8   0x00000338   Code   RO         1541    CL$$btod_div_common  c_w.l(btod.o)
    0x08009400   0x08009400   0x000000dc   Code   RO         1538    CL$$btod_e2e        c_w.l(btod.o)
    0x080094dc   0x080094dc   0x0000002a   Code   RO         1535    CL$$btod_ediv       c_w.l(btod.o)
    0x08009506   0x08009506   0x0000002a   Code   RO         1534    CL$$btod_emul       c_w.l(btod.o)
    0x08009530   0x08009530   0x00000244   Code   RO         1540    CL$$btod_mult_common  c_w.l(btod.o)
    0x08009774   0x08009774   0x00000030   Code   RO         1471    i.__ARM_fpclassify  m_wv.l(fpclassify.o)
    0x080097a4   0x080097a4   0x00000004   PAD
    0x080097a8   0x080097a8   0x000008c4   Code   RO         1347    i.__hardfp_pow      m_wv.l(pow.o)
    0x0800a06c   0x0800a06c   0x00000070   Code   RO         1473    i.__kernel_poly     m_wv.l(poly.o)
    0x0800a0dc   0x0800a0dc   0x00000004   PAD
    0x0800a0e0   0x0800a0e0   0x00000018   Code   RO         1451    i.__mathlib_dbl_divzero  m_wv.l(dunder.o)
    0x0800a0f8   0x0800a0f8   0x00000006   Code   RO         1453    i.__mathlib_dbl_infnan2  m_wv.l(dunder.o)
    0x0800a0fe   0x0800a0fe   0x00000002   PAD
    0x0800a100   0x0800a100   0x00000018   Code   RO         1454    i.__mathlib_dbl_invalid  m_wv.l(dunder.o)
    0x0800a118   0x0800a118   0x00000018   Code   RO         1455    i.__mathlib_dbl_overflow  m_wv.l(dunder.o)
    0x0800a130   0x0800a130   0x00000018   Code   RO         1457    i.__mathlib_dbl_underflow  m_wv.l(dunder.o)
    0x0800a148   0x0800a148   0x0000000e   Code   RO         1289    i._is_digit         c_w.l(__printf_wp.o)
    0x0800a156   0x0800a156   0x00000018   Code   RO         1467    i.fabs              m_wv.l(fabs.o)
    0x0800a16e   0x0800a16e   0x0000006a   Code   RO         1478    i.sqrt              m_wv.l(sqrt.o)
    0x0800a1d8   0x0800a1d8   0x0000002c   Code   RO         1560    locale$$code        c_w.l(lc_numeric_c.o)
    0x0800a204   0x0800a204   0x0000000e   Code   RO         1317    x$fpl$d2f           fz_wv.l(d2f.o)
    0x0800a212   0x0800a212   0x00000002   PAD
    0x0800a214   0x0800a214   0x00000010   Code   RO         1571    x$fpl$dcheck1       fz_wv.l(dcheck1.o)
    0x0800a224   0x0800a224   0x00000012   Code   RO         1325    x$fpl$ddiv          fz_wv.l(ddiv.o)
    0x0800a236   0x0800a236   0x0000000e   Code   RO         1329    x$fpl$dfix          fz_wv.l(dfix.o)
    0x0800a244   0x0800a244   0x0000000e   Code   RO         1338    x$fpl$dflt          fz_wv.l(dflt.o)
    0x0800a252   0x0800a252   0x0000000e   Code   RO         1337    x$fpl$dfltu         fz_wv.l(dflt.o)
    0x0800a260   0x0800a260   0x00000012   Code   RO         1341    x$fpl$dmul          fz_wv.l(dmul.o)
    0x0800a272   0x0800a272   0x00000012   Code   RO         1321    x$fpl$drsb          fz_wv.l(daddsub.o)
    0x0800a284   0x0800a284   0x0000000e   Code   RO         1343    x$fpl$f2d           fz_wv.l(f2d.o)
    0x0800a292   0x0800a292   0x0000001a   Code   RO         1573    x$fpl$fpinit        fz_wv.l(fpinit.o)
    0x0800a2ac   0x0800a2ac   0x00000004   Code   RO         1345    x$fpl$printf1       fz_wv.l(printf1.o)
    0x0800a2b0   0x0800a2b0   0x00000064   Code   RO         1606    x$fpl$retnan        fz_wv.l(retnan.o)
    0x0800a314   0x0800a314   0x0000005c   Code   RO         1448    x$fpl$scalbn        fz_wv.l(scalbn.o)
    0x0800a370   0x0800a370   0x00000030   Code   RO         1636    x$fpl$trapveneer    fz_wv.l(trapv.o)
    0x0800a3a0   0x0800a3a0   0x00000000   Code   RO         1450    x$fpl$usenofp       fz_wv.l(usenofp.o)
    0x0800a3a0   0x0800a3a0   0x00000008   Data   RO          711    .constdata          dwin.o
    0x0800a3a8   0x0800a3a8   0x00000028   Data   RO         1262    .constdata          c_w.l(_printf_hex_int.o)
    0x0800a3d0   0x0800a3d0   0x00000011   Data   RO         1292    .constdata          c_w.l(__printf_flags_wp.o)
    0x0800a3e1   0x0800a3e1   0x00000007   PAD
    0x0800a3e8   0x0800a3e8   0x00000088   Data   RO         1350    .constdata          m_wv.l(pow.o)
    0x0800a470   0x0800a470   0x00000008   Data   RO         1475    .constdata          m_wv.l(qnan.o)
    0x0800a478   0x0800a478   0x00000094   Data   RO         1529    .constdata          c_w.l(bigflt0.o)
    0x0800a50c   0x0800a50c   0x000000d4   Data   RO          739    .conststring        esp8266.o
    0x0800a5e0   0x0800a5e0   0x0000017d   Data   RO         1151    .conststring        test.o
    0x0800a75d   0x0800a75d   0x00000003   PAD
    0x0800a760   0x0800a760   0x00000020   Data   RO         1671    Region$$Table       anon$$obj.o
    0x0800a780   0x0800a780   0x0000001c   Data   RO         1559    locale$$data        c_w.l(lc_numeric_c.o)


    Execution Region ER_RW (Exec base: 0x20000000, Load base: 0x0800a79c, Size: 0x000000e8, Max: 0xffffffff, ABSOLUTE)

    Exec Addr    Load Addr    Size         Type   Attr      Idx    E Section Name        Object

    0x20000000   0x0800a79c   0x00000004   Data   RW            4    .data               system_gd32f4xx.o
    0x20000004   0x0800a7a0   0x00000004   Data   RW          370    .data               board.o
    0x20000008   0x0800a7a4   0x00000006   Data   RW          430    .data               board_uart.o
    0x2000000e   0x0800a7aa   0x00000002   PAD
    0x20000010   0x0800a7ac   0x00000004   Data   RW          480    .data               systick.o
    0x20000014   0x0800a7b0   0x00000008   Data   RW          529    .data               bsp_basic_timer.o
    0x2000001c   0x0800a7b8   0x00000008   Data   RW          580    .data               bsp_pwm.o
    0x20000024   0x0800a7c0   0x00000002   Data   RW          607    .data               bsp_usart.o
    0x20000026   0x0800a7c2   0x00000002   PAD
    0x20000028   0x0800a7c4   0x00000004   Data   RW          657    .data               bmp180.o
    0x2000002c   0x0800a7c8   0x00000006   Data   RW          712    .data               dwin.o
    0x20000032   0x0800a7ce   0x00000002   PAD
    0x20000034   0x0800a7d0   0x0000005d   Data   RW          740    .data               esp8266.o
    0x20000091   0x0800a82d   0x00000003   PAD
    0x20000094   0x0800a830   0x00000004   Data   RW          769    .data               flame.o
    0x20000098   0x0800a834   0x00000010   Data   RW          796    .data               fpm383.o
    0x200000a8   0x0800a844   0x0000000c   Data   RW          822    .data               hx1838.o
    0x200000b4   0x0800a850   0x00000004   Data   RW          848    .data               ky037.o
    0x200000b8   0x0800a854   0x00000004   Data   RW          905    .data               mq2.o
    0x200000bc   0x0800a858   0x00000005   Data   RW          931    .data               rc522.o
    0x200000c1   0x0800a85d   0x00000003   PAD
    0x200000c4   0x0800a860   0x00000004   Data   RW          980    .data               sr602.o
    0x200000c8   0x0800a864   0x00000005   Data   RW         1006    .data               step2p4w.o
    0x200000cd   0x0800a869   0x00000003   PAD
    0x200000d0   0x0800a86c   0x0000000c   Data   RW         1031    .data               su03t.o
    0x200000dc   0x0800a878   0x00000005   Data   RW         1057    .data               tc1508.o
    0x200000e1   0x0800a87d   0x00000001   PAD
    0x200000e2   0x0800a87e   0x00000006   Data   RW         1152    .data               test.o


    Execution Region ER_ZI (Exec base: 0x200000e8, Load base: 0x0800a884, Size: 0x00011808, Max: 0xffffffff, ABSOLUTE)

    Exec Addr    Load Addr    Size         Type   Attr      Idx    E Section Name        Object

    0x200000e8        -       0x00000400   Zero   RW          429    .bss                board_uart.o
    0x200004e8        -       0x00000400   Zero   RW          606    .bss                bsp_usart.o
    0x200008e8        -       0x00000016   Zero   RW          656    .bss                bmp180.o
    0x200008fe        -       0x00000009   Zero   RW          710    .bss                dwin.o
    0x20000907        -       0x00000770   Zero   RW          738    .bss                esp8266.o
    0x20001077   0x0800a884   0x00000001   PAD
    0x20001078        -       0x00010014   Zero   RW          795    .bss                fpm383.o
    0x2001108c        -       0x00000060   Zero   RW         1487    .bss                c_w.l(libspace.o)
    0x200110ec   0x0800a884   0x00000004   PAD
    0x200110f0        -       0x00000400   Zero   RW          137    HEAP                startup_gd32f407_427.o
    0x200114f0        -       0x00000400   Zero   RW          136    STACK               startup_gd32f407_427.o


==============================================================================

Image component sizes


      Code (inc. data)   RO Data    RW Data    ZI Data      Debug   Object Name

       312         10          0          0          0       1666   beep.o
      1812        188          0          4         22       5345   bmp180.o
       116         14          0          4          0       4569   board.o
       408         14          0          0          0       1424   board_led.o
       368         30          0          6       1024       2798   board_uart.o
       364         18          0          8          0       3018   bsp_basic_timer.o
       556         16          0          8          0       3788   bsp_pwm.o
       460         26          0          2       1024       2778   bsp_usart.o
       432         34          0          0          0       1751   dht11.o
       520         32          8          6          9       3935   dwin.o
      1312        368        212         93       1904       6435   esp8266.o
       468         32          0          4          0       2968   flame.o
      1316         66          0         16      65556       7791   fpm383.o
      1784         20          0          0          0      11432   gd32f4xx_adc.o
       356          4          0          0          0       2809   gd32f4xx_exti.o
       544         10          0          0          0       4346   gd32f4xx_gpio.o
        40          0          0          0          0       1522   gd32f4xx_it.o
       324         20          0          0          0       2081   gd32f4xx_misc.o
      2244         74          0          0          0      11245   gd32f4xx_rcu.o
       316          4          0          0          0       2430   gd32f4xx_syscfg.o
      3668         42          0          0          0      19022   gd32f4xx_timer.o
      1486         14          0          0          0      12192   gd32f4xx_usart.o
       704         30          0         12          0       3770   hx1838.o
       504         40          0          4          0       3027   ky037.o
        20          0          0          0          0        599   main.o
       140          6          0          0          0       1137   motor.o
       552         46          0          4          0       3005   mq2.o
      2248        152          0          5          0       7744   rc522.o
       144          4          0          0          0       1309   relay.o
       120          8          0          4          0       1743   sr602.o
        64         26        392          0       2048       1024   startup_gd32f407_427.o
       312         12          0          5          0       1905   step2p4w.o
       432         34          0         12          0       3436   su03t.o
       752         54          0          4          0      74017   system_gd32f4xx.o
       200         16          0          4          0      28824   systick.o
       324         14          0          5          0       1828   tc1508.o
       372         34          0          0          0       1468   temt6000.o
      6092       2386        381          6          0       9736   test.o
       276          6          0          0          0       2482   ws2812.o

    ----------------------------------------------------------------------
     32464       3904       1028        232      71588     262399   Object Totals
         0          0         32          0          0          0   (incl. Generated)
         2          0          3         16          1          0   (incl. Padding)

    ----------------------------------------------------------------------

      Code (inc. data)   RO Data    RW Data    ZI Data      Debug   Library Member Name

         8          0          0          0          0         68   __main.o
       312          4         17          0          0         92   __printf_flags_wp.o
        14          0          0          0          0         68   __printf_wp.o
         0          0          0          0          0          0   __rtentry.o
        12          0          0          0          0          0   __rtentry2.o
         6          0          0          0          0          0   __rtentry4.o
        94          8          0          0          0          0   __scatter.o
        26          0          0          0          0          0   __scatter_copy.o
        28          0          0          0          0          0   __scatter_zi.o
         6          0          0          0          0          0   _printf_c.o
        44          0          0          0          0        108   _printf_char.o
        48          6          0          0          0         96   _printf_char_common.o
        36          4          0          0          0         80   _printf_char_file.o
         6          0          0          0          0          0   _printf_d.o
       120         16          0          0          0         92   _printf_dec.o
         6          0          0          0          0          0   _printf_f.o
      1052          0          0          0          0        148   _printf_fp_dec.o
       128         16          0          0          0         84   _printf_fp_infnan.o
        88          4         40          0          0         88   _printf_hex_int.o
       178          0          0          0          0         88   _printf_intcommon.o
         0          0          0          0          0          0   _printf_percent.o
         4          0          0          0          0          0   _printf_percent_end.o
         6          0          0          0          0          0   _printf_s.o
        82          0          0          0          0         80   _printf_str.o
         6          0          0          0          0          0   _printf_x.o
        22          0          0          0          0        100   _rserrno.o
        10          0          0          0          0         68   _sputc.o
       228          4        148          0          0         96   bigflt0.o
      1936        128          0          0          0        668   btod.o
        10          0          0          0          0         68   defsig_exit.o
        50          0          0          0          0         88   defsig_general.o
        80         58          0          0          0         76   defsig_rtmem_inner.o
        14          0          0          0          0         80   defsig_rtmem_outer.o
        18          0          0          0          0         80   exit.o
         8          0          0          0          0         68   ferror.o
        94          0          0          0          0         80   h1_alloc.o
        52          0          0          0          0         68   h1_extend.o
        78          0          0          0          0         80   h1_free.o
        12          0          0          0          0         84   h1_init.o
         6          0          0          0          0        152   heapauxi.o
         4          0          0          0          0        136   hguard.o
         0          0          0          0          0          0   indicate_semi.o
       138          0          0          0          0        168   init_alloc.o
        44         10         28          0          0         76   lc_numeric_c.o
         2          0          0          0          0          0   libinit.o
        30          0          0          0          0          0   libinit2.o
         2          0          0          0          0          0   libshutdown.o
         2          0          0          0          0          0   libshutdown2.o
         8          4          0          0         96         68   libspace.o
       138          0          0          0          0         80   lludiv10.o
         0          0          0          0          0          0   maybetermalloc1.o
        24          4          0          0          0         84   noretval__2printf.o
        40          6          0          0          0         84   noretval__2sprintf.o
         8          4          0          0          0         68   rt_errno_addr_intlibspace.o
         8          4          0          0          0         68   rt_heap_descriptor_intlibspace.o
         8          4          0          0          0         68   rt_locale_intlibspace.o
        68          0          0          0          0         68   rt_memclr.o
        78          0          0          0          0         80   rt_memclr_w.o
       100          0          0          0          0         80   rt_memcpy_w.o
         2          0          0          0          0          0   rtexit.o
        10          0          0          0          0          0   rtexit2.o
       124          0          0          0          0         88   strcmpv7em.o
        62          0          0          0          0         76   strlen.o
        36          0          0          0          0         80   strstr.o
        74          0          0          0          0         80   sys_stackheap_outer.o
        14          0          0          0          0         76   sys_wrch.o
         2          0          0          0          0         68   use_no_semi.o
        14          0          0          0          0        116   d2f.o
        18          0          0          0          0        116   daddsub.o
        16          4          0          0          0        116   dcheck1.o
        18          0          0          0          0        116   ddiv.o
        14          0          0          0          0        116   dfix.o
        28          0          0          0          0        232   dflt.o
        18          0          0          0          0        116   dmul.o
        14          0          0          0          0        116   f2d.o
        26          0          0          0          0        116   fpinit.o
         4          0          0          0          0        116   printf1.o
       100          0          0          0          0        116   retnan.o
        92          0          0          0          0        116   scalbn.o
        48          0          0          0          0        116   trapv.o
         0          0          0          0          0          0   usenofp.o
       102         52          0          0          0        580   dunder.o
        24          0          0          0          0        124   fabs.o
        48          0          0          0          0        124   fpclassify.o
       112          0          0          0          0        116   poly.o
      2244        252        136          0          0        320   pow.o
         0          0          8          0          0          0   qnan.o
       106          0          0          0          0        140   sqrt.o

    ----------------------------------------------------------------------
      9032        596        384          0        100       7572   Library Totals
        32          4          7          0          4          0   (incl. Padding)

    ----------------------------------------------------------------------

      Code (inc. data)   RO Data    RW Data    ZI Data      Debug   Library Name

      5954        284        233          0         96       4544   c_w.l
       410          4          0          0          0       1624   fz_wv.l
      2636        304        144          0          0       1404   m_wv.l

    ----------------------------------------------------------------------
      9032        596        384          0        100       7572   Library Totals

    ----------------------------------------------------------------------

==============================================================================


      Code (inc. data)   RO Data    RW Data    ZI Data      Debug   

     41496       4500       1412        232      71688     258139   Grand Totals
     41496       4500       1412        232      71688     258139   ELF Image Totals
     41496       4500       1412        232          0          0   ROM Totals

==============================================================================

    Total RO  Size (Code + RO Data)                42908 (  41.90kB)
    Total RW  Size (RW Data + ZI Data)             71920 (  70.23kB)
    Total ROM Size (Code + RO Data + RW Data)      43140 (  42.13kB)

==============================================================================

