<html>
<body>
<pre>
<h1>礦ision Build Log</h1>
<h2>Tool Versions:</h2>
IDE-Version: μVision V5.24.2.0
Copyright (C) 2017 ARM Ltd and ARM Germany GmbH. All rights reserved.
License Information: hi YM, gg, LIC=65ISZ-J9FDJ-WFJI7-EJWK3-YESB5-FJHTK
 
Tool Versions:
Toolchain:       MDK-ARM Plus  Version: 5.24.1
Toolchain Path:  D:\KEIL MDK\ARM\ARMCC\Bin
C Compiler:      Armcc.exe V5.06 update 5 (build 528)
Assembler:       Armasm.exe V5.06 update 5 (build 528)
Linker/Locator:  ArmLink.exe V5.06 update 5 (build 528)
Library Manager: ArmAr.exe V5.06 update 5 (build 528)
Hex Converter:   FromElf.exe V5.06 update 5 (build 528)
CPU DLL:         SARMCM3.DLL V5.24.1
Dialog DLL:      DCM.DLL V1.16.0.0
Target DLL:      STLink\ST-LINKIII-KEIL_SWO.dll V3.0.1.0
Dialog DLL:      TCM.DLL V1.32.0.0
 
<h2>Project:</h2>
D:\keil mdk project\任务六平衡小车\平衡小车代码2\平衡车开源\代码\STM32F103C8T6平衡车\USER\平衡车.uvprojx
Project File Date:  10/26/2023

<h2>Output:</h2>
*** Using Compiler 'V5.06 update 5 (build 528)', folder: 'D:\KEIL MDK\ARM\ARMCC\Bin'
Rebuild target 'Target 1'
assembling startup_stm32f10x_md.s...
compiling stm32f10x_bkp.c...
compiling system_stm32f10x.c...
compiling stm32f10x_tim.c...
compiling misc.c...
compiling stm32f10x_can.c...
compiling stm32f10x_cec.c...
compiling stm32f10x_adc.c...
compiling main.c...
..\ELSE\usart2\usart2.h(12): warning:  #1-D: last line of file ends without a newline
  #endif
main.c(25): warning:  #177-D: variable "CNT"  was declared but never referenced
  	 int CNT=1000000;
main.c: 2 warnings, 0 errors
compiling stm32f10x_it.c...
compiling stm32f10x_crc.c...
compiling core_cm3.c...
compiling stm32f10x_dbgmcu.c...
compiling stm32f10x_iwdg.c...
compiling stm32f10x_dac.c...
compiling stm32f10x_exti.c...
compiling stm32f10x_pwr.c...
compiling stm32f10x_i2c.c...
compiling stm32f10x_flash.c...
compiling stm32f10x_fsmc.c...
compiling stm32f10x_gpio.c...
compiling stm32f10x_dma.c...
compiling stm32f10x_rcc.c...
compiling delay.c...
compiling stm32f10x_wwdg.c...
compiling stm32f10x_rtc.c...
compiling stm32f10x_spi.c...
compiling timer.c...
compiling stm32f10x_sdio.c...
compiling stm32f10x_usart.c...
compiling usart.c...
compiling pid.c...
compiling usart2.c...
..\ELSE\usart2\usart2.h(12): warning:  #1-D: last line of file ends without a newline
  #endif
..\ELSE\usart2\usart2.c(79): warning:  #177-D: variable "ucTemp"  was declared but never referenced
              uint8_t ucTemp,a[3],i=0;
..\ELSE\usart2\usart2.c(108): warning:  #1-D: last line of file ends without a newline
      
..\ELSE\usart2\usart2.c: 3 warnings, 0 errors
compiling oled_i2c.c...
compiling inv_mpu.c...
compiling KEY.c...
KEY.h(9): warning:  #1-D: last line of file ends without a newline
  #endif
KEY.c: 1 warning, 0 errors
compiling inv_mpu_dmp_motion_driver.c...
compiling mpu6050.c...
compiling mpuiic.c...
compiling motor.c...
compiling mpuexti.c...
compiling oled.c...
compiling sys.c...
linking...
Program Size: Code=27572 RO-data=5820 RW-data=168 ZI-data=1648  
FromELF: creating hex file...
"..\OBJ\平衡车.axf" - 0 Error(s), 6 Warning(s).

<h2>Software Packages used:</h2>

Package Vendor: Keil
                http://www.keil.com/pack/Keil.STM32F1xx_DFP.2.2.0.pack
                Keil.STM32F1xx_DFP.2.2.0
                STMicroelectronics STM32F1 Series Device Support, Drivers and Examples

<h2>Collection of Component include folders:</h2>
  .\RTE\_Target_1
  D:\KEIL MDK\ARM\PACK\Keil\STM32F1xx_DFP\2.2.0\Device\Include

<h2>Collection of Component Files used:</h2>
Build Time Elapsed:  00:00:08
</pre>
</body>
</html>
