<html>
<body>
<pre>
<h1>µVision Build Log</h1>
<h2>Tool Versions:</h2>
IDE-Version: ¦ÌVision V5.25.3.0
Copyright (C) 2018 ARM Ltd and ARM Germany GmbH. All rights reserved.
License Information: werfgh YM, f, LIC=76F5U-SX8JB-VEXHA-1RMSQ-RJ7CK-DK6BF
 
Tool Versions:
Toolchain:       MDK-ARM Plus  Version: 5.18
Toolchain Path:  D:\Program Files\KEIL V5\core\ARM\ARMCC\Bin
C Compiler:      Armcc.exe V5.06 update 1 (build 61)
Assembler:       Armasm.exe V5.06 update 1 (build 61)
Linker/Locator:  ArmLink.exe V5.06 update 1 (build 61)
Library Manager: ArmAr.exe V5.06 update 1 (build 61)
Hex Converter:   FromElf.exe V5.06 update 1 (build 61)
CPU DLL:         SARMCM3.DLL V5.18
Dialog DLL:      DCM.DLL V1.13.6.0
Target DLL:      STLink\ST-LINKIII-KEIL_SWO.dll V2.0.18.0
Dialog DLL:      TCM.DLL V1.14.8.0
 
<h2>Project:</h2>
D:\board\GD32F427\SmartHome\project\keil5 - ¸±±¾\project.uvprojx
Project File Date:  09/29/2024

<h2>Output:</h2>
*** Using Compiler 'V5.06 update 1 (build 61)', folder: 'D:\Program Files\KEIL V5\core\ARM\ARMCC\Bin'
Rebuild target 'SmartHome'
assembling startup_gd32f407_427.s...
compiling system_gd32f4xx.c...
compiling gd32f4xx_adc.c...
compiling gd32f4xx_spi.c...
compiling gd32f4xx_syscfg.c...
compiling gd32f4xx_i2c.c...
compiling gd32f4xx_exti.c...
compiling gd32f4xx_gpio.c...
compiling gd32f4xx_rcu.c...
compiling gd32f4xx_misc.c...
compiling gd32f4xx_usart.c...
compiling gd32f4xx_dma.c...
compiling gd32f4xx_timer.c...
compiling board.c...
compiling board_led.c...
compiling gd32f4xx_it.c...
compiling board_uart.c...
compiling systick.c...
compiling bsp_adc.c...
compiling bsp_basic_timer.c...
compiling bsp_led.c...
compiling bsp_pwm.c...
compiling bsp_usart.c...
compiling beep.c...
compiling dht11.c...
compiling bmp180.c...
compiling dwin.c...
compiling esp8266.c...
compiling flame.c...
compiling fpm383.c...
compiling hx1838.c...
compiling motor.c...
compiling ky037.c...
compiling mq2.c...
compiling rc522.c...
compiling relay.c...
compiling sr602.c...
compiling step2p4w.c...
compiling su03t.c...
compiling tc1508.c...
compiling temt6000.c...
compiling ws2812.c...
compiling main.c...
compiling test_init.c...
test_init.c(77): warning:  #1-D: last line of file ends without a newline
  }
test_init.c: 1 warning, 0 errors
compiling test.c...
..\..\app\src\test.c(147): warning:  #870-D: invalid multibyte character sequence
      printf("å¼€å§?æµ?è¯? èœ?é¸?å™?\r\n");
..\..\app\src\test.c(159): warning:  #870-D: invalid multibyte character sequence
      printf("èœ?é¸?å™? æµ?è¯?ç»?æ?\r\n");
..\..\app\src\test.c(167): warning:  #870-D: invalid multibyte character sequence
      printf("å¼€å§?æµ?è¯? æ°?å?ä¼?æ„?å™?\r\n");
..\..\app\src\test.c(177): warning:  #870-D: invalid multibyte character sequence
      printf("å½?å‰?ç?å¢?æ¸?åº?ä¸? %.2f æ‘?æ°?åº?, å¤?æ°?å?å¼?ä¸? %.2f å¸?\r\n", t, p);
..\..\app\src\test.c(177): warning:  #870-D: invalid multibyte character sequence
      printf("å½?å‰?ç?å¢?æ¸?åº?ä¸? %.2f æ‘?æ°?åº?, å¤?æ°?å?å¼?ä¸? %.2f å¸?\r\n", t, p);
..\..\app\src\test.c(177): warning:  #870-D: invalid multibyte character sequence
      printf("å½?å‰?ç?å¢?æ¸?åº?ä¸? %.2f æ‘?æ°?åº?, å¤?æ°?å?å¼?ä¸? %.2f å¸?\r\n", t, p);
..\..\app\src\test.c(181): warning:  #870-D: invalid multibyte character sequence
      printf("æ°?å?ä¼?æ„?å™? æµ?è¯?ç»?æ?\r\n");
..\..\app\src\test.c(189): warning:  #870-D: invalid multibyte character sequence
      printf("å¼€å§?æµ?è¯? æ¸?æ¹?åº?ä¼?æ„?å™?\r\n");
..\..\app\src\test.c(202): warning:  #870-D: invalid multibyte character sequence
          printf("å½?å‰?æ¸?åº?ä¸? %.2f æ‘?æ°?åº?, ç›?å¯?æ¹?åº?ä¸? %.2f%%\r\n", tem, hum);
..\..\app\src\test.c(202): warning:  #870-D: invalid multibyte character sequence
          printf("å½?å‰?æ¸?åº?ä¸? %.2f æ‘?æ°?åº?, ç›?å¯?æ¹?åº?ä¸? %.2f%%\r\n", tem, hum);
..\..\app\src\test.c(202): warning:  #870-D: invalid multibyte character sequence
          printf("å½?å‰?æ¸?åº?ä¸? %.2f æ‘?æ°?åº?, ç›?å¯?æ¹?åº?ä¸? %.2f%%\r\n", tem, hum);
..\..\app\src\test.c(216): warning:  #870-D: invalid multibyte character sequence
      printf("å¼€å§?æµ?è¯? å±?å¹?\r\n");
..\..\app\src\test.c(222): warning:  #870-D: invalid multibyte character sequence
      printf("è¯?ç‚?å‡?å±?å¹?å·?ä¸?æ–?çš? [æ•?å€?è°?èŠ?] å›?æ ?\r\n");
..\..\app\src\test.c(233): warning:  #870-D: invalid multibyte character sequence
          printf("è¯?å?åˆ?è§?æ‘?åœ?å€å€? %#x, å±?å¹?è§?æ‘?æ­?å¸?\r\n", test_temp);
..\..\app\src\test.c(249): warning:  #870-D: invalid multibyte character sequence
      printf("å¼€å§?æµ?è¯? WiFi æ¨?å?\r\n");
..\..\app\src\test.c(269): warning:  #870-D: invalid multibyte character sequence
      printf("å¼€å§?æµ?è¯? ç?ç„?ä¼?æ„?å™?\r\n");
..\..\app\src\test.c(292): warning:  #870-D: invalid multibyte character sequence
          printf("ç?ç„?ä¼?æ„?å™? æµ?è¯?ç»?æ?\r\n");
..\..\app\src\test.c(302): warning:  #870-D: invalid multibyte character sequence
      printf("å¼€å§?æµ?è¯? æŒ?çº?ä¼?æ„?å™?\r\n");
..\..\app\src\test.c(329): warning:  #870-D: invalid multibyte character sequence
          printf("æŒ?çº?ä¼?æ„?å™? æµ?è¯?ç»?æ?\r\n");
..\..\app\src\test.c(344): warning:  #870-D: invalid multibyte character sequence
      printf("å¼€å§?æµ?è¯? çº?å¤?æ?æ”?æ¨?å?\r\n");
..\..\app\src\test.c(363): warning:  #870-D: invalid multibyte character sequence
          printf("æ”?åˆ?çº?å¤?æŒ?é”?ç ? %#x, å¯?åº?æŒ?é”?ä¸? %c\r\n", ir_code, ir_convert_code(ir_code));
..\..\app\src\test.c(363): warning:  #870-D: invalid multibyte character sequence
          printf("æ”?åˆ?çº?å¤?æŒ?é”?ç ? %#x, å¯?åº?æŒ?é”?ä¸? %c\r\n", ir_code, ir_convert_code(ir_code));
..\..\app\src\test.c(379): warning:  #870-D: invalid multibyte character sequence
      printf("å¼€å§?æµ?è¯? å£?éŸ?ä¼?æ„?å™?\r\n");
..\..\app\src\test.c(398): warning:  #870-D: invalid multibyte character sequence
      printf("å£?éŸ?ä¼?æ„?å™? æµ?è¯?ç»?æ?\r\n");
..\..\app\src\test.c(406): warning:  #870-D: invalid multibyte character sequence
      printf("å¼€å§?æµ?è¯? LED å?å…?äº?æ?ç®?\r\n");
..\..\app\src\test.c(439): warning:  #870-D: invalid multibyte character sequence
      printf("å¼€å§?æµ?è¯? ç›?æµ?ç”?æœ?\r\n");
..\..\app\src\test.c(445): warning:  #870-D: invalid multibyte character sequence
      printf("ç”?æœ?è½?é€? 20%%\r\n");
..\..\app\src\test.c(477): warning:  #870-D: invalid multibyte character sequence
      printf("å¼€å§?æµ?è¯? çƒ?é›?ä¼?æ„?å™?\r\n");
..\..\app\src\test.c(501): warning:  #870-D: invalid multibyte character sequence
          printf("çƒ?é›?ä¼?æ„?å™? æµ?è¯?ç»?æ?\r\n");
..\..\app\src\test.c(511): warning:  #870-D: invalid multibyte character sequence
      printf("å¼€å§?æµ?è¯? å°?é¢?æ„?åº?æ¨?å?\r\n");
..\..\app\src\test.c(518): warning:  #870-D: invalid multibyte character sequence
      printf("è¯?åˆ?å?æµ?è¯? (å°?å?ç‰?è´?ç´?ä¼?æ„?å™?)\r\n");
..\..\app\src\test.c(549): warning:  #870-D: invalid multibyte character sequence
      printf("å¼€å§?æµ?è¯? ç»?ç”?å™?æ¨?å?\r\n");
..\..\app\src\test.c(556): warning:  #870-D: invalid multibyte character sequence
      printf("ç»?ç”?å™? 1 é€?æ–? 3 æ¬?\r\n");
..\..\app\src\test.c(568): warning:  #870-D: invalid multibyte character sequence
      printf("ç»?ç”?å™? 2 é€?æ–? 3 æ¬?\r\n");
..\..\app\src\test.c(580): warning:  #870-D: invalid multibyte character sequence
      printf("ç»?ç”?å™?æ¨?å? æµ?è¯?ç»?æ?\r\n");
..\..\app\src\test.c(588): warning:  #870-D: invalid multibyte character sequence
      printf("å¼€å§?æµ?è¯? çº?å¤?æ„?åº?æ¨?å?\r\n");
..\..\app\src\test.c(622): warning:  #870-D: invalid multibyte character sequence
      printf("å¼€å§?æµ?è¯? æ­?è¿?ç”?æœ?\r\n");
..\..\app\src\test.c(651): warning:  #870-D: invalid multibyte character sequence
      printf("å¼€å§?æµ?è¯? æ­?è¿?ç”?æœ?\r\n");
..\..\app\src\test.c(680): warning:  #870-D: invalid multibyte character sequence
      printf("å¼€å§?æµ?è¯? å…?æ•?ä¼?æ„?å™?\r\n");
..\..\app\src\test.c(699): warning:  #870-D: invalid multibyte character sequence
      printf("å…?æ•?ä¼?æ„?å™? æµ?è¯?ç»?æ?\r\n");
..\..\app\src\test.c(707): warning:  #870-D: invalid multibyte character sequence
      printf("å¼€å§?æµ?è¯? å½?è‰?ç?ç?\r\n");
..\..\app\src\test.c: 41 warnings, 0 errors
linking...
Program Size: Code=45632 RO-data=1412 RW-data=232 ZI-data=71688  
FromELF: creating hex file...
".\Objects\project.axf" - 0 Error(s), 42 Warning(s).

<h2>Software Packages used:</h2>

Package Vendor: GigaDevice
                https://gd32mcu.com/data/documents/pack/GigaDevice.GD32F4xx_DFP.3.2.0.pack
                GigaDevice.GD32F4xx_DFP.3.2.0
                GigaDevice GD32F4xx Series Device Support and Examples

<h2>Collection of Component include folders:</h2>
  .\RTE\_SmartHome
  D:\Program Files\KEIL V5\core\ARM\PACK\GigaDevice\GD32F4xx_DFP\3.2.0\Device\F4XX\Include

<h2>Collection of Component Files used:</h2>
Build Time Elapsed:  00:00:06
</pre>
</body>
</html>
