Component: ARM Compiler 5.06 update 1 (build 61) Tool: armlink [4d35a8]

==============================================================================

Section Cross References

    main.o(i.main) refers to stm32f4xx_hal.o(i.HAL_Init) for HAL_Init
    main.o(i.main) refers to sys.o(i.Stm32_Clock_Init) for Stm32_Clock_Init
    main.o(i.main) refers to delay.o(i.delay_init) for delay_init
    main.o(i.main) refers to led.o(i.LED_Init) for LED_Init
    main.o(i.main) refers to key.o(i.KEY_Init) for KEY_Init
    main.o(i.main) refers to mpu6050.o(i.MPU_Init) for MPU_Init
    main.o(i.main) refers to oled.o(i.OLED_Init) for OLED_Init
    main.o(i.main) refers to oled.o(i.OLED_Clear) for OLED_Clear
    main.o(i.main) refers to freertos_demo.o(i.freertos_demo) for freertos_demo
    system_stm32f4xx.o(i.SystemCoreClockUpdate) refers to system_stm32f4xx.o(.data) for SystemCoreClock
    system_stm32f4xx.o(i.SystemCoreClockUpdate) refers to system_stm32f4xx.o(.constdata) for AHBPrescTable
    freertos_demo.o(i.freertos_demo) refers to tasks.o(i.xTaskCreate) for xTaskCreate
    freertos_demo.o(i.freertos_demo) refers to tasks.o(i.vTaskStartScheduler) for vTaskStartScheduler
    freertos_demo.o(i.freertos_demo) refers to freertos_demo.o(.data) for start_task_handler
    freertos_demo.o(i.freertos_demo) refers to freertos_demo.o(i.start_task) for start_task
    freertos_demo.o(i.start_task) refers to port.o(i.vPortEnterCritical) for vPortEnterCritical
    freertos_demo.o(i.start_task) refers to tasks.o(i.xTaskCreate) for xTaskCreate
    freertos_demo.o(i.start_task) refers to tasks.o(i.vTaskDelete) for vTaskDelete
    freertos_demo.o(i.start_task) refers to port.o(i.vPortExitCritical) for vPortExitCritical
    freertos_demo.o(i.start_task) refers to freertos_demo.o(.data) for task1_handler
    freertos_demo.o(i.start_task) refers to freertos_demo.o(i.task1) for task1
    freertos_demo.o(i.start_task) refers to freertos_demo.o(i.task2) for task2
    freertos_demo.o(i.start_task) refers to freertos_demo.o(i.task3) for task3
    freertos_demo.o(i.task1) refers to _printf_pad.o(.text) for _printf_pre_padding
    freertos_demo.o(i.task1) refers to _printf_percent.o(.ARM.Collect$$_printf_percent$$00000000) for _printf_percent
    freertos_demo.o(i.task1) refers to _printf_d.o(.ARM.Collect$$_printf_percent$$00000009) for _printf_d
    freertos_demo.o(i.task1) refers to _printf_dec.o(.text) for _printf_int_dec
    freertos_demo.o(i.task1) refers to oled.o(i.OLED_ShowString) for OLED_ShowString
    freertos_demo.o(i.task1) refers to tasks.o(i.vTaskDelay) for vTaskDelay
    freertos_demo.o(i.task1) refers to dht11.o(i.DHT11_Init) for DHT11_Init
    freertos_demo.o(i.task1) refers to dht11.o(i.DHT11_Read_Data) for DHT11_Read_Data
    freertos_demo.o(i.task1) refers to noretval__2sprintf.o(.text) for __2sprintf
    freertos_demo.o(i.task1) refers to oled.o(i.OLED_Refresh) for OLED_Refresh
    freertos_demo.o(i.task2) refers to led.o(i.LED1_TOGGLE) for LED1_TOGGLE
    freertos_demo.o(i.task2) refers to tasks.o(i.vTaskDelay) for vTaskDelay
    freertos_demo.o(i.task3) refers to oled.o(i.OLED_ShowString) for OLED_ShowString
    freertos_demo.o(i.task3) refers to tasks.o(i.vTaskDelay) for vTaskDelay
    freertos_demo.o(i.task3) refers to inv_mpu.o(i.mpu_dmp_init) for mpu_dmp_init
    freertos_demo.o(i.task3) refers to inv_mpu.o(i.mpu_dmp_get_data) for mpu_dmp_get_data
    freertos_demo.o(i.task3) refers to mpu6050.o(i.MPU_Get_Accelerometer) for MPU_Get_Accelerometer
    freertos_demo.o(i.task3) refers to mpu6050.o(i.MPU_Get_Gyroscope) for MPU_Get_Gyroscope
    freertos_demo.o(i.task3) refers to oled.o(i.OLED_ShowNum) for OLED_ShowNum
    freertos_demo.o(i.task3) refers to oled.o(i.OLED_Refresh) for OLED_Refresh
    startup_stm32f407xx.o(STACK) refers (Special) to heapauxi.o(.text) for __use_two_region_memory
    startup_stm32f407xx.o(HEAP) refers (Special) to heapauxi.o(.text) for __use_two_region_memory
    startup_stm32f407xx.o(RESET) refers (Special) to heapauxi.o(.text) for __use_two_region_memory
    startup_stm32f407xx.o(RESET) refers to startup_stm32f407xx.o(STACK) for __initial_sp
    startup_stm32f407xx.o(RESET) refers to startup_stm32f407xx.o(.text) for Reset_Handler
    startup_stm32f407xx.o(RESET) refers to stm32f4xx_it.o(i.NMI_Handler) for NMI_Handler
    startup_stm32f407xx.o(RESET) refers to stm32f4xx_it.o(i.HardFault_Handler) for HardFault_Handler
    startup_stm32f407xx.o(RESET) refers to stm32f4xx_it.o(i.MemManage_Handler) for MemManage_Handler
    startup_stm32f407xx.o(RESET) refers to stm32f4xx_it.o(i.BusFault_Handler) for BusFault_Handler
    startup_stm32f407xx.o(RESET) refers to stm32f4xx_it.o(i.UsageFault_Handler) for UsageFault_Handler
    startup_stm32f407xx.o(RESET) refers to port.o(.emb_text) for SVC_Handler
    startup_stm32f407xx.o(RESET) refers to stm32f4xx_it.o(i.DebugMon_Handler) for DebugMon_Handler
[...]
    __use_no_semihosting                     0x08000381   Thumb Code     2  use_no_semi_2.o(.text)
    __aeabi_uldivmod                         0x08000383   Thumb Code     0  lludivv7m.o(.text)
    _ll_udiv                                 0x08000383   Thumb Code   238  lludivv7m.o(.text)
    __aeabi_ldivmod                          0x08000471   Thumb Code     0  llsdiv.o(.text)
    _ll_sdiv                                 0x08000471   Thumb Code    72  llsdiv.o(.text)
    __2printf                                0x080004b9   Thumb Code    20  noretval__2printf.o(.text)
    __2sprintf                               0x080004d1   Thumb Code    34  noretval__2sprintf.o(.text)
    _printf_pre_padding                      0x080004f9   Thumb Code    44  _printf_pad.o(.text)
    _printf_post_padding                     0x08000525   Thumb Code    34  _printf_pad.o(.text)
    _printf_str                              0x08000547   Thumb Code    82  _printf_str.o(.text)
    _printf_int_dec                          0x08000599   Thumb Code   104  _printf_dec.o(.text)
    _printf_int_hex                          0x08000611   Thumb Code    84  _printf_hex_int.o(.text)
    _printf_longlong_hex                     0x08000611   Thumb Code     0  _printf_hex_int.o(.text)
    __printf                                 0x08000669   Thumb Code   388  __printf_flags_ss_wp.o(.text)
    memcmp                                   0x080007f1   Thumb Code    88  memcmp.o(.text)
    __aeabi_memcpy                           0x08000849   Thumb Code     0  rt_memcpy_v6.o(.text)
    __rt_memcpy                              0x08000849   Thumb Code   138  rt_memcpy_v6.o(.text)
    _memcpy_lastbytes                        0x080008af   Thumb Code     0  rt_memcpy_v6.o(.text)
    __aeabi_memset                           0x080008d3   Thumb Code    16  aeabi_memset.o(.text)
    __aeabi_memclr4                          0x080008e3   Thumb Code     0  rt_memclr_w.o(.text)
    __aeabi_memclr8                          0x080008e3   Thumb Code     0  rt_memclr_w.o(.text)
    __rt_memclr_w                            0x080008e3   Thumb Code    78  rt_memclr_w.o(.text)
    _memset_w                                0x080008e7   Thumb Code     0  rt_memclr_w.o(.text)
    __use_two_region_memory                  0x08000931   Thumb Code     2  heapauxi.o(.text)
    __rt_heap_escrow$2region                 0x08000933   Thumb Code     2  heapauxi.o(.text)
    __rt_heap_expand$2region                 0x08000935   Thumb Code     2  heapauxi.o(.text)
    __I$use$semihosting                      0x08000937   Thumb Code     0  use_no_semi.o(.text)
    __use_no_semihosting_swi                 0x08000937   Thumb Code     2  use_no_semi.o(.text)
    __read_errno                             0x08000939   Thumb Code    10  _rserrno.o(.text)
    __set_errno                              0x08000943   Thumb Code    12  _rserrno.o(.text)
    _printf_int_common                       0x0800094f   Thumb Code   178  _printf_intcommon.o(.text)
    _printf_char_common                      0x08000a0b   Thumb Code    32  _printf_char_common.o(.text)
    _sputc                                   0x08000a31   Thumb Code    10  _sputc.o(.text)
    _printf_cs_common                        0x08000a3b   Thumb Code    20  _printf_char.o(.text)
    _printf_char                             0x08000a4f   Thumb Code    16  _printf_char.o(.text)
    _printf_string                           0x08000a5f   Thumb Code     8  _printf_char.o(.text)
    _printf_char_file                        0x08000a69   Thumb Code    32  _printf_char_file.o(.text)
    __aeabi_memcpy4                          0x08000a8d   Thumb Code     0  rt_memcpy_w.o(.text)
    __aeabi_memcpy8                          0x08000a8d   Thumb Code     0  rt_memcpy_w.o(.text)
    __rt_memcpy_w                            0x08000a8d   Thumb Code   100  rt_memcpy_w.o(.text)
    _memcpy_lastbytes_aligned                0x08000ad5   Thumb Code     0  rt_memcpy_w.o(.text)
    __aeabi_memclr                           0x08000af1   Thumb Code     0  rt_memclr.o(.text)
    __rt_memclr                              0x08000af1   Thumb Code    68  rt_memclr.o(.text)
    _memset                                  0x08000af5   Thumb Code     0  rt_memclr.o(.text)
    __aeabi_errno_addr                       0x08000b35   Thumb Code     8  rt_errno_addr_intlibspace.o(.text)
    __errno$intlibspace                      0x08000b35   Thumb Code     0  rt_errno_addr_intlibspace.o(.text)
    __rt_errno_addr$intlibspace              0x08000b35   Thumb Code     0  rt_errno_addr_intlibspace.o(.text)
    ferror                                   0x08000b3d   Thumb Code     8  ferror.o(.text)
    __user_libspace                          0x08000b45   Thumb Code     8  libspace.o(.text)
    __user_perproc_libspace                  0x08000b45   Thumb Code     0  libspace.o(.text)
    __user_perthread_libspace                0x08000b45   Thumb Code     0  libspace.o(.text)
    __user_setup_stackheap                   0x08000b4d   Thumb Code    74  sys_stackheap_outer.o(.text)
    exit                                     0x08000b97   Thumb Code    18  exit.o(.text)
    BusFault_Handler                         0x08000ba9   Thumb Code     4  stm32f4xx_it.o(i.BusFault_Handler)
    DHT11_Check                              0x08000bad   Thumb Code    88  dht11.o(i.DHT11_Check)
    DHT11_Init                               0x08000c0d   Thumb Code    70  dht11.o(i.DHT11_Init)
    DHT11_Read_Bit                           0x08000c5d   Thumb Code    70  dht11.o(i.DHT11_Read_Bit)
    DHT11_Read_Byte                          0x08000ca9   Thumb Code    30  dht11.o(i.DHT11_Read_Byte)
    DHT11_Read_Data                          0x08000cc7   Thumb Code    88  dht11.o(i.DHT11_Read_Data)
    DHT11_Rst                                0x08000d21   Thumb Code    52  dht11.o(i.DHT11_Rst)
    DebugMon_Handler                         0x08000d61   Thumb Code     2  stm32f4xx_it.o(i.DebugMon_Handler)
    HAL_DMA_Abort_IT                         0x08000d63   Thumb Code    40  stm32f4xx_hal_dma.o(i.HAL_DMA_Abort_IT)
    HAL_GPIO_Init                            0x08000d8d   Thumb Code   466  stm32f4xx_hal_gpio.o(i.HAL_GPIO_Init)
    HAL_GPIO_WritePin                        0x08000f8d   Thumb Code    12  stm32f4xx_hal_gpio.o(i.HAL_GPIO_WritePin)
    HAL_GetREVID                             0x08000f99   Thumb Code     8  stm32f4xx_hal.o(i.HAL_GetREVID)
    HAL_GetTick                              0x08000fa5   Thumb Code     6  stm32f4xx_hal.o(i.HAL_GetTick)
    HAL_Init                                 0x08000fb1   Thumb Code    44  stm32f4xx_hal.o(i.HAL_Init)
    HAL_InitTick                             0x08000fe1   Thumb Code    64  stm32f4xx_hal.o(i.HAL_InitTick)
    HAL_MspInit                              0x0800102d   Thumb Code     2  stm32f4xx_hal_msp.o(i.HAL_MspInit)
    HAL_NVIC_EnableIRQ                       0x0800102f   Thumb Code    32  stm32f4xx_hal_cortex.o(i.HAL_NVIC_EnableIRQ)
    HAL_NVIC_SetPriority                     0x0800104f   Thumb Code   124  stm32f4xx_hal_cortex.o(i.HAL_NVIC_SetPriority)
    HAL_NVIC_SetPriorityGrouping             0x080010cd   Thumb Code    32  stm32f4xx_hal_cortex.o(i.HAL_NVIC_SetPriorityGrouping)
    HAL_RCC_ClockConfig                      0x080010f5   Thumb Code   366  stm32f4xx_hal_rcc.o(i.HAL_RCC_ClockConfig)
    HAL_RCC_GetSysClockFreq                  0x08001275   Thumb Code   162  stm32f4xx_hal_rcc.o(i.HAL_RCC_GetSysClockFreq)
    HAL_RCC_OscConfig                        0x08001325   Thumb Code  1086  stm32f4xx_hal_rcc.o(i.HAL_RCC_OscConfig)
    HAL_SYSTICK_CLKSourceConfig              0x0800176d   Thumb Code    40  stm32f4xx_hal_cortex.o(i.HAL_SYSTICK_CLKSourceConfig)
    HAL_SYSTICK_Config                       0x08001795   Thumb Code    52  stm32f4xx_hal_cortex.o(i.HAL_SYSTICK_Config)
    HAL_TIMEx_BreakCallback                  0x080017c9   Thumb Code     2  stm32f4xx_hal_tim_ex.o(i.HAL_TIMEx_BreakCallback)
    HAL_TIMEx_CommutCallback                 0x080017cb   Thumb Code     2  stm32f4xx_hal_tim_ex.o(i.HAL_TIMEx_CommutCallback)
    HAL_TIM_Base_Init                        0x080017cd   Thumb Code    52  stm32f4xx_hal_tim.o(i.HAL_TIM_Base_Init)
    HAL_TIM_Base_MspInit                     0x08001801   Thumb Code    62  timer.o(i.HAL_TIM_Base_MspInit)
    HAL_TIM_Base_Start_IT                    0x08001849   Thumb Code    42  stm32f4xx_hal_tim.o(i.HAL_TIM_Base_Start_IT)
    HAL_TIM_IC_CaptureCallback               0x08001873   Thumb Code     2  stm32f4xx_hal_tim.o(i.HAL_TIM_IC_CaptureCallback)
    HAL_TIM_IRQHandler                       0x08001875   Thumb Code   406  stm32f4xx_hal_tim.o(i.HAL_TIM_IRQHandler)
    HAL_TIM_OC_DelayElapsedCallback          0x08001a0b   Thumb Code     2  stm32f4xx_hal_tim.o(i.HAL_TIM_OC_DelayElapsedCallback)
    HAL_TIM_PWM_PulseFinishedCallback        0x08001a0d   Thumb Code     2  stm32f4xx_hal_tim.o(i.HAL_TIM_PWM_PulseFinishedCallback)
    HAL_TIM_PeriodElapsedCallback            0x08001a11   Thumb Code    24  timer.o(i.HAL_TIM_PeriodElapsedCallback)
    HAL_TIM_TriggerCallback                  0x08001a31   Thumb Code     2  stm32f4xx_hal_tim.o(i.HAL_TIM_TriggerCallback)
    HAL_UART_ErrorCallback                   0x08001a33   Thumb Code     2  stm32f4xx_hal_uart.o(i.HAL_UART_ErrorCallback)
    HAL_UART_IRQHandler                      0x08001a35   Thumb Code   328  stm32f4xx_hal_uart.o(i.HAL_UART_IRQHandler)
    HAL_UART_Receive                         0x08001b81   Thumb Code   222  stm32f4xx_hal_uart.o(i.HAL_UART_Receive)
    HAL_UART_RxCpltCallback                  0x08001c61   Thumb Code   120  usart.o(i.HAL_UART_RxCpltCallback)
    HAL_UART_TxCpltCallback                  0x08001ce9   Thumb Code     2  stm32f4xx_hal_uart.o(i.HAL_UART_TxCpltCallback)
    HardFault_Handler                        0x08001ceb   Thumb Code     4  stm32f4xx_it.o(i.HardFault_Handler)
    I2C_Start                                0x08001cf1   Thumb Code    56  oled.o(i.I2C_Start)
    I2C_Stop                                 0x08001d2d   Thumb Code    38  oled.o(i.I2C_Stop)
    I2C_WaitAck                              0x08001d59   Thumb Code    46  oled.o(i.I2C_WaitAck)
    IIC_Ack                                  0x08001d8d   Thumb Code    66  myiic.o(i.IIC_Ack)
    IIC_Init                                 0x08001ddd   Thumb Code    76  myiic.o(i.IIC_Init)
    IIC_NAck                                 0x08001e39   Thumb Code    66  myiic.o(i.IIC_NAck)
    IIC_Read_Byte                            0x08001e89   Thumb Code    94  myiic.o(i.IIC_Read_Byte)
    IIC_Send_Byte                            0x08001ef5   Thumb Code    90  myiic.o(i.IIC_Send_Byte)
    IIC_Start                                0x08001f5d   Thumb Code    64  myiic.o(i.IIC_Start)
    IIC_Stop                                 0x08001fa9   Thumb Code    62  myiic.o(i.IIC_Stop)
    IIC_Wait_Ack                             0x08001ff5   Thumb Code    82  myiic.o(i.IIC_Wait_Ack)
    IIC_delay                                0x08002055   Thumb Code    16  oled.o(i.IIC_delay)
    KEY_Init                                 0x08002065   Thumb Code   118  key.o(i.KEY_Init)
    LED1_TOGGLE                              0x080020e9   Thumb Code    38  led.o(i.LED1_TOGGLE)
    LED_Init                                 0x08002115   Thumb Code    84  led.o(i.LED_Init)
    MPU_Get_Accelerometer                    0x08002171   Thumb Code    80  mpu6050.o(i.MPU_Get_Accelerometer)
    MPU_Get_Gyroscope                        0x080021c1   Thumb Code    80  mpu6050.o(i.MPU_Get_Gyroscope)
    MPU_Init                                 0x08002211   Thumb Code   122  mpu6050.o(i.MPU_Init)
    MPU_Read_Byte                            0x0800228b   Thumb Code    58  mpu6050.o(i.MPU_Read_Byte)
    MPU_Read_Len                             0x080022c5   Thumb Code   116  mpu6050.o(i.MPU_Read_Len)
    MPU_Set_Accel_Fsr                        0x08002339   Thumb Code    16  mpu6050.o(i.MPU_Set_Accel_Fsr)
    MPU_Set_Gyro_Fsr                         0x08002349   Thumb Code    16  mpu6050.o(i.MPU_Set_Gyro_Fsr)
    MPU_Set_LPF                              0x08002359   Thumb Code    58  mpu6050.o(i.MPU_Set_LPF)
    MPU_Set_Rate                             0x08002393   Thumb Code    58  mpu6050.o(i.MPU_Set_Rate)
    MPU_Write_Byte                           0x080023cd   Thumb Code    68  mpu6050.o(i.MPU_Write_Byte)
    MPU_Write_Len                            0x08002411   Thumb Code    96  mpu6050.o(i.MPU_Write_Len)
    MemManage_Handler                        0x08002471   Thumb Code     4  stm32f4xx_it.o(i.MemManage_Handler)
    NMI_Handler                              0x08002475   Thumb Code     2  stm32f4xx_it.o(i.NMI_Handler)
    OLED_Clear                               0x08002479   Thumb Code    42  oled.o(i.OLED_Clear)
    OLED_DrawPoint                           0x080024a9   Thumb Code   114  oled.o(i.OLED_DrawPoint)
    OLED_Init                                0x08002521   Thumb Code   292  oled.o(i.OLED_Init)
    OLED_Pow                                 0x0800264d   Thumb Code    22  oled.o(i.OLED_Pow)
    OLED_Refresh                             0x08002665   Thumb Code   100  oled.o(i.OLED_Refresh)
    OLED_ShowChar                            0x080026cd   Thumb Code   300  oled.o(i.OLED_ShowChar)
    OLED_ShowNum                             0x08002809   Thumb Code   140  oled.o(i.OLED_ShowNum)
    OLED_ShowString                          0x08002895   Thumb Code    74  oled.o(i.OLED_ShowString)
    OLED_WR_Byte                             0x080028df   Thumb Code    56  oled.o(i.OLED_WR_Byte)
    Send_Byte                                0x08002919   Thumb Code    78  oled.o(i.Send_Byte)
    Stm32_Clock_Init                         0x0800296d   Thumb Code   190  sys.o(i.Stm32_Clock_Init)
    SysTick_Handler                          0x08002a39   Thumb Code    16  delay.o(i.SysTick_Handler)
    SystemInit                               0x08002a49   Thumb Code    82  system_stm32f4xx.o(i.SystemInit)
    TIM3_IRQHandler                          0x08002aad   Thumb Code    10  timer.o(i.TIM3_IRQHandler)
    TIM4_IRQHandler                          0x08002abd   Thumb Code    58  usmart.o(i.TIM4_IRQHandler)
    TIM_Base_SetConfig                       0x08002b01   Thumb Code   170  stm32f4xx_hal_tim.o(i.TIM_Base_SetConfig)
    Timer4_Init                              0x08002bd9   Thumb Code    84  usmart.o(i.Timer4_Init)
    USART1_IRQHandler                        0x08002e09   Thumb Code   146  usart.o(i.USART1_IRQHandler)
    UsageFault_Handler                       0x08002ea9   Thumb Code     4  stm32f4xx_it.o(i.UsageFault_Handler)
    __ARM_fpclassify                         0x08002ead   Thumb Code    48  fpclassify.o(i.__ARM_fpclassify)
    __hardfp_asin                            0x08002f19   Thumb Code   770  asin.o(i.__hardfp_asin)
    __hardfp_atan                            0x08003279   Thumb Code   622  atan.o(i.__hardfp_atan)
    __hardfp_atan2                           0x08003551   Thumb Code   432  atan2.o(i.__hardfp_atan2)
    __kernel_poly                            0x08003741   Thumb Code   248  poly.o(i.__kernel_poly)
    __mathlib_dbl_infnan                     0x08003839   Thumb Code    20  dunder.o(i.__mathlib_dbl_infnan)
    __mathlib_dbl_infnan2                    0x0800384d   Thumb Code    20  dunder.o(i.__mathlib_dbl_infnan2)
    __mathlib_dbl_invalid                    0x08003861   Thumb Code    24  dunder.o(i.__mathlib_dbl_invalid)
    __mathlib_dbl_underflow                  0x08003881   Thumb Code    24  dunder.o(i.__mathlib_dbl_underflow)
    _is_digit                                0x080038a1   Thumb Code    14  __printf_wp.o(i._is_digit)
    _sys_exit                                0x080038af   Thumb Code     4  usart.o(i._sys_exit)
    atan                                     0x08003975   Thumb Code    16  atan.o(i.atan)
    delay_init                               0x080039e9   Thumb Code    58  delay.o(i.delay_init)
    delay_ms                                 0x08003a2d   Thumb Code    62  delay.o(i.delay_ms)
    delay_us                                 0x08003a71   Thumb Code    68  delay.o(i.delay_us)
    dmp_enable_6x_lp_quat                    0x08003ab9   Thumb Code    60  inv_mpu_dmp_motion_driver.o(i.dmp_enable_6x_lp_quat)
    dmp_enable_feature                       0x08003af5   Thumb Code   530  inv_mpu_dmp_motion_driver.o(i.dmp_enable_feature)
    dmp_enable_gyro_cal                      0x08003d11   Thumb Code    62  inv_mpu_dmp_motion_driver.o(i.dmp_enable_gyro_cal)
    dmp_enable_lp_quat                       0x08003d69   Thumb Code    60  inv_mpu_dmp_motion_driver.o(i.dmp_enable_lp_quat)
    dmp_load_motion_driver_firmware          0x08003da5   Thumb Code    20  inv_mpu_dmp_motion_driver.o(i.dmp_load_motion_driver_firmware)
    dmp_read_fifo                            0x08003dbd   Thumb Code   456  inv_mpu_dmp_motion_driver.o(i.dmp_read_fifo)
    dmp_set_accel_bias                       0x08003f89   Thumb Code   300  inv_mpu_dmp_motion_driver.o(i.dmp_set_accel_bias)
    dmp_set_fifo_rate                        0x080040b9   Thumb Code    96  inv_mpu_dmp_motion_driver.o(i.dmp_set_fifo_rate)
    dmp_set_gyro_bias                        0x08004129   Thumb Code   294  inv_mpu_dmp_motion_driver.o(i.dmp_set_gyro_bias)
    dmp_set_orientation                      0x08004259   Thumb Code   290  inv_mpu_dmp_motion_driver.o(i.dmp_set_orientation)
    dmp_set_shake_reject_thresh              0x08004391   Thumb Code    56  inv_mpu_dmp_motion_driver.o(i.dmp_set_shake_reject_thresh)
    dmp_set_shake_reject_time                0x080043c9   Thumb Code    38  inv_mpu_dmp_motion_driver.o(i.dmp_set_shake_reject_time)
    dmp_set_shake_reject_timeout             0x080043ef   Thumb Code    38  inv_mpu_dmp_motion_driver.o(i.dmp_set_shake_reject_timeout)
    dmp_set_tap_axes                         0x08004415   Thumb Code    70  inv_mpu_dmp_motion_driver.o(i.dmp_set_tap_axes)
    dmp_set_tap_count                        0x0800445b   Thumb Code    38  inv_mpu_dmp_motion_driver.o(i.dmp_set_tap_count)
    dmp_set_tap_thresh                       0x08004481   Thumb Code   412  inv_mpu_dmp_motion_driver.o(i.dmp_set_tap_thresh)
    dmp_set_tap_time                         0x08004641   Thumb Code    38  inv_mpu_dmp_motion_driver.o(i.dmp_set_tap_time)
    dmp_set_tap_time_multi                   0x08004667   Thumb Code    38  inv_mpu_dmp_motion_driver.o(i.dmp_set_tap_time_multi)
    fabs                                     0x0800468d   Thumb Code    24  fabs.o(i.fabs)
    fputc                                    0x080046a5   Thumb Code    22  usart.o(i.fputc)
    freertos_demo                            0x080046c1   Thumb Code    28  freertos_demo.o(i.freertos_demo)
    inv_orientation_matrix_to_scalar         0x08004d4d   Thumb Code    40  inv_mpu.o(i.inv_orientation_matrix_to_scalar)
    inv_row_2_scale                          0x08004d75   Thumb Code    78  inv_mpu.o(i.inv_row_2_scale)
    main                                     0x08004dc3   Thumb Code    52  main.o(i.main)
    mget_ms                                  0x08004df7   Thumb Code     2  inv_mpu.o(i.mget_ms)
    mpu_configure_fifo                       0x08004df9   Thumb Code   106  inv_mpu.o(i.mpu_configure_fifo)
    mpu_dmp_get_data                         0x08004e69   Thumb Code   568  inv_mpu.o(i.mpu_dmp_get_data)
    mpu_dmp_init                             0x080050b9   Thumb Code   150  inv_mpu.o(i.mpu_dmp_init)
    mpu_get_accel_fsr                        0x08005155   Thumb Code    72  inv_mpu.o(i.mpu_get_accel_fsr)
    mpu_get_accel_sens                       0x080051a1   Thumb Code    78  inv_mpu.o(i.mpu_get_accel_sens)
    mpu_get_fifo_config                      0x080051f5   Thumb Code    12  inv_mpu.o(i.mpu_get_fifo_config)
    mpu_get_gyro_fsr                         0x08005205   Thumb Code    64  inv_mpu.o(i.mpu_get_gyro_fsr)
    mpu_get_gyro_sens                        0x08005249   Thumb Code    74  inv_mpu.o(i.mpu_get_gyro_sens)
    mpu_get_lpf                              0x080052a9   Thumb Code    74  inv_mpu.o(i.mpu_get_lpf)
    mpu_get_sample_rate                      0x080052f9   Thumb Code    26  inv_mpu.o(i.mpu_get_sample_rate)
    mpu_init                                 0x08005319   Thumb Code   416  inv_mpu.o(i.mpu_init)
    mpu_load_firmware                        0x08005509   Thumb Code   180  inv_mpu.o(i.mpu_load_firmware)
    mpu_lp_accel_mode                        0x080055c1   Thumb Code   218  inv_mpu.o(i.mpu_lp_accel_mode)
    mpu_read_fifo_stream                     0x080056a1   Thumb Code   186  inv_mpu.o(i.mpu_read_fifo_stream)
    mpu_read_mem                             0x08005761   Thumb Code   122  inv_mpu.o(i.mpu_read_mem)
    mpu_reset_fifo                           0x080057e1   Thumb Code   450  inv_mpu.o(i.mpu_reset_fifo)
    mpu_run_self_test                        0x080059a9   Thumb Code   278  inv_mpu.o(i.mpu_run_self_test)
    mpu_set_accel_fsr                        0x08005ac5   Thumb Code   126  inv_mpu.o(i.mpu_set_accel_fsr)
    mpu_set_bypass                           0x08005b49   Thumb Code   328  inv_mpu.o(i.mpu_set_bypass)
    mpu_set_dmp_state                        0x08005c95   Thumb Code   138  inv_mpu.o(i.mpu_set_dmp_state)
    mpu_set_gyro_fsr                         0x08005d25   Thumb Code   132  inv_mpu.o(i.mpu_set_gyro_fsr)
    mpu_set_int_latched                      0x08005dad   Thumb Code   102  inv_mpu.o(i.mpu_set_int_latched)
    mpu_set_lpf                              0x08005e19   Thumb Code   126  inv_mpu.o(i.mpu_set_lpf)
    mpu_set_sample_rate                      0x08005e9d   Thumb Code   152  inv_mpu.o(i.mpu_set_sample_rate)
    mpu_set_sensors                          0x08005f39   Thumb Code   202  inv_mpu.o(i.mpu_set_sensors)
    mpu_write_mem                            0x08006009   Thumb Code   122  inv_mpu.o(i.mpu_write_mem)
    pvPortMalloc                             0x08006b81   Thumb Code   262  heap_4.o(i.pvPortMalloc)
    pvTaskIncrementMutexHeldCount            0x08006cd5   Thumb Code    26  tasks.o(i.pvTaskIncrementMutexHeldCount)
    pxPortInitialiseStack                    0x08006cf5   Thumb Code    38  port.o(i.pxPortInitialiseStack)
    read_addr                                0x08006d21   Thumb Code     6  usmart.o(i.read_addr)
    run_self_test                            0x08006d27   Thumb Code   154  inv_mpu.o(i.run_self_test)
    sqrt                                     0x08006e51   Thumb Code   110  sqrt.o(i.sqrt)
    start_task                               0x08006ec1   Thumb Code    80  freertos_demo.o(i.start_task)
    task1                                    0x08006f41   Thumb Code   146  freertos_demo.o(i.task1)
    task2                                    0x08006fed   Thumb Code    16  freertos_demo.o(i.task2)
    task3                                    0x08006ffd   Thumb Code   222  freertos_demo.o(i.task3)
    usmart_cmd_rec                           0x080070f5   Thumb Code   170  usmart.o(i.usmart_cmd_rec)
    usmart_exe                               0x080071a5   Thumb Code   632  usmart.o(i.usmart_exe)
    usmart_get_aparm                         0x08007479   Thumb Code   212  usmart_str.o(i.usmart_get_aparm)
    usmart_get_cmdname                       0x0800754d   Thumb Code    54  usmart_str.o(i.usmart_get_cmdname)
    usmart_get_fname                         0x08007585   Thumb Code   440  usmart_str.o(i.usmart_get_fname)
    usmart_get_fparam                        0x08007745   Thumb Code   262  usmart_str.o(i.usmart_get_fparam)
    usmart_get_parmpos                       0x08007851   Thumb Code    26  usmart_str.o(i.usmart_get_parmpos)
    usmart_get_runtime                       0x08007871   Thumb Code    58  usmart.o(i.usmart_get_runtime)
    usmart_init                              0x080078b5   Thumb Code    36  usmart.o(i.usmart_init)
    usmart_pow                               0x080078dd   Thumb Code    22  usmart_str.o(i.usmart_pow)
    usmart_reset_runtime                     0x080078f5   Thumb Code    44  usmart.o(i.usmart_reset_runtime)
    usmart_scan                              0x08007929   Thumb Code   120  usmart.o(i.usmart_scan)
    usmart_search_nextc                      0x080079e5   Thumb Code    22  usmart_str.o(i.usmart_search_nextc)
    usmart_str2num                           0x080079fb   Thumb Code   262  usmart_str.o(i.usmart_str2num)
    usmart_strcmp                            0x08007b01   Thumb Code    34  usmart_str.o(i.usmart_strcmp)
    usmart_strcopy                           0x08007b23   Thumb Code    22  usmart_str.o(i.usmart_strcopy)
    usmart_strlen                            0x08007b39   Thumb Code    24  usmart_str.o(i.usmart_strlen)
    usmart_sys_cmd_exe                       0x08007b51   Thumb Code  1570  usmart.o(i.usmart_sys_cmd_exe)
    uxListRemove                             0x08008245   Thumb Code    40  list.o(i.uxListRemove)
    vListInitialise                          0x0800826d   Thumb Code    26  list.o(i.vListInitialise)
    vListInitialiseItem                      0x08008287   Thumb Code     6  list.o(i.vListInitialiseItem)
    vListInsert                              0x0800828d   Thumb Code    52  list.o(i.vListInsert)
    vListInsertEnd                           0x080082c1   Thumb Code    24  list.o(i.vListInsertEnd)
    vPortEnterCritical                       0x080082d9   Thumb Code    68  port.o(i.vPortEnterCritical)
    vPortExitCritical                        0x08008361   Thumb Code    48  port.o(i.vPortExitCritical)
    vPortFree                                0x080083d1   Thumb Code   120  heap_4.o(i.vPortFree)
    vPortSetupTimerInterrupt                 0x08008489   Thumb Code    26  port.o(i.vPortSetupTimerInterrupt)
    vPortValidateInterruptPriority           0x080084a9   Thumb Code    86  port.o(i.vPortValidateInterruptPriority)
    vQueueAddToRegistry                      0x08008549   Thumb Code    38  queue.o(i.vQueueAddToRegistry)
    vQueueWaitForMessageRestricted           0x08008575   Thumb Code    74  queue.o(i.vQueueWaitForMessageRestricted)
    vTaskDelay                               0x080085c1   Thumb Code    72  tasks.o(i.vTaskDelay)
    vTaskDelete                              0x08008635   Thumb Code   192  tasks.o(i.vTaskDelete)
    vTaskMissedYield                         0x08008741   Thumb Code     8  tasks.o(i.vTaskMissedYield)
    vTaskPlaceOnEventList                    0x0800874d   Thumb Code    42  tasks.o(i.vTaskPlaceOnEventList)
    vTaskPlaceOnEventListRestricted          0x080087a1   Thumb Code    50  tasks.o(i.vTaskPlaceOnEventListRestricted)
    vTaskPriorityInherit                     0x080087fd   Thumb Code   164  tasks.o(i.vTaskPriorityInherit)
    vTaskSetTimeOutState                     0x080088ad   Thumb Code    32  tasks.o(i.vTaskSetTimeOutState)
    vTaskStartScheduler                      0x080088f9   Thumb Code   108  tasks.o(i.vTaskStartScheduler)
    vTaskSuspendAll                          0x080089a5   Thumb Code    12  tasks.o(i.vTaskSuspendAll)
    vTaskSwitchContext                       0x080089b5   Thumb Code   110  tasks.o(i.vTaskSwitchContext)
    write_addr                               0x08008a5d   Thumb Code     4  usmart.o(i.write_addr)
    xPortStartScheduler                      0x08008a61   Thumb Code   258  port.o(i.xPortStartScheduler)
    xPortSysTickHandler                      0x08008bbd   Thumb Code    46  port.o(i.xPortSysTickHandler)
    xQueueGenericCreate                      0x08008bf1   Thumb Code    78  queue.o(i.xQueueGenericCreate)
    xQueueGenericReceive                     0x08008c65   Thumb Code   416  queue.o(i.xQueueGenericReceive)
    xQueueGenericReset                       0x08008e2d   Thumb Code   136  queue.o(i.xQueueGenericReset)
    xQueueGenericSend                        0x08008edd   Thumb Code   412  queue.o(i.xQueueGenericSend)
    xQueueGenericSendFromISR                 0x080090a1   Thumb Code   234  queue.o(i.xQueueGenericSendFromISR)
    xTaskCheckForTimeOut                     0x080091b1   Thumb Code   116  tasks.o(i.xTaskCheckForTimeOut)
    xTaskCreate                              0x08009251   Thumb Code    96  tasks.o(i.xTaskCreate)
    xTaskGetSchedulerState                   0x080092b1   Thumb Code    24  tasks.o(i.xTaskGetSchedulerState)
    xTaskGetTickCount                        0x080092d1   Thumb Code     6  tasks.o(i.xTaskGetTickCount)
    xTaskIncrementTick                       0x080092dd   Thumb Code   272  tasks.o(i.xTaskIncrementTick)
    xTaskPriorityDisinherit                  0x0800943d   Thumb Code   168  tasks.o(i.xTaskPriorityDisinherit)
    xTaskRemoveFromEventList                 0x08009515   Thumb Code   118  tasks.o(i.xTaskRemoveFromEventList)
    xTaskResumeAll                           0x080095c9   Thumb Code   214  tasks.o(i.xTaskResumeAll)
    xTimerCreateTimerTask                    0x080096e9   Thumb Code    56  timers.o(i.xTimerCreateTimerTask)
    xTimerGenericCommand                     0x0800975d   Thumb Code   118  timers.o(i.xTimerGenericCommand)
    __aeabi_dneg                             0x08009801   Thumb Code     0  basic.o(x$fpl$basic)
    _dneg                                    0x08009801   Thumb Code     6  basic.o(x$fpl$basic)
    __aeabi_fneg                             0x08009807   Thumb Code     0  basic.o(x$fpl$basic)
    _fneg                                    0x08009807   Thumb Code     6  basic.o(x$fpl$basic)
    _dabs                                    0x0800980d   Thumb Code     6  basic.o(x$fpl$basic)
    _fabs                                    0x08009813   Thumb Code     6  basic.o(x$fpl$basic)
    __aeabi_d2f                              0x08009819   Thumb Code     0  d2f.o(x$fpl$d2f)
    _d2f                                     0x08009819   Thumb Code    98  d2f.o(x$fpl$d2f)
    __aeabi_dadd                             0x0800987d   Thumb Code     0  daddsub_clz.o(x$fpl$dadd)
    _dadd                                    0x0800987d   Thumb Code   332  daddsub_clz.o(x$fpl$dadd)
    __aeabi_ddiv                             0x080099cd   Thumb Code     0  ddiv.o(x$fpl$ddiv)
    _ddiv                                    0x080099cd   Thumb Code   552  ddiv.o(x$fpl$ddiv)
    __aeabi_dmul                             0x08009c7d   Thumb Code     0  dmul.o(x$fpl$dmul)
    _dmul                                    0x08009c7d   Thumb Code   332  dmul.o(x$fpl$dmul)
    __fpl_dnaninf                            0x08009dd1   Thumb Code   156  dnaninf.o(x$fpl$dnaninf)
    __fpl_dretinf                            0x08009e6d   Thumb Code    12  dretinf.o(x$fpl$dretinf)
    __aeabi_drsub                            0x08009e79   Thumb Code     0  daddsub_clz.o(x$fpl$drsb)
    _drsb                                    0x08009e79   Thumb Code    22  daddsub_clz.o(x$fpl$drsb)
    _dsqrt                                   0x08009e91   Thumb Code   404  dsqrt_umaal.o(x$fpl$dsqrt)
    __aeabi_dsub                             0x0800a029   Thumb Code     0  daddsub_clz.o(x$fpl$dsub)
    _dsub                                    0x0800a029   Thumb Code   464  daddsub_clz.o(x$fpl$dsub)
    __aeabi_f2d                              0x0800a1fd   Thumb Code     0  f2d.o(x$fpl$f2d)
    _f2d                                     0x0800a1fd   Thumb Code    86  f2d.o(x$fpl$f2d)
    __fpl_fnaninf                            0x0800a253   Thumb Code   140  fnaninf.o(x$fpl$fnaninf)
    _fp_init                                 0x0800a2df   Thumb Code    10  fpinit.o(x$fpl$fpinit)
    __fplib_config_fpu_vfp                   0x0800a2e7   Thumb Code     0  fpinit.o(x$fpl$fpinit)
    __fplib_config_pureend_doubles           0x0800a2e7   Thumb Code     0  fpinit.o(x$fpl$fpinit)
    __fpl_fretinf                            0x0800a2e9   Thumb Code    10  fretinf.o(x$fpl$fretinf)
    AHBPrescTable                            0x0800a2f2   Data          16  system_stm32f4xx.o(.constdata)
    __I$use$fp                               0x0800a2f2   Number         0  usenofp.o(x$fpl$usenofp)
    APBPrescTable                            0x0800a302   Data           8  system_stm32f4xx.o(.constdata)
    asc2_0806                                0x0800a30a   Data         552  oled.o(.constdata)
    asc2_1206                                0x0800a532   Data        1140  oled.o(.constdata)
    asc2_1608                                0x0800a9a6   Data        1520  oled.o(.constdata)
    asc2_2412                                0x0800af96   Data        3420  oled.o(.constdata)
    Hzk1                                     0x0800bcf2   Data         352  oled.o(.constdata)
    Hzk2                                     0x0800be52   Data          72  oled.o(.constdata)
    Hzk3                                     0x0800be9a   Data         128  oled.o(.constdata)
    Hzk4                                     0x0800bf1a   Data         512  oled.o(.constdata)
    reg                                      0x0800c11c   Data          27  inv_mpu.o(.constdata)
    hw                                       0x0800c138   Data          12  inv_mpu.o(.constdata)
    test                                     0x0800c144   Data          40  inv_mpu.o(.constdata)
    __mathlib_zero                           0x0800ce88   Data           8  qnan.o(.constdata)
    Region$$Table$$Base                      0x0800cf74   Number         0  anon$$obj.o(Region$$Table)
    Region$$Table$$Limit                     0x0800cf94   Number         0  anon$$obj.o(Region$$Table)
    mem3base                                 0x10000000   Data       61440  malloc.o(.ARM.__AT_0x10000000)
    mem3mapbase                              0x1000f000   Data        3840  malloc.o(.ARM.__AT_0x1000F000)
    SystemCoreClock                          0x20000000   Data           4  system_stm32f4xx.o(.data)
    start_task_handler                       0x20000004   Data           4  freertos_demo.o(.data)
    task1_handler                            0x20000008   Data           4  freertos_demo.o(.data)
    task2_handler                            0x2000000c   Data           4  freertos_demo.o(.data)
    task3_handler                            0x20000010   Data           4  freertos_demo.o(.data)
    uwTick                                   0x20000014   Data           4  stm32f4xx_hal.o(.data)
    uwTickPrio                               0x20000018   Data           4  stm32f4xx_hal.o(.data)
    uwTickFreq                               0x2000001c   Data           1  stm32f4xx_hal.o(.data)
    pxCurrentTCB                             0x20000020   Data           4  tasks.o(.data)
    __stdout                                 0x2000009c   Data           4  usart.o(.data)
    USART_RX_STA                             0x200000a0   Data           2  usart.o(.data)
    aRxBuffer                                0x200000a2   Data           1  usart.o(.data)
    sys_cmd_tab                              0x200000dc   Data          28  usmart.o(.data)
    usmart_nametab                           0x200000f8   Data          32  usmart_config.o(.data)
    usmart_dev                               0x20000118   Data         244  usmart_config.o(.data)
    xQueueRegistry                           0x2000020c   Data          64  queue.o(.bss)
    USART_RX_BUF                             0x20002d58   Data         200  usart.o(.bss)
    UART1_Handler                            0x20002e20   Data          64  usart.o(.bss)
    TIM3_Handler                             0x20002e60   Data          64  timer.o(.bss)
    OLED_GRAM                                0x20002ea0   Data        1152  oled.o(.bss)
    TIM4_Handler                             0x20003330   Data          64  usmart.o(.bss)
    __libspace_start                         0x20003370   Data          96  libspace.o(.bss)
    __temporary_stack_top$libspace           0x200033d0   Data           0  libspace.o(.bss)
    mem2base                                 0x68000000   Data       983040  malloc.o(.ARM.__AT_0x68000000)
    mem2mapbase                              0x680f0000   Data       61440  malloc.o(.ARM.__AT_0x680F0000)



==============================================================================

Memory Map of the image

  Image Entry point : 0x08000189

  Load Region LR_IROM1 (Base: 0x08000000, Size: 0x0000d1a0, Max: 0x00100000, ABSOLUTE, COMPRESSED[0x0000cffc])

    Execution Region ER_IROM1 (Exec base: 0x08000000, Load base: 0x08000000, Size: 0x0000cf94, Max: 0x00100000, ABSOLUTE)

    Exec Addr    Load Addr    Size         Type   Attr      Idx    E Section Name        Object

    0x08000000   0x08000000   0x00000188   Data   RO          573    RESET               startup_stm32f407xx.o
    0x08000188   0x08000188   0x00000008   Code   RO         6514  * !!!main             c_w.l(__main.o)
    0x08000190   0x08000190   0x00000034   Code   RO         6825    !!!scatter          c_w.l(__scatter.o)
    0x080001c4   0x080001c4   0x0000005a   Code   RO         6823    !!dczerorl2         c_w.l(__dczerorl2.o)
    0x0800021e   0x0800021e   0x00000002   PAD
    0x08000220   0x08000220   0x0000001c   Code   RO         6827    !!handler_zi        c_w.l(__scatter_zi.o)
    0x0800023c   0x0800023c   0x00000000   Code   RO         6499    .ARM.Collect$$_printf_percent$$00000000  c_w.l(_printf_percent.o)
    0x0800023c   0x0800023c   0x00000006   Code   RO         6497    .ARM.Collect$$_printf_percent$$00000009  c_w.l(_printf_d.o)
    0x08000242   0x08000242   0x00000006   Code   RO         6498    .ARM.Collect$$_printf_percent$$0000000A  c_w.l(_printf_u.o)
    0x08000248   0x08000248   0x00000006   Code   RO         6496    .ARM.Collect$$_printf_percent$$0000000C  c_w.l(_printf_x.o)
    0x0800024e   0x0800024e   0x00000006   Code   RO         6494    .ARM.Collect$$_printf_percent$$00000013  c_w.l(_printf_c.o)
    0x08000254   0x08000254   0x00000006   Code   RO         6495    .ARM.Collect$$_printf_percent$$00000014  c_w.l(_printf_s.o)
    0x0800025a   0x0800025a   0x00000004   Code   RO         6583    .ARM.Collect$$_printf_percent$$00000017  c_w.l(_printf_percent_end.o)
    0x0800025e   0x0800025e   0x00000002   Code   RO         6698    .ARM.Collect$$libinit$$00000000  c_w.l(libinit.o)
    0x08000260   0x08000260   0x00000004   Code   RO         6709    .ARM.Collect$$libinit$$00000001  c_w.l(libinit2.o)
    0x08000264   0x08000264   0x00000000   Code   RO         6712    .ARM.Collect$$libinit$$00000004  c_w.l(libinit2.o)
    0x08000264   0x08000264   0x00000000   Code   RO         6715    .ARM.Collect$$libinit$$0000000A  c_w.l(libinit2.o)
    0x08000264   0x08000264   0x00000000   Code   RO         6717    .ARM.Collect$$libinit$$0000000C  c_w.l(libinit2.o)
    0x08000264   0x08000264   0x00000000   Code   RO         6719    .ARM.Collect$$libinit$$0000000E  c_w.l(libinit2.o)
    0x08000264   0x08000264   0x00000000   Code   RO         6722    .ARM.Collect$$libinit$$00000011  c_w.l(libinit2.o)
    0x08000264   0x08000264   0x00000000   Code   RO         6724    .ARM.Collect$$libinit$$00000013  c_w.l(libinit2.o)
    0x08000264   0x08000264   0x00000000   Code   RO         6726    .ARM.Collect$$libinit$$00000015  c_w.l(libinit2.o)
    0x08000264   0x08000264   0x00000000   Code   RO         6728    .ARM.Collect$$libinit$$00000017  c_w.l(libinit2.o)
    0x08000264   0x08000264   0x00000000   Code   RO         6730    .ARM.Collect$$libinit$$00000019  c_w.l(libinit2.o)
    0x08000264   0x08000264   0x00000000   Code   RO         6732    .ARM.Collect$$libinit$$0000001B  c_w.l(libinit2.o)
    0x08000264   0x08000264   0x00000000   Code   RO         6734    .ARM.Collect$$libinit$$0000001D  c_w.l(libinit2.o)
    0x08000264   0x08000264   0x00000000   Code   RO         6736    .ARM.Collect$$libinit$$0000001F  c_w.l(libinit2.o)
    0x08000264   0x08000264   0x00000000   Code   RO         6738    .ARM.Collect$$libinit$$00000021  c_w.l(libinit2.o)
    0x08000264   0x08000264   0x00000000   Code   RO         6740    .ARM.Collect$$libinit$$00000023  c_w.l(libinit2.o)
    0x08000264   0x08000264   0x00000000   Code   RO         6742    .ARM.Collect$$libinit$$00000025  c_w.l(libinit2.o)
    0x08000264   0x08000264   0x00000000   Code   RO         6746    .ARM.Collect$$libinit$$0000002C  c_w.l(libinit2.o)
    0x08000264   0x08000264   0x00000000   Code   RO         6748    .ARM.Collect$$libinit$$0000002E  c_w.l(libinit2.o)
    0x08000264   0x08000264   0x00000000   Code   RO         6750    .ARM.Collect$$libinit$$00000030  c_w.l(libinit2.o)
    0x08000264   0x08000264   0x00000000   Code   RO         6752    .ARM.Collect$$libinit$$00000032  c_w.l(libinit2.o)
    0x08000264   0x08000264   0x00000002   Code   RO         6753    .ARM.Collect$$libinit$$00000033  c_w.l(libinit2.o)
    0x08000266   0x08000266   0x00000002   Code   RO         6779    .ARM.Collect$$libshutdown$$00000000  c_w.l(libshutdown.o)
    0x08000268   0x08000268   0x00000000   Code   RO         6806    .ARM.Collect$$libshutdown$$00000002  c_w.l(libshutdown2.o)
    0x08000268   0x08000268   0x00000000   Code   RO         6808    .ARM.Collect$$libshutdown$$00000004  c_w.l(libshutdown2.o)
    0x08000268   0x08000268   0x00000000   Code   RO         6811    .ARM.Collect$$libshutdown$$00000007  c_w.l(libshutdown2.o)
    0x08000268   0x08000268   0x00000000   Code   RO         6814    .ARM.Collect$$libshutdown$$0000000A  c_w.l(libshutdown2.o)
    0x08000268   0x08000268   0x00000000   Code   RO         6816    .ARM.Collect$$libshutdown$$0000000C  c_w.l(libshutdown2.o)
    0x08000268   0x08000268   0x00000000   Code   RO         6819    .ARM.Collect$$libshutdown$$0000000F  c_w.l(libshutdown2.o)
    0x08000268   0x08000268   0x00000002   Code   RO         6820    .ARM.Collect$$libshutdown$$00000010  c_w.l(libshutdown2.o)
    0x0800026a   0x0800026a   0x00000000   Code   RO         6566    .ARM.Collect$$rtentry$$00000000  c_w.l(__rtentry.o)
    0x0800026a   0x0800026a   0x00000000   Code   RO         6651    .ARM.Collect$$rtentry$$00000002  c_w.l(__rtentry2.o)
    0x0800026a   0x0800026a   0x00000006   Code   RO         6663    .ARM.Collect$$rtentry$$00000004  c_w.l(__rtentry4.o)
    0x08000270   0x08000270   0x00000000   Code   RO         6653    .ARM.Collect$$rtentry$$00000009  c_w.l(__rtentry2.o)
    0x08000270   0x08000270   0x00000004   Code   RO         6654    .ARM.Collect$$rtentry$$0000000A  c_w.l(__rtentry2.o)
    0x08000274   0x08000274   0x00000000   Code   RO         6656    .ARM.Collect$$rtentry$$0000000C  c_w.l(__rtentry2.o)
    0x08000274   0x08000274   0x00000008   Code   RO         6657    .ARM.Collect$$rtentry$$0000000D  c_w.l(__rtentry2.o)
    0x0800027c   0x0800027c   0x00000002   Code   RO         6701    .ARM.Collect$$rtexit$$00000000  c_w.l(rtexit.o)
    0x0800027e   0x0800027e   0x00000000   Code   RO         6755    .ARM.Collect$$rtexit$$00000002  c_w.l(rtexit2.o)
    0x0800027e   0x0800027e   0x00000004   Code   RO         6756    .ARM.Collect$$rtexit$$00000003  c_w.l(rtexit2.o)
    0x08000282   0x08000282   0x00000006   Code   RO         6757    .ARM.Collect$$rtexit$$00000004  c_w.l(rtexit2.o)
    0x08000288   0x08000288   0x000000b6   Code   RO         4750    .emb_text           port.o
    0x0800033e   0x0800033e   0x00000002   PAD
    0x08000340   0x08000340   0x00000040   Code   RO          574    .text               startup_stm32f407xx.o
    0x08000380   0x08000380   0x00000002   Code   RO         6431    .text               c_w.l(use_no_semi_2.o)
    0x08000382   0x08000382   0x000000ee   Code   RO         6433    .text               c_w.l(lludivv7m.o)
    0x08000470   0x08000470   0x00000048   Code   RO         6435    .text               c_w.l(llsdiv.o)
    0x080004b8   0x080004b8   0x00000018   Code   RO         6441    .text               c_w.l(noretval__2printf.o)
    0x080004d0   0x080004d0   0x00000028   Code   RO         6443    .text               c_w.l(noretval__2sprintf.o)
    0x080004f8   0x080004f8   0x0000004e   Code   RO         6447    .text               c_w.l(_printf_pad.o)
    0x08000546   0x08000546   0x00000052   Code   RO         6449    .text               c_w.l(_printf_str.o)
    0x08000598   0x08000598   0x00000078   Code   RO         6451    .text               c_w.l(_printf_dec.o)
    0x08000610   0x08000610   0x00000058   Code   RO         6456    .text               c_w.l(_printf_hex_int.o)
    0x08000668   0x08000668   0x00000188   Code   RO         6491    .text               c_w.l(__printf_flags_ss_wp.o)
    0x080007f0   0x080007f0   0x00000058   Code   RO         6500    .text               c_w.l(memcmp.o)
    0x08000848   0x08000848   0x0000008a   Code   RO         6506    .text               c_w.l(rt_memcpy_v6.o)
    0x080008d2   0x080008d2   0x00000010   Code   RO         6508    .text               c_w.l(aeabi_memset.o)
    0x080008e2   0x080008e2   0x0000004e   Code   RO         6510    .text               c_w.l(rt_memclr_w.o)
    0x08000930   0x08000930   0x00000006   Code   RO         6512    .text               c_w.l(heapauxi.o)
    0x08000936   0x08000936   0x00000002   Code   RO         6564    .text               c_w.l(use_no_semi.o)
    0x08000938   0x08000938   0x00000016   Code   RO         6571    .text               c_w.l(_rserrno.o)
    0x0800094e   0x0800094e   0x000000b2   Code   RO         6573    .text               c_w.l(_printf_intcommon.o)
    0x08000a00   0x08000a00   0x00000030   Code   RO         6575    .text               c_w.l(_printf_char_common.o)
    0x08000a30   0x08000a30   0x0000000a   Code   RO         6577    .text               c_w.l(_sputc.o)
    0x08000a3a   0x08000a3a   0x0000002c   Code   RO         6579    .text               c_w.l(_printf_char.o)
    0x08000a66   0x08000a66   0x00000002   PAD
    0x08000a68   0x08000a68   0x00000024   Code   RO         6581    .text               c_w.l(_printf_char_file.o)
    0x08000a8c   0x08000a8c   0x00000064   Code   RO         6584    .text               c_w.l(rt_memcpy_w.o)
    0x08000af0   0x08000af0   0x00000044   Code   RO         6586    .text               c_w.l(rt_memclr.o)
    0x08000b34   0x08000b34   0x00000008   Code   RO         6670    .text               c_w.l(rt_errno_addr_intlibspace.o)
    0x08000b3c   0x08000b3c   0x00000008   Code   RO         6674    .text               c_w.l(ferror.o)
    0x08000b44   0x08000b44   0x00000008   Code   RO         6682    .text               c_w.l(libspace.o)
    0x08000b4c   0x08000b4c   0x0000004a   Code   RO         6685    .text               c_w.l(sys_stackheap_outer.o)
    0x08000b96   0x08000b96   0x00000012   Code   RO         6687    .text               c_w.l(exit.o)
    0x08000ba8   0x08000ba8   0x00000004   Code   RO          263    i.BusFault_Handler  stm32f4xx_it.o
    0x08000bac   0x08000bac   0x00000060   Code   RO         5302    i.DHT11_Check       dht11.o
    0x08000c0c   0x08000c0c   0x00000050   Code   RO         5303    i.DHT11_Init        dht11.o
    0x08000c5c   0x08000c5c   0x0000004c   Code   RO         5304    i.DHT11_Read_Bit    dht11.o
    0x08000ca8   0x08000ca8   0x0000001e   Code   RO         5305    i.DHT11_Read_Byte   dht11.o
    0x08000cc6   0x08000cc6   0x00000058   Code   RO         5306    i.DHT11_Read_Data   dht11.o
    0x08000d1e   0x08000d1e   0x00000002   PAD
    0x08000d20   0x08000d20   0x00000040   Code   RO         5307    i.DHT11_Rst         dht11.o
    0x08000d60   0x08000d60   0x00000002   Code   RO          264    i.DebugMon_Handler  stm32f4xx_it.o
    0x08000d62   0x08000d62   0x00000028   Code   RO         1901    i.HAL_DMA_Abort_IT  stm32f4xx_hal_dma.o
    0x08000d8a   0x08000d8a   0x00000002   PAD
    0x08000d8c   0x08000d8c   0x00000200   Code   RO          907    i.HAL_GPIO_Init     stm32f4xx_hal_gpio.o
    0x08000f8c   0x08000f8c   0x0000000c   Code   RO          911    i.HAL_GPIO_WritePin  stm32f4xx_hal_gpio.o
    0x08000f98   0x08000f98   0x0000000c   Code   RO          593    i.HAL_GetREVID      stm32f4xx_hal.o
    0x08000fa4   0x08000fa4   0x0000000c   Code   RO          594    i.HAL_GetTick       stm32f4xx_hal.o
    0x08000fb0   0x08000fb0   0x00000030   Code   RO          601    i.HAL_Init          stm32f4xx_hal.o
    0x08000fe0   0x08000fe0   0x0000004c   Code   RO          602    i.HAL_InitTick      stm32f4xx_hal.o
    0x0800102c   0x0800102c   0x00000002   Code   RO          449    i.HAL_MspInit       stm32f4xx_hal_msp.o
    0x0800102e   0x0800102e   0x00000020   Code   RO          769    i.HAL_NVIC_EnableIRQ  stm32f4xx_hal_cortex.o
    0x0800104e   0x0800104e   0x0000007c   Code   RO          775    i.HAL_NVIC_SetPriority  stm32f4xx_hal_cortex.o
    0x080010ca   0x080010ca   0x00000002   PAD
    0x080010cc   0x080010cc   0x00000028   Code   RO          776    i.HAL_NVIC_SetPriorityGrouping  stm32f4xx_hal_cortex.o
    0x080010f4   0x080010f4   0x00000180   Code   RO         1145    i.HAL_RCC_ClockConfig  stm32f4xx_hal_rcc.o
    0x08001274   0x08001274   0x000000b0   Code   RO         1154    i.HAL_RCC_GetSysClockFreq  stm32f4xx_hal_rcc.o
    0x08001324   0x08001324   0x00000448   Code   RO         1157    i.HAL_RCC_OscConfig  stm32f4xx_hal_rcc.o
    0x0800176c   0x0800176c   0x00000028   Code   RO          778    i.HAL_SYSTICK_CLKSourceConfig  stm32f4xx_hal_cortex.o
    0x08001794   0x08001794   0x00000034   Code   RO          780    i.HAL_SYSTICK_Config  stm32f4xx_hal_cortex.o
    0x080017c8   0x080017c8   0x00000002   Code   RO         2732    i.HAL_TIMEx_BreakCallback  stm32f4xx_hal_tim_ex.o
    0x080017ca   0x080017ca   0x00000002   Code   RO         2733    i.HAL_TIMEx_CommutCallback  stm32f4xx_hal_tim_ex.o
    0x080017cc   0x080017cc   0x00000034   Code   RO         2046    i.HAL_TIM_Base_Init  stm32f4xx_hal_tim.o
    0x08001800   0x08001800   0x00000048   Code   RO         5088    i.HAL_TIM_Base_MspInit  timer.o
    0x08001848   0x08001848   0x0000002a   Code   RO         2051    i.HAL_TIM_Base_Start_IT  stm32f4xx_hal_tim.o
    0x08001872   0x08001872   0x00000002   Code   RO         2075    i.HAL_TIM_IC_CaptureCallback  stm32f4xx_hal_tim.o
    0x08001874   0x08001874   0x00000196   Code   RO         2089    i.HAL_TIM_IRQHandler  stm32f4xx_hal_tim.o
    0x08001a0a   0x08001a0a   0x00000002   Code   RO         2092    i.HAL_TIM_OC_DelayElapsedCallback  stm32f4xx_hal_tim.o
    0x08001a0c   0x08001a0c   0x00000002   Code   RO         2119    i.HAL_TIM_PWM_PulseFinishedCallback  stm32f4xx_hal_tim.o
    0x08001a0e   0x08001a0e   0x00000002   PAD
    0x08001a10   0x08001a10   0x00000020   Code   RO         5089    i.HAL_TIM_PeriodElapsedCallback  timer.o
    0x08001a30   0x08001a30   0x00000002   Code   RO         2132    i.HAL_TIM_TriggerCallback  stm32f4xx_hal_tim.o
    0x08001a32   0x08001a32   0x00000002   Code   RO         1321    i.HAL_UART_ErrorCallback  stm32f4xx_hal_uart.o
    0x08001a34   0x08001a34   0x0000014c   Code   RO         1324    i.HAL_UART_IRQHandler  stm32f4xx_hal_uart.o
    0x08001b80   0x08001b80   0x000000de   Code   RO         1328    i.HAL_UART_Receive  stm32f4xx_hal_uart.o
    0x08001c5e   0x08001c5e   0x00000002   PAD
    0x08001c60   0x08001c60   0x00000088   Code   RO         4912    i.HAL_UART_RxCpltCallback  usart.o
    0x08001ce8   0x08001ce8   0x00000002   Code   RO         1336    i.HAL_UART_TxCpltCallback  stm32f4xx_hal_uart.o
    0x08001cea   0x08001cea   0x00000004   Code   RO          265    i.HardFault_Handler  stm32f4xx_it.o
    0x08001cee   0x08001cee   0x00000002   PAD
    0x08001cf0   0x08001cf0   0x0000003c   Code   RO         5136    i.I2C_Start         oled.o
    0x08001d2c   0x08001d2c   0x0000002c   Code   RO         5137    i.I2C_Stop          oled.o
    0x08001d58   0x08001d58   0x00000034   Code   RO         5138    i.I2C_WaitAck       oled.o
    0x08001d8c   0x08001d8c   0x00000050   Code   RO         5997    i.IIC_Ack           myiic.o
    0x08001ddc   0x08001ddc   0x0000005c   Code   RO         5998    i.IIC_Init          myiic.o
    0x08001e38   0x08001e38   0x00000050   Code   RO         5999    i.IIC_NAck          myiic.o
    0x08001e88   0x08001e88   0x0000006c   Code   RO         6000    i.IIC_Read_Byte     myiic.o
    0x08001ef4   0x08001ef4   0x00000068   Code   RO         6001    i.IIC_Send_Byte     myiic.o
    0x08001f5c   0x08001f5c   0x0000004c   Code   RO         6002    i.IIC_Start         myiic.o
    0x08001fa8   0x08001fa8   0x0000004c   Code   RO         6003    i.IIC_Stop          myiic.o
    0x08001ff4   0x08001ff4   0x00000060   Code   RO         6004    i.IIC_Wait_Ack      myiic.o
    0x08002054   0x08002054   0x00000010   Code   RO         5139    i.IIC_delay         oled.o
    0x08002064   0x08002064   0x00000084   Code   RO         5012    i.KEY_Init          key.o
    0x080020e8   0x080020e8   0x0000002c   Code   RO         4977    i.LED1_TOGGLE       led.o
    0x08002114   0x08002114   0x0000005c   Code   RO         4978    i.LED_Init          led.o
    0x08002170   0x08002170   0x00000050   Code   RO         5907    i.MPU_Get_Accelerometer  mpu6050.o
    0x080021c0   0x080021c0   0x00000050   Code   RO         5908    i.MPU_Get_Gyroscope  mpu6050.o
    0x08002210   0x08002210   0x0000007a   Code   RO         5910    i.MPU_Init          mpu6050.o
    0x0800228a   0x0800228a   0x0000003a   Code   RO         5911    i.MPU_Read_Byte     mpu6050.o
    0x080022c4   0x080022c4   0x00000074   Code   RO         5912    i.MPU_Read_Len      mpu6050.o
    0x08002338   0x08002338   0x00000010   Code   RO         5913    i.MPU_Set_Accel_Fsr  mpu6050.o
    0x08002348   0x08002348   0x00000010   Code   RO         5914    i.MPU_Set_Gyro_Fsr  mpu6050.o
    0x08002358   0x08002358   0x0000003a   Code   RO         5915    i.MPU_Set_LPF       mpu6050.o
    0x08002392   0x08002392   0x0000003a   Code   RO         5916    i.MPU_Set_Rate      mpu6050.o
    0x080023cc   0x080023cc   0x00000044   Code   RO         5917    i.MPU_Write_Byte    mpu6050.o
    0x08002410   0x08002410   0x00000060   Code   RO         5918    i.MPU_Write_Len     mpu6050.o
    0x08002470   0x08002470   0x00000004   Code   RO          266    i.MemManage_Handler  stm32f4xx_it.o
    0x08002474   0x08002474   0x00000002   Code   RO          267    i.NMI_Handler       stm32f4xx_it.o
    0x08002476   0x08002476   0x00000002   PAD
    0x08002478   0x08002478   0x00000030   Code   RO         5140    i.OLED_Clear        oled.o
    0x080024a8   0x080024a8   0x00000078   Code   RO         5147    i.OLED_DrawPoint    oled.o
    0x08002520   0x08002520   0x0000012c   Code   RO         5148    i.OLED_Init         oled.o
    0x0800264c   0x0800264c   0x00000016   Code   RO         5149    i.OLED_Pow          oled.o
    0x08002662   0x08002662   0x00000002   PAD
    0x08002664   0x08002664   0x00000068   Code   RO         5150    i.OLED_Refresh      oled.o
    0x080026cc   0x080026cc   0x0000013c   Code   RO         5152    i.OLED_ShowChar     oled.o
    0x08002808   0x08002808   0x0000008c   Code   RO         5154    i.OLED_ShowNum      oled.o
    0x08002894   0x08002894   0x0000004a   Code   RO         5156    i.OLED_ShowString   oled.o
    0x080028de   0x080028de   0x00000038   Code   RO         5157    i.OLED_WR_Byte      oled.o
    0x08002916   0x08002916   0x00000002   PAD
    0x08002918   0x08002918   0x00000054   Code   RO         5158    i.Send_Byte         oled.o
    0x0800296c   0x0800296c   0x000000cc   Code   RO         4884    i.Stm32_Clock_Init  sys.o
    0x08002a38   0x08002a38   0x00000010   Code   RO         4839    i.SysTick_Handler   delay.o
    0x08002a48   0x08002a48   0x00000064   Code   RO          324    i.SystemInit        system_stm32f4xx.o
    0x08002aac   0x08002aac   0x00000010   Code   RO         5090    i.TIM3_IRQHandler   timer.o
    0x08002abc   0x08002abc   0x00000044   Code   RO         6063    i.TIM4_IRQHandler   usmart.o
    0x08002b00   0x08002b00   0x000000d8   Code   RO         2134    i.TIM_Base_SetConfig  stm32f4xx_hal_tim.o
    0x08002bd8   0x08002bd8   0x00000060   Code   RO         6064    i.Timer4_Init       usmart.o
    0x08002c38   0x08002c38   0x00000014   Code   RO         1338    i.UART_DMAAbortOnError  stm32f4xx_hal_uart.o
    0x08002c4c   0x08002c4c   0x00000020   Code   RO         1348    i.UART_EndRxTransfer  stm32f4xx_hal_uart.o
    0x08002c6c   0x08002c6c   0x00000020   Code   RO         1349    i.UART_EndTransmit_IT  stm32f4xx_hal_uart.o
    0x08002c8c   0x08002c8c   0x000000a6   Code   RO         1351    i.UART_Receive_IT   stm32f4xx_hal_uart.o
    0x08002d32   0x08002d32   0x00000068   Code   RO         1353    i.UART_Transmit_IT  stm32f4xx_hal_uart.o
    0x08002d9a   0x08002d9a   0x0000006c   Code   RO         1354    i.UART_WaitOnFlagUntilTimeout  stm32f4xx_hal_uart.o
    0x08002e06   0x08002e06   0x00000002   PAD
    0x08002e08   0x08002e08   0x000000a0   Code   RO         4913    i.USART1_IRQHandler  usart.o
    0x08002ea8   0x08002ea8   0x00000004   Code   RO          268    i.UsageFault_Handler  stm32f4xx_it.o
    0x08002eac   0x08002eac   0x00000030   Code   RO         6633    i.__ARM_fpclassify  m_wm.l(fpclassify.o)
    0x08002edc   0x08002edc   0x00000010   Code   RO          782    i.__NVIC_GetPriorityGrouping  stm32f4xx_hal_cortex.o
    0x08002eec   0x08002eec   0x00000028   Code   RO          783    i.__NVIC_SetPriority  stm32f4xx_hal_cortex.o
    0x08002f14   0x08002f14   0x00000004   PAD
    0x08002f18   0x08002f18   0x00000360   Code   RO         6538    i.__hardfp_asin     m_wm.l(asin.o)
    0x08003278   0x08003278   0x000002d8   Code   RO         6599    i.__hardfp_atan     m_wm.l(atan.o)
    0x08003550   0x08003550   0x000001f0   Code   RO         6552    i.__hardfp_atan2    m_wm.l(atan2.o)
    0x08003740   0x08003740   0x000000f8   Code   RO         6635    i.__kernel_poly     m_wm.l(poly.o)
    0x08003838   0x08003838   0x00000014   Code   RO         6614    i.__mathlib_dbl_infnan  m_wm.l(dunder.o)
    0x0800384c   0x0800384c   0x00000014   Code   RO         6615    i.__mathlib_dbl_infnan2  m_wm.l(dunder.o)
    0x08003860   0x08003860   0x00000020   Code   RO         6616    i.__mathlib_dbl_invalid  m_wm.l(dunder.o)
    0x08003880   0x08003880   0x00000020   Code   RO         6619    i.__mathlib_dbl_underflow  m_wm.l(dunder.o)
    0x080038a0   0x080038a0   0x0000000e   Code   RO         6484    i._is_digit         c_w.l(__printf_wp.o)
    0x080038ae   0x080038ae   0x00000004   Code   RO         4914    i._sys_exit         usart.o
    0x080038b2   0x080038b2   0x00000002   PAD
    0x080038b4   0x080038b4   0x000000c0   Code   RO         5359    i.accel_self_test   inv_mpu.o
    0x08003974   0x08003974   0x00000010   Code   RO         6601    i.atan              m_wm.l(atan.o)
    0x08003984   0x08003984   0x00000064   Code   RO         5709    i.decode_gesture    inv_mpu_dmp_motion_driver.o
    0x080039e8   0x080039e8   0x00000044   Code   RO         4840    i.delay_init        delay.o
    0x08003a2c   0x08003a2c   0x00000044   Code   RO         4841    i.delay_ms          delay.o
    0x08003a70   0x08003a70   0x00000048   Code   RO         4842    i.delay_us          delay.o
    0x08003ab8   0x08003ab8   0x0000003c   Code   RO         5710    i.dmp_enable_6x_lp_quat  inv_mpu_dmp_motion_driver.o
    0x08003af4   0x08003af4   0x0000021c   Code   RO         5711    i.dmp_enable_feature  inv_mpu_dmp_motion_driver.o
    0x08003d10   0x08003d10   0x00000058   Code   RO         5712    i.dmp_enable_gyro_cal  inv_mpu_dmp_motion_driver.o
    0x08003d68   0x08003d68   0x0000003c   Code   RO         5713    i.dmp_enable_lp_quat  inv_mpu_dmp_motion_driver.o
    0x08003da4   0x08003da4   0x00000018   Code   RO         5718    i.dmp_load_motion_driver_firmware  inv_mpu_dmp_motion_driver.o
    0x08003dbc   0x08003dbc   0x000001cc   Code   RO         5719    i.dmp_read_fifo     inv_mpu_dmp_motion_driver.o
    0x08003f88   0x08003f88   0x00000130   Code   RO         5722    i.dmp_set_accel_bias  inv_mpu_dmp_motion_driver.o
    0x080040b8   0x080040b8   0x00000070   Code   RO         5723    i.dmp_set_fifo_rate  inv_mpu_dmp_motion_driver.o
    0x08004128   0x08004128   0x00000130   Code   RO         5724    i.dmp_set_gyro_bias  inv_mpu_dmp_motion_driver.o
    0x08004258   0x08004258   0x00000138   Code   RO         5726    i.dmp_set_orientation  inv_mpu_dmp_motion_driver.o
    0x08004390   0x08004390   0x00000038   Code   RO         5729    i.dmp_set_shake_reject_thresh  inv_mpu_dmp_motion_driver.o
    0x080043c8   0x080043c8   0x00000026   Code   RO         5730    i.dmp_set_shake_reject_time  inv_mpu_dmp_motion_driver.o
    0x080043ee   0x080043ee   0x00000026   Code   RO         5731    i.dmp_set_shake_reject_timeout  inv_mpu_dmp_motion_driver.o
    0x08004414   0x08004414   0x00000046   Code   RO         5732    i.dmp_set_tap_axes  inv_mpu_dmp_motion_driver.o
    0x0800445a   0x0800445a   0x00000026   Code   RO         5733    i.dmp_set_tap_count  inv_mpu_dmp_motion_driver.o
    0x08004480   0x08004480   0x000001c0   Code   RO         5734    i.dmp_set_tap_thresh  inv_mpu_dmp_motion_driver.o
    0x08004640   0x08004640   0x00000026   Code   RO         5735    i.dmp_set_tap_time  inv_mpu_dmp_motion_driver.o
    0x08004666   0x08004666   0x00000026   Code   RO         5736    i.dmp_set_tap_time_multi  inv_mpu_dmp_motion_driver.o
    0x0800468c   0x0800468c   0x00000018   Code   RO         6629    i.fabs              m_wm.l(fabs.o)
    0x080046a4   0x080046a4   0x0000001c   Code   RO         4915    i.fputc             usart.o
    0x080046c0   0x080046c0   0x00000030   Code   RO          478    i.freertos_demo     freertos_demo.o
    0x080046f0   0x080046f0   0x000000d0   Code   RO         5360    i.get_accel_prod_shift  inv_mpu.o
    0x080047c0   0x080047c0   0x00000470   Code   RO         5361    i.get_st_biases     inv_mpu.o
    0x08004c30   0x08004c30   0x0000011c   Code   RO         5362    i.gyro_self_test    inv_mpu.o
    0x08004d4c   0x08004d4c   0x00000028   Code   RO         5363    i.inv_orientation_matrix_to_scalar  inv_mpu.o
    0x08004d74   0x08004d74   0x0000004e   Code   RO         5364    i.inv_row_2_scale   inv_mpu.o
    0x08004dc2   0x08004dc2   0x00000034   Code   RO            4    i.main              main.o
    0x08004df6   0x08004df6   0x00000002   Code   RO         5365    i.mget_ms           inv_mpu.o
    0x08004df8   0x08004df8   0x00000070   Code   RO         5366    i.mpu_configure_fifo  inv_mpu.o
    0x08004e68   0x08004e68   0x00000250   Code   RO         5367    i.mpu_dmp_get_data  inv_mpu.o
    0x080050b8   0x080050b8   0x0000009c   Code   RO         5368    i.mpu_dmp_init      inv_mpu.o
    0x08005154   0x08005154   0x0000004c   Code   RO         5369    i.mpu_get_accel_fsr  inv_mpu.o
    0x080051a0   0x080051a0   0x00000054   Code   RO         5371    i.mpu_get_accel_sens  inv_mpu.o
    0x080051f4   0x080051f4   0x00000010   Code   RO         5376    i.mpu_get_fifo_config  inv_mpu.o
    0x08005204   0x08005204   0x00000044   Code   RO         5377    i.mpu_get_gyro_fsr  inv_mpu.o
    0x08005248   0x08005248   0x00000060   Code   RO         5379    i.mpu_get_gyro_sens  inv_mpu.o
    0x080052a8   0x080052a8   0x00000050   Code   RO         5381    i.mpu_get_lpf       inv_mpu.o
    0x080052f8   0x080052f8   0x00000020   Code   RO         5383    i.mpu_get_sample_rate  inv_mpu.o
    0x08005318   0x08005318   0x000001f0   Code   RO         5385    i.mpu_init          inv_mpu.o
    0x08005508   0x08005508   0x000000b8   Code   RO         5386    i.mpu_load_firmware  inv_mpu.o
    0x080055c0   0x080055c0   0x000000e0   Code   RO         5387    i.mpu_lp_accel_mode  inv_mpu.o
    0x080056a0   0x080056a0   0x000000c0   Code   RO         5390    i.mpu_read_fifo_stream  inv_mpu.o
    0x08005760   0x08005760   0x00000080   Code   RO         5391    i.mpu_read_mem      inv_mpu.o
    0x080057e0   0x080057e0   0x000001c8   Code   RO         5394    i.mpu_reset_fifo    inv_mpu.o
    0x080059a8   0x080059a8   0x0000011c   Code   RO         5395    i.mpu_run_self_test  inv_mpu.o
    0x08005ac4   0x08005ac4   0x00000084   Code   RO         5397    i.mpu_set_accel_fsr  inv_mpu.o
    0x08005b48   0x08005b48   0x0000014c   Code   RO         5398    i.mpu_set_bypass    inv_mpu.o
    0x08005c94   0x08005c94   0x00000090   Code   RO         5400    i.mpu_set_dmp_state  inv_mpu.o
    0x08005d24   0x08005d24   0x00000088   Code   RO         5401    i.mpu_set_gyro_fsr  inv_mpu.o
    0x08005dac   0x08005dac   0x0000006c   Code   RO         5402    i.mpu_set_int_latched  inv_mpu.o
    0x08005e18   0x08005e18   0x00000084   Code   RO         5404    i.mpu_set_lpf       inv_mpu.o
    0x08005e9c   0x08005e9c   0x0000009c   Code   RO         5405    i.mpu_set_sample_rate  inv_mpu.o
    0x08005f38   0x08005f38   0x000000d0   Code   RO         5406    i.mpu_set_sensors   inv_mpu.o
    0x08006008   0x08006008   0x00000080   Code   RO         5407    i.mpu_write_mem     inv_mpu.o
    0x08006088   0x08006088   0x00000098   Code   RO         4175    i.prvAddCurrentTaskToDelayedList  tasks.o
    0x08006120   0x08006120   0x000000b8   Code   RO         4176    i.prvAddNewTaskToReadyList  tasks.o
    0x080061d8   0x080061d8   0x00000064   Code   RO         4547    i.prvCheckForValidListAndQueue  timers.o
    0x0800623c   0x0800623c   0x00000064   Code   RO         4177    i.prvCheckTasksWaitingTermination  tasks.o
    0x080062a0   0x080062a0   0x0000002a   Code   RO         3927    i.prvCopyDataFromQueue  queue.o
    0x080062ca   0x080062ca   0x0000007c   Code   RO         3928    i.prvCopyDataToQueue  queue.o
    0x08006346   0x08006346   0x00000012   Code   RO         4178    i.prvDeleteTCB      tasks.o
    0x08006358   0x08006358   0x00000028   Code   RO         4548    i.prvGetNextExpireTime  timers.o
    0x08006380   0x08006380   0x0000007c   Code   RO         4689    i.prvHeapInit       heap_4.o
    0x080063fc   0x080063fc   0x00000028   Code   RO         4179    i.prvIdleTask       tasks.o
    0x08006424   0x08006424   0x0000002e   Code   RO         3930    i.prvInitialiseNewQueue  queue.o
    0x08006452   0x08006452   0x00000002   PAD
    0x08006454   0x08006454   0x000000d0   Code   RO         4180    i.prvInitialiseNewTask  tasks.o
    0x08006524   0x08006524   0x00000068   Code   RO         4181    i.prvInitialiseTaskLists  tasks.o
    0x0800658c   0x0800658c   0x00000068   Code   RO         4690    i.prvInsertBlockIntoFreeList  heap_4.o
    0x080065f4   0x080065f4   0x00000058   Code   RO         4550    i.prvInsertTimerInActiveList  timers.o
    0x0800664c   0x0800664c   0x0000001a   Code   RO         3931    i.prvIsQueueEmpty   queue.o
    0x08006666   0x08006666   0x0000001e   Code   RO         3932    i.prvIsQueueFull    queue.o
    0x08006684   0x08006684   0x000000a0   Code   RO         3933    i.prvNotifyQueueSetContainer  queue.o
    0x08006724   0x08006724   0x00000080   Code   RO         4551    i.prvProcessExpiredTimer  timers.o
    0x080067a4   0x080067a4   0x0000012c   Code   RO         4552    i.prvProcessReceivedCommands  timers.o
    0x080068d0   0x080068d0   0x00000074   Code   RO         4553    i.prvProcessTimerOrBlockTask  timers.o
    0x08006944   0x08006944   0x00000034   Code   RO         4183    i.prvResetNextTaskUnblockTime  tasks.o
    0x08006978   0x08006978   0x0000002c   Code   RO         4554    i.prvSampleTimeNow  timers.o
    0x080069a4   0x080069a4   0x000000bc   Code   RO         4555    i.prvSwitchTimerLists  timers.o
    0x08006a60   0x08006a60   0x00000074   Code   RO         4751    i.prvTaskExitError  port.o
    0x08006ad4   0x08006ad4   0x0000001a   Code   RO         4556    i.prvTimerTask      timers.o
    0x08006aee   0x08006aee   0x00000092   Code   RO         3934    i.prvUnlockQueue    queue.o
    0x08006b80   0x08006b80   0x00000154   Code   RO         4691    i.pvPortMalloc      heap_4.o
    0x08006cd4   0x08006cd4   0x00000020   Code   RO         4187    i.pvTaskIncrementMutexHeldCount  tasks.o
    0x08006cf4   0x08006cf4   0x0000002c   Code   RO         4752    i.pxPortInitialiseStack  port.o
    0x08006d20   0x08006d20   0x00000006   Code   RO         6065    i.read_addr         usmart.o
    0x08006d26   0x08006d26   0x0000009a   Code   RO         5408    i.run_self_test     inv_mpu.o
    0x08006dc0   0x08006dc0   0x00000090   Code   RO         5409    i.set_int_enable    inv_mpu.o
    0x08006e50   0x08006e50   0x0000006e   Code   RO         6640    i.sqrt              m_wm.l(sqrt.o)
    0x08006ebe   0x08006ebe   0x00000002   PAD
    0x08006ec0   0x08006ec0   0x00000080   Code   RO          479    i.start_task        freertos_demo.o
    0x08006f40   0x08006f40   0x000000ac   Code   RO          480    i.task1             freertos_demo.o
    0x08006fec   0x08006fec   0x00000010   Code   RO          481    i.task2             freertos_demo.o
    0x08006ffc   0x08006ffc   0x000000f8   Code   RO          482    i.task3             freertos_demo.o
    0x080070f4   0x080070f4   0x000000b0   Code   RO         6066    i.usmart_cmd_rec    usmart.o
    0x080071a4   0x080071a4   0x000002d4   Code   RO         6067    i.usmart_exe        usmart.o
    0x08007478   0x08007478   0x000000d4   Code   RO         6152    i.usmart_get_aparm  usmart_str.o
    0x0800754c   0x0800754c   0x00000036   Code   RO         6153    i.usmart_get_cmdname  usmart_str.o
    0x08007582   0x08007582   0x00000002   PAD
    0x08007584   0x08007584   0x000001c0   Code   RO         6154    i.usmart_get_fname  usmart_str.o
    0x08007744   0x08007744   0x0000010c   Code   RO         6155    i.usmart_get_fparam  usmart_str.o
    0x08007850   0x08007850   0x00000020   Code   RO         6156    i.usmart_get_parmpos  usmart_str.o
    0x08007870   0x08007870   0x00000044   Code   RO         6068    i.usmart_get_runtime  usmart.o
    0x080078b4   0x080078b4   0x00000028   Code   RO         6069    i.usmart_init       usmart.o
    0x080078dc   0x080078dc   0x00000016   Code   RO         6157    i.usmart_pow        usmart_str.o
    0x080078f2   0x080078f2   0x00000002   PAD
    0x080078f4   0x080078f4   0x00000034   Code   RO         6070    i.usmart_reset_runtime  usmart.o
    0x08007928   0x08007928   0x000000bc   Code   RO         6071    i.usmart_scan       usmart.o
    0x080079e4   0x080079e4   0x00000016   Code   RO         6158    i.usmart_search_nextc  usmart_str.o
    0x080079fa   0x080079fa   0x00000106   Code   RO         6159    i.usmart_str2num    usmart_str.o
    0x08007b00   0x08007b00   0x00000022   Code   RO         6160    i.usmart_strcmp     usmart_str.o
    0x08007b22   0x08007b22   0x00000016   Code   RO         6161    i.usmart_strcopy    usmart_str.o
    0x08007b38   0x08007b38   0x00000018   Code   RO         6162    i.usmart_strlen     usmart_str.o
    0x08007b50   0x08007b50   0x000006f4   Code   RO         6072    i.usmart_sys_cmd_exe  usmart.o
    0x08008244   0x08008244   0x00000028   Code   RO         3878    i.uxListRemove      list.o
    0x0800826c   0x0800826c   0x0000001a   Code   RO         3879    i.vListInitialise   list.o
    0x08008286   0x08008286   0x00000006   Code   RO         3880    i.vListInitialiseItem  list.o
    0x0800828c   0x0800828c   0x00000034   Code   RO         3881    i.vListInsert       list.o
    0x080082c0   0x080082c0   0x00000018   Code   RO         3882    i.vListInsertEnd    list.o
    0x080082d8   0x080082d8   0x00000088   Code   RO         4754    i.vPortEnterCritical  port.o
    0x08008360   0x08008360   0x00000070   Code   RO         4755    i.vPortExitCritical  port.o
    0x080083d0   0x080083d0   0x000000b8   Code   RO         4692    i.vPortFree         heap_4.o
    0x08008488   0x08008488   0x00000020   Code   RO         4756    i.vPortSetupTimerInterrupt  port.o
    0x080084a8   0x080084a8   0x000000a0   Code   RO         4757    i.vPortValidateInterruptPriority  port.o
    0x08008548   0x08008548   0x0000002c   Code   RO         3940    i.vQueueAddToRegistry  queue.o
    0x08008574   0x08008574   0x0000004a   Code   RO         3944    i.vQueueWaitForMessageRestricted  queue.o
    0x080085be   0x080085be   0x00000002   PAD
    0x080085c0   0x080085c0   0x00000074   Code   RO         4195    i.vTaskDelay        tasks.o
    0x08008634   0x08008634   0x0000010c   Code   RO         4197    i.vTaskDelete       tasks.o
    0x08008740   0x08008740   0x0000000c   Code   RO         4201    i.vTaskMissedYield  tasks.o
    0x0800874c   0x0800874c   0x00000054   Code   RO         4203    i.vTaskPlaceOnEventList  tasks.o
    0x080087a0   0x080087a0   0x0000005c   Code   RO         4204    i.vTaskPlaceOnEventListRestricted  tasks.o
    0x080087fc   0x080087fc   0x000000b0   Code   RO         4206    i.vTaskPriorityInherit  tasks.o
    0x080088ac   0x080088ac   0x0000004c   Code   RO         4210    i.vTaskSetTimeOutState  tasks.o
    0x080088f8   0x080088f8   0x000000ac   Code   RO         4211    i.vTaskStartScheduler  tasks.o
    0x080089a4   0x080089a4   0x00000010   Code   RO         4213    i.vTaskSuspendAll   tasks.o
    0x080089b4   0x080089b4   0x000000a8   Code   RO         4214    i.vTaskSwitchContext  tasks.o
    0x08008a5c   0x08008a5c   0x00000004   Code   RO         6073    i.write_addr        usmart.o
    0x08008a60   0x08008a60   0x0000015c   Code   RO         4758    i.xPortStartScheduler  port.o
    0x08008bbc   0x08008bbc   0x00000034   Code   RO         4759    i.xPortSysTickHandler  port.o
    0x08008bf0   0x08008bf0   0x00000074   Code   RO         3949    i.xQueueGenericCreate  queue.o
    0x08008c64   0x08008c64   0x000001c8   Code   RO         3950    i.xQueueGenericReceive  queue.o
    0x08008e2c   0x08008e2c   0x000000b0   Code   RO         3951    i.xQueueGenericReset  queue.o
    0x08008edc   0x08008edc   0x000001c4   Code   RO         3952    i.xQueueGenericSend  queue.o
    0x080090a0   0x080090a0   0x00000110   Code   RO         3953    i.xQueueGenericSendFromISR  queue.o
    0x080091b0   0x080091b0   0x000000a0   Code   RO         4215    i.xTaskCheckForTimeOut  tasks.o
    0x08009250   0x08009250   0x00000060   Code   RO         4216    i.xTaskCreate       tasks.o
    0x080092b0   0x080092b0   0x00000020   Code   RO         4220    i.xTaskGetSchedulerState  tasks.o
    0x080092d0   0x080092d0   0x0000000c   Code   RO         4221    i.xTaskGetTickCount  tasks.o
    0x080092dc   0x080092dc   0x00000160   Code   RO         4223    i.xTaskIncrementTick  tasks.o
    0x0800943c   0x0800943c   0x000000d8   Code   RO         4226    i.xTaskPriorityDisinherit  tasks.o
    0x08009514   0x08009514   0x000000b4   Code   RO         4227    i.xTaskRemoveFromEventList  tasks.o
    0x080095c8   0x080095c8   0x00000120   Code   RO         4229    i.xTaskResumeAll    tasks.o
    0x080096e8   0x080096e8   0x00000074   Code   RO         4560    i.xTimerCreateTimerTask  timers.o
    0x0800975c   0x0800975c   0x000000a4   Code   RO         4561    i.xTimerGenericCommand  timers.o
    0x08009800   0x08009800   0x00000018   Code   RO         6588    x$fpl$basic         fz_wm.l(basic.o)
    0x08009818   0x08009818   0x00000062   Code   RO         6516    x$fpl$d2f           fz_wm.l(d2f.o)
    0x0800987a   0x0800987a   0x00000002   PAD
    0x0800987c   0x0800987c   0x00000150   Code   RO         6518    x$fpl$dadd          fz_wm.l(daddsub_clz.o)
    0x080099cc   0x080099cc   0x000002b0   Code   RO         6525    x$fpl$ddiv          fz_wm.l(ddiv.o)
    0x08009c7c   0x08009c7c   0x00000154   Code   RO         6534    x$fpl$dmul          fz_wm.l(dmul.o)
    0x08009dd0   0x08009dd0   0x0000009c   Code   RO         6590    x$fpl$dnaninf       fz_wm.l(dnaninf.o)
    0x08009e6c   0x08009e6c   0x0000000c   Code   RO         6592    x$fpl$dretinf       fz_wm.l(dretinf.o)
    0x08009e78   0x08009e78   0x00000016   Code   RO         6519    x$fpl$drsb          fz_wm.l(daddsub_clz.o)
    0x08009e8e   0x08009e8e   0x00000002   PAD
    0x08009e90   0x08009e90   0x00000198   Code   RO         6680    x$fpl$dsqrt         fz_wm.l(dsqrt_umaal.o)
    0x0800a028   0x0800a028   0x000001d4   Code   RO         6520    x$fpl$dsub          fz_wm.l(daddsub_clz.o)
    0x0800a1fc   0x0800a1fc   0x00000056   Code   RO         6536    x$fpl$f2d           fz_wm.l(f2d.o)
    0x0800a252   0x0800a252   0x0000008c   Code   RO         6594    x$fpl$fnaninf       fz_wm.l(fnaninf.o)
    0x0800a2de   0x0800a2de   0x0000000a   Code   RO         6767    x$fpl$fpinit        fz_wm.l(fpinit.o)
    0x0800a2e8   0x0800a2e8   0x0000000a   Code   RO         6596    x$fpl$fretinf       fz_wm.l(fretinf.o)
    0x0800a2f2   0x0800a2f2   0x00000000   Code   RO         6598    x$fpl$usenofp       fz_wm.l(usenofp.o)
    0x0800a2f2   0x0800a2f2   0x00000018   Data   RO          325    .constdata          system_stm32f4xx.o
    0x0800a30a   0x0800a30a   0x00001e10   Data   RO         5160    .constdata          oled.o
    0x0800c11a   0x0800c11a   0x00000002   PAD
    0x0800c11c   0x0800c11c   0x00000050   Data   RO         5411    .constdata          inv_mpu.o
    0x0800c16c   0x0800c16c   0x00000bf6   Data   RO         5738    .constdata          inv_mpu_dmp_motion_driver.o
    0x0800cd62   0x0800cd62   0x00000028   Data   RO         6457    .constdata          c_w.l(_printf_hex_int.o)
    0x0800cd8a   0x0800cd8a   0x00000011   Data   RO         6492    .constdata          c_w.l(__printf_flags_ss_wp.o)
    0x0800cd9b   0x0800cd9b   0x00000005   PAD
    0x0800cda0   0x0800cda0   0x00000050   Data   RO         6541    .constdata          m_wm.l(asin.o)
    0x0800cdf0   0x0800cdf0   0x00000098   Data   RO         6602    .constdata          m_wm.l(atan.o)
    0x0800ce88   0x0800ce88   0x00000008   Data   RO         6637    .constdata          m_wm.l(qnan.o)
    0x0800ce90   0x0800ce90   0x0000004d   Data   RO         5412    .conststring        inv_mpu.o
    0x0800cedd   0x0800cedd   0x00000003   PAD
    0x0800cee0   0x0800cee0   0x00000028   Data   RO         6075    .conststring        usmart.o
    0x0800cf08   0x0800cf08   0x0000006b   Data   RO         6236    .conststring        usmart_config.o
    0x0800cf73   0x0800cf73   0x00000001   PAD
    0x0800cf74   0x0800cf74   0x00000020   Data   RO         6821    Region$$Table       anon$$obj.o


    Execution Region RW_IRAM1 (Exec base: 0x20000000, Load base: 0x0800cf94, Size: 0x000039d0, Max: 0x00020000, ABSOLUTE, COMPRESSED[0x00000068])

    Exec Addr    Load Addr    Size         Type   Attr      Idx    E Section Name        Object

    0x20000000   COMPRESSED   0x00000004   Data   RW          326    .data               system_stm32f4xx.o
    0x20000004   COMPRESSED   0x00000010   Data   RW          483    .data               freertos_demo.o
    0x20000014   COMPRESSED   0x00000009   Data   RW          608    .data               stm32f4xx_hal.o
    0x2000001d   COMPRESSED   0x00000003   PAD
    0x20000020   COMPRESSED   0x0000003c   Data   RW         4232    .data               tasks.o
    0x2000005c   COMPRESSED   0x00000014   Data   RW         4569    .data               timers.o
    0x20000070   COMPRESSED   0x00000018   Data   RW         4697    .data               heap_4.o
    0x20000088   COMPRESSED   0x0000000c   Data   RW         4760    .data               port.o
    0x20000094   COMPRESSED   0x00000006   Data   RW         4843    .data               delay.o
    0x2000009a   COMPRESSED   0x00000002   PAD
    0x2000009c   COMPRESSED   0x00000007   Data   RW         4918    .data               usart.o
    0x200000a3   COMPRESSED   0x00000001   PAD
    0x200000a4   COMPRESSED   0x00000035   Data   RW         5413    .data               inv_mpu.o
    0x200000d9   COMPRESSED   0x00000003   PAD
    0x200000dc   COMPRESSED   0x0000001c   Data   RW         6076    .data               usmart.o
    0x200000f8   COMPRESSED   0x00000114   Data   RW         6237    .data               usmart_config.o
    0x2000020c        -       0x00000040   Zero   RW         3964    .bss                queue.o
    0x2000024c        -       0x000002e4   Zero   RW         4231    .bss                tasks.o
    0x20000530        -       0x00000028   Zero   RW         4568    .bss                timers.o
    0x20000558        -       0x00002800   Zero   RW         4696    .bss                heap_4.o
    0x20002d58        -       0x00000108   Zero   RW         4917    .bss                usart.o
    0x20002e60        -       0x00000040   Zero   RW         5092    .bss                timer.o
    0x20002ea0        -       0x00000480   Zero   RW         5159    .bss                oled.o
    0x20003320        -       0x00000010   Zero   RW         5737    .bss                inv_mpu_dmp_motion_driver.o
    0x20003330        -       0x00000040   Zero   RW         6074    .bss                usmart.o
    0x20003370        -       0x00000060   Zero   RW         6683    .bss                c_w.l(libspace.o)
    0x200033d0        -       0x00000200   Zero   RW          572    HEAP                startup_stm32f407xx.o
    0x200035d0        -       0x00000400   Zero   RW          571    STACK               startup_stm32f407xx.o



  Load Region LR$$.ARM.__AT_0x10000000 (Base: 0x10000000, Size: 0x00000000, Max: 0x0000f000, ABSOLUTE)

    Execution Region ER$$.ARM.__AT_0x10000000 (Exec base: 0x10000000, Load base: 0x10000000, Size: 0x0000f000, Max: 0x0000f000, ABSOLUTE, UNINIT)

    Exec Addr    Load Addr    Size         Type   Attr      Idx    E Section Name        Object

    0x10000000        -       0x0000f000   Zero   RW         6270    .ARM.__AT_0x10000000  malloc.o



  Load Region LR$$.ARM.__AT_0x1000F000 (Base: 0x1000f000, Size: 0x00000000, Max: 0x00000f00, ABSOLUTE)

    Execution Region ER$$.ARM.__AT_0x1000F000 (Exec base: 0x1000f000, Load base: 0x1000f000, Size: 0x00000f00, Max: 0x00000f00, ABSOLUTE, UNINIT)

    Exec Addr    Load Addr    Size         Type   Attr      Idx    E Section Name        Object

    0x1000f000        -       0x00000f00   Zero   RW         6271    .ARM.__AT_0x1000F000  malloc.o



  Load Region LR$$.ARM.__AT_0x68000000 (Base: 0x68000000, Size: 0x00000000, Max: 0x000f0000, ABSOLUTE)

    Execution Region ER$$.ARM.__AT_0x68000000 (Exec base: 0x68000000, Load base: 0x68000000, Size: 0x000f0000, Max: 0x000f0000, ABSOLUTE, UNINIT)

    Exec Addr    Load Addr    Size         Type   Attr      Idx    E Section Name        Object

    0x68000000        -       0x000f0000   Zero   RW         6272    .ARM.__AT_0x68000000  malloc.o



  Load Region LR$$.ARM.__AT_0x680F0000 (Base: 0x680f0000, Size: 0x00000000, Max: 0x0000f000, ABSOLUTE)

    Execution Region ER$$.ARM.__AT_0x680F0000 (Exec base: 0x680f0000, Load base: 0x680f0000, Size: 0x0000f000, Max: 0x0000f000, ABSOLUTE, UNINIT)

    Exec Addr    Load Addr    Size         Type   Attr      Idx    E Section Name        Object

    0x680f0000        -       0x0000f000   Zero   RW         6273    .ARM.__AT_0x680F0000  malloc.o


==============================================================================

Image component sizes


      Code (inc. data)   RO Data    RW Data    ZI Data      Debug   Object Name

       224         20          0          6          0       2481   delay.o
       434         36          0          0          0       4060   dht11.o
         0          0          0          0          0      11736   event_groups.o
       612        120          0         16          0      13200   freertos_demo.o
       752        176          0         24      10240       3935   heap_4.o
      6990        328        157         53          0      32504   inv_mpu.o
      3128        138       3062          0         16      21406   inv_mpu_dmp_motion_driver.o
       132         14          0          0          0        943   key.o
       136         14          0          0          0       1373   led.o
       148          0          0          0          0       3178   list.o
        52          0          0          0          0     691019   main.o
         0          0          0          0    1109760       1750   malloc.o
       768          0          0          0          0       7935   mpu6050.o
       712        112          0          0          0       4854   myiic.o
      1436         62       7696          0       1152      10429   oled.o
      1182        396          0         12          0      10785   port.o
      2164        238          0          0         64      15693   queue.o
        64         26        392          0       1536        828   startup_stm32f407xx.o
       148         26          0          9          0       3934   stm32f4xx_hal.o
       344         22          0          0          0      34941   stm32f4xx_hal_cortex.o
        40          0          0          0          0       1127   stm32f4xx_hal_dma.o
       524         46          0          0          0       2300   stm32f4xx_hal_gpio.o
         2          0          0          0          0        442   stm32f4xx_hal_msp.o
      1656         58          0          0          0       3804   stm32f4xx_hal_rcc.o
       724         46          0          0          0       5755   stm32f4xx_hal_tim.o
         4          0          0          0          0       1565   stm32f4xx_hal_tim_ex.o
      1020          4          0          0          0       7700   stm32f4xx_hal_uart.o
        20          0          0          0          0       2669   stm32f4xx_it.o
       204         14          0          0          0       1223   sys.o
       100         18         24          4          0       1079   system_stm32f4xx.o
      3406        878          0         60        740      29255   tasks.o
       120         24          0          0         64       2172   timer.o
      1310        312          0         20         40       8735   timers.o
       328         36          0          7        264       4210   usart.o
      3202       1354         40         28         64       7835   usmart.o
         0          0        107        276          0       1488   usmart_config.o
      1400         20          0          0          0       8929   usmart_str.o

    ----------------------------------------------------------------------
     33522       4542      11516        524    1123940     967272   Object Totals
         0          0         32          0          0          0   (incl. Generated)
        36          4          6          9          0          0   (incl. Padding)

    ----------------------------------------------------------------------

      Code (inc. data)   RO Data    RW Data    ZI Data      Debug   Library Member Name

        90          0          0          0          0          0   __dczerorl2.o
         8          0          0          0          0         68   __main.o
       392          4         17          0          0         92   __printf_flags_ss_wp.o
        14          0          0          0          0         68   __printf_wp.o
         0          0          0          0          0          0   __rtentry.o
        12          0          0          0          0          0   __rtentry2.o
         6          0          0          0          0          0   __rtentry4.o
        52          8          0          0          0          0   __scatter.o
        28          0          0          0          0          0   __scatter_zi.o
         6          0          0          0          0          0   _printf_c.o
        44          0          0          0          0        108   _printf_char.o
        48          6          0          0          0         96   _printf_char_common.o
        36          4          0          0          0         80   _printf_char_file.o
         6          0          0          0          0          0   _printf_d.o
       120         16          0          0          0         92   _printf_dec.o
        88          4         40          0          0         88   _printf_hex_int.o
       178          0          0          0          0         88   _printf_intcommon.o
        78          0          0          0          0        108   _printf_pad.o
         0          0          0          0          0          0   _printf_percent.o
         4          0          0          0          0          0   _printf_percent_end.o
         6          0          0          0          0          0   _printf_s.o
        82          0          0          0          0         80   _printf_str.o
         6          0          0          0          0          0   _printf_u.o
         6          0          0          0          0          0   _printf_x.o
        22          0          0          0          0        100   _rserrno.o
        10          0          0          0          0         68   _sputc.o
        16          0          0          0          0         68   aeabi_memset.o
        18          0          0          0          0         80   exit.o
         8          0          0          0          0         68   ferror.o
         6          0          0          0          0        152   heapauxi.o
         2          0          0          0          0          0   libinit.o
         6          0          0          0          0          0   libinit2.o
         2          0          0          0          0          0   libshutdown.o
         2          0          0          0          0          0   libshutdown2.o
         8          4          0          0         96         68   libspace.o
        72          0          0          0          0         76   llsdiv.o
       238          0          0          0          0        100   lludivv7m.o
        88          0          0          0          0         76   memcmp.o
        24          4          0          0          0         84   noretval__2printf.o
        40          6          0          0          0         84   noretval__2sprintf.o
         8          4          0          0          0         68   rt_errno_addr_intlibspace.o
        68          0          0          0          0         68   rt_memclr.o
        78          0          0          0          0         80   rt_memclr_w.o
       138          0          0          0          0         68   rt_memcpy_v6.o
       100          0          0          0          0         80   rt_memcpy_w.o
         2          0          0          0          0          0   rtexit.o
        10          0          0          0          0          0   rtexit2.o
        74          0          0          0          0         80   sys_stackheap_outer.o
         2          0          0          0          0         68   use_no_semi.o
         2          0          0          0          0         68   use_no_semi_2.o
        24          0          0          0          0        164   basic.o
        98          4          0          0          0        140   d2f.o
       826         16          0          0          0        492   daddsub_clz.o
       688        140          0          0          0        256   ddiv.o
       340         12          0          0          0        152   dmul.o
       156          4          0          0          0        140   dnaninf.o
        12          0          0          0          0        116   dretinf.o
       408         56          0          0          0        168   dsqrt_umaal.o
        86          4          0          0          0        132   f2d.o
       140          4          0          0          0        132   fnaninf.o
        10          0          0          0          0        116   fpinit.o
        10          0          0          0          0        116   fretinf.o
         0          0          0          0          0          0   usenofp.o
       864         94         80          0          0        280   asin.o
       744        106        152          0          0        352   atan.o
       496         64          0          0          0        192   atan2.o
       104         16          0          0          0        496   dunder.o
        24          0          0          0          0        124   fabs.o
        48          0          0          0          0        124   fpclassify.o
       248          0          0          0          0        152   poly.o
         0          0          8          0          0          0   qnan.o
       110          0          0          0          0        148   sqrt.o

    ----------------------------------------------------------------------
      7800        580        302          0         96       6564   Library Totals
        10          0          5          0          0          0   (incl. Padding)

    ----------------------------------------------------------------------

      Code (inc. data)   RO Data    RW Data    ZI Data      Debug   Library Name

      2354         60         57          0         96       2572   c_w.l
      2798        240          0          0          0       2124   fz_wm.l
      2638        280        240          0          0       1868   m_wm.l

    ----------------------------------------------------------------------
      7800        580        302          0         96       6564   Library Totals

    ----------------------------------------------------------------------

==============================================================================


      Code (inc. data)   RO Data    RW Data    ZI Data      Debug   

     41322       5122      11818        524    1124036     945532   Grand Totals
     41322       5122      11818        104    1124036     945532   ELF Image Totals (compressed)
     41322       5122      11818        104          0          0   ROM Totals

==============================================================================

    Total RO  Size (Code + RO Data)                53140 (  51.89kB)
    Total RW  Size (RW Data + ZI Data)           1124560 (1098.20kB)
    Total ROM Size (Code + RO Data + RW Data)      53244 (  52.00kB)

==============================================================================

