<html>
<body>
<pre>
<h1>µVision Build Log</h1>
<h2>Tool Versions:</h2>
IDE-Version: ¦ÌVision V5.25.3.0
Copyright (C) 2018 ARM Ltd and ARM Germany GmbH. All rights reserved.
License Information: A YM, A, LIC=9WSKC-7FVGN-FWU2N-YXJPR-XCRLU-ZJJ4Z
 
Tool Versions:
Toolchain:       MDK-ARM Plus  Version: 5.18
Toolchain Path:  D:\Program_Files\KEIL\ARM\ARMCC\Bin
C Compiler:      Armcc.exe V5.06 update 1 (build 61)
Assembler:       Armasm.exe V5.06 update 1 (build 61)
Linker/Locator:  ArmLink.exe V5.06 update 1 (build 61)
Library Manager: ArmAr.exe V5.06 update 1 (build 61)
Hex Converter:   FromElf.exe V5.06 update 1 (build 61)
CPU DLL:         SARMCM3.DLL V5.18
Dialog DLL:      DCM.DLL V1.13.6.0
Target DLL:      STLink\ST-LINKIII-KEIL_SWO.dll V2.0.18.0
Dialog DLL:      TCM.DLL V1.14.8.0
 
<h2>Project:</h2>
D:\board\keil mdk project\4-27-RFID\stm32-example-code-07-rfid-rc522-master\USER\RC522.uvprojx
Project File Date:  04/30/2025

<h2>Output:</h2>
*** Using Compiler 'V5.06 update 1 (build 61)', folder: 'D:\Program_Files\KEIL\ARM\ARMCC\Bin'
Build target 'USART'
compiling Allinit.c...
..\HARDWARE\Init\Allinit.c(22): warning:  #223-D: function "OLED_Init" declared implicitly
  		OLED_Init(); 
..\HARDWARE\Init\Allinit.c(23): warning:  #223-D: function "OLED_ShowString" declared implicitly
  		OLED_ShowString(1, 1, "libarary");
..\HARDWARE\Init\Allinit.c(47): warning:  #223-D: function "OLED_ShowNum" declared implicitly
  		OLED_ShowNum(2, 7, (uint32_t)temp, 2);
..\HARDWARE\Init\Allinit.c(59): warning:  #223-D: function "millis" declared implicitly
      uint32_t now = millis();
..\HARDWARE\Init\Allinit.c: 4 warnings, 0 errors
linking...
Program Size: Code=23830 RO-data=2410 RW-data=104 ZI-data=2144  
FromELF: creating hex file...
"..\OBJ\OLED_096.axf" - 0 Error(s), 4 Warning(s).

<h2>Software Packages used:</h2>

Package Vendor: Keil
                http://www.keil.com/pack/Keil.STM32F1xx_DFP.2.2.0.pack
                Keil.STM32F1xx_DFP.2.2.0
                STMicroelectronics STM32F1 Series Device Support, Drivers and Examples

<h2>Collection of Component include folders:</h2>
  .\RTE\_USART
  D:\Program_Files\KEIL\ARM\PACK\Keil\STM32F1xx_DFP\2.2.0\Device\Include

<h2>Collection of Component Files used:</h2>
Build Time Elapsed:  00:00:02
</pre>
</body>
</html>
